04-11 10:25:41.942 16508 16508 D |MDM3.3-Log_GatewayImpl|: (DevicePolicyManagerGatewayImpl.java:807) setLockTaskPackages([com.easycontrol.emm, com.android.settings, com.android.phone, android, com.emoji.keyboard.touchpal.customization, com.android.incallui, com.android.server.telecom, com.android.dialer, com.android.htcdialer, com.google.android.dialer, com.asus.asusincallui, com.device.lespago])
04-11 10:25:42.167 16508 16746 D |MDM3.3-Log_LogInterceptor|: (LogInterceptor.java:38) ----------Request Start----------
04-11 10:25:42.167 16508 16746 D |MDM3.3-Log_LogInterceptor|: (LogInterceptor.java:38) POST https://gsapi.lespay.mx/mdm-api/client/exeReport
04-11 10:25:42.167 16508 16746 D |MDM3.3-Log_LogInterceptor|: (LogInterceptor.java:38) mdmHeader: {"projectCode":"lisheng@123_6jW0GM","appCode":231,"deviceId":"869937054018794","model":"CMA-LX3","brand":"HONOR"}
04-11 10:25:42.167 16508 16746 D |MDM3.3-Log_LogInterceptor|: (LogInterceptor.java:38) Content-Type: application/json; charset=utf-8
04-11 10:25:42.167 16508 16746 D |MDM3.3-Log_LogInterceptor|: (LogInterceptor.java:38) Content-Length: 212
04-11 10:25:42.168 16508 16746 D |MDM3.3-Log_LogInterceptor|: (LogInterceptor.java:38) User-Agent: okhttp/4.9.0
04-11 10:25:42.168 16508 16746 D |MDM3.3-Log_LogInterceptor|: (LogInterceptor.java:38) Params:{"data":[{"extend":"[{\"isLock\":2,\"overdueDate\":1681119998000,\"amount\":100,\"afterDay\":0,\"beforeDay\":0}]","name":"labelPolicy","result":"1","value":1,"version":"1681179940958"}],"status":1,"taskId":43165}
04-11 10:25:42.168 16508 16746 D |MDM3.3-Log_LogInterceptor|: (LogInterceptor.java:38) Response Body:{"result":1000}
04-11 10:25:42.168 16508 16746 D |MDM3.3-Log_LogInterceptor|: (LogInterceptor.java:38) Time:256 ms
04-11 10:25:42.168 16508 16746 D |MDM3.3-Log_LogInterceptor|: (LogInterceptor.java:38) ----------Request End----------
04-11 10:26:12.468 16508 16587 D |MDM3.3-Log_HPushLog|: (EmqPushListener.java:29) pushNumber = 213
04-11 10:26:12.468 16508 16587 D |MDM3.3-Log_HPushLog|: (EmqPushListener.java:30) Emq onMessageReceived==> {"message":1,"taskId":"43166"}
04-11 10:26:12.469 16508 16587 D |MDM3.3-Log|: (EmqPushListener.java:45) type = 1; taskId = 43166
04-11 10:26:12.469 16508 16587 D |MDM3.3-Log|: (TaskWork.java:135) 请求任务接口--->43166
04-11 10:26:12.512 16508 16732 D |MDM3.3-Log|: (Worker.java:85) TaskWork trigger by push doWork------------------pool-21-thread-1
04-11 10:26:12.883 16508 16732 D |MDM3.3-Log_LogInterceptor|: (LogInterceptor.java:38) ----------Request Start----------
04-11 10:26:12.884 16508 16732 D |MDM3.3-Log_LogInterceptor|: (LogInterceptor.java:38) POST https://gsapi.lespay.mx/mdm-api/client/control
04-11 10:26:12.885 16508 16732 D |MDM3.3-Log_LogInterceptor|: (LogInterceptor.java:38) mdmHeader: {"projectCode":"lisheng@123_6jW0GM","appCode":231,"deviceId":"869937054018794","model":"CMA-LX3","brand":"HONOR"}
04-11 10:26:12.886 16508 16732 D |MDM3.3-Log_LogInterceptor|: (LogInterceptor.java:38) Content-Type: application/json; charset=utf-8
04-11 10:26:12.886 16508 16732 D |MDM3.3-Log_LogInterceptor|: (LogInterceptor.java:38) Content-Length: 31
04-11 10:26:12.887 16508 16732 D |MDM3.3-Log_LogInterceptor|: (LogInterceptor.java:38) User-Agent: okhttp/4.9.0
04-11 10:26:12.887 16508 16732 D |MDM3.3-Log_LogInterceptor|: (LogInterceptor.java:38) Params:{"taskId":43166,"intfType":"1"}
04-11 10:26:12.888 16508 16732 D |MDM3.3-Log_LogInterceptor|: (LogInterceptor.java:38) Response Body:{"result":1000,"data":[{"extend":[{"isLock":1,"overdueDate":1681119998000,"amount":100.0,"afterDay":0,"beforeDay":0}],"name":"labelPolicy","value":"1","version":1681179971999}],"version":43166,"taskId":43166}
04-11 10:26:12.889 16508 16732 D |MDM3.3-Log_LogInterceptor|: (LogInterceptor.java:38) Time:367 ms
04-11 10:26:12.889 16508 16732 D |MDM3.3-Log_LogInterceptor|: (LogInterceptor.java:38) ----------Request End----------
04-11 10:26:12.898 16508 16732 D |MDM3.3-Log|: (TaskWork.java:356) TaskWork response success,send live data message--
04-11 10:26:12.899 16508 16508 D |MDM3.3-Log|: (EcmService.java:254) get ACTION_DATA TaskResponse---------
04-11 10:26:12.900 16508 16508 D |MDM3.3-Log|: (CommandAdapter.java:68) executeAction ==> TaskResponse{result=1000, taskId=43166, md5='', data=[TaskData{name='labelPolicy', value=1, version=1681179971999, extend='[{"isLock":1,"overdueDate":1681119998000,"amount":100,"afterDay":0,"beforeDay":0}]'}], deviceData=null}
04-11 10:26:12.903 16508 16740 D |MDM3.3-Log|: (CommandAdapter.java:90) filter task true ->TaskData{name='labelPolicy', value=1, version=1681179971999, extend='[{"isLock":1,"overdueDate":1681119998000,"amount":100,"afterDay":0,"beforeDay":0}]'}
04-11 10:26:12.918 16508 16740 D |MDM3.3-Log|: (CommandAdapter.java:111) saveTasks==================43166
04-11 10:26:12.918 16508 16740 I |MDM3.3-Log|: (LespagoLockUtils.java:80) overdue unlock
04-11 10:26:12.919 16508 16740 D |MDM3.3-Log|: (KioskUtils.java:123) 执行unLock，alertId=0  alertType=101
04-11 10:26:12.919 16508 16568 D |MDM3.3-Log|: (KioskUtils.java:130) push 触发的解锁，直接执行
04-11 10:26:12.922 16508 16508 I |MDM3.3-Log|: (EcmService.java:238) empty report list-----
04-11 10:26:12.923 16508 16508 D |MDM3.3-Log|: (KioskUtils.java:161) execute unlock
04-11 10:26:12.926 16508 16508 D |MDM3.3-Log|: (LockFragment.java:71) LOCK_MESSAGE_CHANGE--->clear_kiosk
04-11 10:26:12.926 16508 16508 D |MDM3.3-Log_GatewayImpl|: (DevicePolicyManagerGatewayImpl.java:1239) clearKiosk(com.easycontrol.emm)
04-11 10:26:12.948 16508 16508 E |MDM3.3-Log|: (KioskUtils.java:286) checkAppKiosk===>null22
04-11 10:26:12.948 16508 16508 D |MDM3.3-Log_GatewayImpl|: (DevicePolicyManagerGatewayImpl.java:1239) clearKiosk(com.easycontrol.emm)
04-11 10:26:12.962 16508 16508 D |MDM3.3-Log|: (EcmService.java:241) getReportTasks onChanged-----
04-11 10:26:12.976 16508 16508 E |MDM3.3-Log|: (ActivityThread.java:4726) DeviceAdminReceiver#receive action:android.app.action.LOCK_TASK_EXITING
04-11 10:26:12.981 16508 16885 D |MDM3.3-Log|: (ReportWork.java:57) report worker  doWork--------0
04-11 10:26:13.009 16508 16508 I |MDM3.3-Log|: (EcmService.java:238) empty report list-----
04-11 10:26:13.183 16508 16885 D |MDM3.3-Log_LogInterceptor|: (LogInterceptor.java:38) ----------Request Start----------
04-11 10:26:13.184 16508 16885 D |MDM3.3-Log_LogInterceptor|: (LogInterceptor.java:38) POST https://gsapi.lespay.mx/mdm-api/client/exeReport
04-11 10:26:13.185 16508 16885 D |MDM3.3-Log_LogInterceptor|: (LogInterceptor.java:38) mdmHeader: {"projectCode":"lisheng@123_6jW0GM","appCode":231,"deviceId":"869937054018794","model":"CMA-LX3","brand":"HONOR"}
04-11 10:26:13.186 16508 16885 D |MDM3.3-Log_LogInterceptor|: (LogInterceptor.java:38) Content-Type: application/json; charset=utf-8
04-11 10:26:13.186 16508 16885 D |MDM3.3-Log_LogInterceptor|: (LogInterceptor.java:38) Content-Length: 212
04-11 10:26:13.186 16508 16885 D |MDM3.3-Log_LogInterceptor|: (LogInterceptor.java:38) User-Agent: okhttp/4.9.0
04-11 10:26:13.187 16508 16885 D |MDM3.3-Log_LogInterceptor|: (LogInterceptor.java:38) Params:{"data":[{"extend":"[{\"isLock\":1,\"overdueDate\":1681119998000,\"amount\":100,\"afterDay\":0,\"beforeDay\":0}]","name":"labelPolicy","result":"1","value":1,"version":"1681179971999"}],"status":1,"taskId":43166}
04-11 10:26:13.189 16508 16885 D |MDM3.3-Log_LogInterceptor|: (LogInterceptor.java:38) Response Body:{"result":1000}
04-11 10:26:13.191 16508 16885 D |MDM3.3-Log_LogInterceptor|: (LogInterceptor.java:38) Time:201 ms
04-11 10:26:13.192 16508 16885 D |MDM3.3-Log_LogInterceptor|: (LogInterceptor.java:38) ----------Request End----------
04-11 10:26:43.293 16508 16587 D |MDM3.3-Log_HPushLog|: (EmqPushListener.java:29) pushNumber = 214
04-11 10:26:43.294 16508 16587 D |MDM3.3-Log_HPushLog|: (EmqPushListener.java:30) Emq onMessageReceived==> {"message":1,"taskId":"43167"}
04-11 10:26:43.294 16508 16587 D |MDM3.3-Log|: (EmqPushListener.java:45) type = 1; taskId = 43167
04-11 10:26:43.295 16508 16587 D |MDM3.3-Log|: (TaskWork.java:135) 请求任务接口--->43167
04-11 10:26:43.348 16508 17125 D |MDM3.3-Log|: (Worker.java:85) TaskWork trigger by push doWork------------------pool-21-thread-4
04-11 10:26:43.555 16508 17125 D |MDM3.3-Log_LogInterceptor|: (LogInterceptor.java:38) ----------Request Start----------
04-11 10:26:43.555 16508 17125 D |MDM3.3-Log_LogInterceptor|: (LogInterceptor.java:38) POST https://gsapi.lespay.mx/mdm-api/client/control
04-11 10:26:43.556 16508 17125 D |MDM3.3-Log_LogInterceptor|: (LogInterceptor.java:38) mdmHeader: {"projectCode":"lisheng@123_6jW0GM","appCode":231,"deviceId":"869937054018794","model":"CMA-LX3","brand":"HONOR"}
04-11 10:26:43.557 16508 17125 D |MDM3.3-Log_LogInterceptor|: (LogInterceptor.java:38) Content-Type: application/json; charset=utf-8
04-11 10:26:43.558 16508 17125 D |MDM3.3-Log_LogInterceptor|: (LogInterceptor.java:38) Content-Length: 31
04-11 10:26:43.559 16508 17125 D |MDM3.3-Log_LogInterceptor|: (LogInterceptor.java:38) User-Agent: okhttp/4.9.0
04-11 10:26:43.559 16508 17125 D |MDM3.3-Log_LogInterceptor|: (LogInterceptor.java:38) Params:{"taskId":43167,"intfType":"1"}
04-11 10:26:43.561 16508 17125 D |MDM3.3-Log_LogInterceptor|: (LogInterceptor.java:38) Response Body:{"result":1000,"data":[{"extend":[{"isLock":2,"overdueDate":1681119998000,"amount":100.0,"afterDay":0,"beforeDay":0}],"name":"labelPolicy","value":"1","version":1681180002950}],"version":43167,"taskId":43167}
04-11 10:26:43.562 16508 17125 D |MDM3.3-Log_LogInterceptor|: (LogInterceptor.java:38) Time:202 ms
04-11 10:26:43.563 16508 17125 D |MDM3.3-Log_LogInterceptor|: (LogInterceptor.java:38) ----------Request End----------
04-11 10:26:43.571 16508 17125 D |MDM3.3-Log|: (TaskWork.java:356) TaskWork response success,send live data message--
04-11 10:26:43.575 16508 16508 D |MDM3.3-Log|: (EcmService.java:254) get ACTION_DATA TaskResponse---------
04-11 10:26:43.575 16508 16508 D |MDM3.3-Log|: (CommandAdapter.java:68) executeAction ==> TaskResponse{result=1000, taskId=43167, md5='', data=[TaskData{name='labelPolicy', value=1, version=1681180002950, extend='[{"isLock":2,"overdueDate":1681119998000,"amount":100,"afterDay":0,"beforeDay":0}]'}], deviceData=null}
04-11 10:26:43.580 16508 16568 D |MDM3.3-Log|: (CommandAdapter.java:90) filter task true ->TaskData{name='labelPolicy', value=1, version=1681180002950, extend='[{"isLock":2,"overdueDate":1681119998000,"amount":100,"afterDay":0,"beforeDay":0}]'}
04-11 10:26:43.590 16508 16568 D |MDM3.3-Log|: (CommandAdapter.java:111) saveTasks==================43167
04-11 10:26:43.591 16508 16568 I |MDM3.3-Log|: (LespagoLockUtils.java:86) overdue lock
04-11 10:26:43.593 16508 16568 D |MDM3.3-Log|: (KioskUtils.java:59) execute lock(alertId->0,alertType->101)
04-11 10:26:43.603 16508 16740 D |MDM3.3-Log|: (KioskUtils.java:78) update==>LockRecord{id=1, alertId=0, alertType=101, lock=1, lockTime=1681180003595}
04-11 10:26:43.606 16508 16508 I |MDM3.3-Log|: (EcmService.java:238) empty report list-----
04-11 10:26:43.606 16508 16508 D |MDM3.3-Log|: (KioskUtils.java:91) lock execute----
04-11 10:26:43.606 16508 16508 D |MDM3.3-Log_GatewayImpl|: (DevicePolicyManagerGatewayImpl.java:1177) setKiosk(com.easycontrol.emm)
04-11 10:26:43.646 16508 16508 D |MDM3.3-Log_GatewayImpl|: (DevicePolicyManagerGatewayImpl.java:1202) setKiosk complete-----
04-11 10:26:43.650 16508 16508 D |MDM3.3-Log|: (EcmService.java:241) getReportTasks onChanged-----
04-11 10:26:43.653 16508 16508 I |MDM3.3-Log|: (EcmService.java:238) empty report list-----
04-11 10:26:43.679 16508 30884 D |MDM3.3-Log|: (KioskActivity.java:100) LockRecord has data ,execute lock
04-11 10:26:43.679 16508 16508 D |MDM3.3-Log_GatewayImpl|: (DevicePolicyManagerGatewayImpl.java:853) setLockTaskFeatures(GLOBAL_ACTIONS|SYSTEM_INFO)
04-11 10:26:43.701 16508 16508 D |MDM3.3-Log|: (KioskActivity.java:136) switchByCommand====>kiosk_mode_lock
04-11 10:26:43.701 16508 16508 D |MDM3.3-Log|: (KioskActivity.java:197) 切换fragment---com.easycontrol.dpc.kiosk.LockFragment
04-11 10:26:43.739 16508 16508 D |MDM3.3-Log_GatewayImpl|: (DevicePolicyManagerGatewayImpl.java:807) setLockTaskPackages([com.easycontrol.emm, com.android.settings, com.android.phone, android, com.emoji.keyboard.touchpal.customization, com.android.incallui, com.android.server.telecom, com.android.dialer, com.android.htcdialer, com.google.android.dialer, com.asus.asusincallui, com.device.lespago])
04-11 10:26:43.759 16508 16746 D |MDM3.3-Log|: (ReportWork.java:57) report worker  doWork--------0
04-11 10:26:43.771 16508 16508 E |MDM3.3-Log|: (ActivityThread.java:4726) DeviceAdminReceiver#receive action:android.app.action.LOCK_TASK_ENTERING
04-11 10:26:44.345 16508 16746 D |MDM3.3-Log_LogInterceptor|: (LogInterceptor.java:38) ----------Request Start----------
04-11 10:26:44.345 16508 16746 D |MDM3.3-Log_LogInterceptor|: (LogInterceptor.java:38) POST https://gsapi.lespay.mx/mdm-api/client/exeReport
04-11 10:26:44.345 16508 16746 D |MDM3.3-Log_LogInterceptor|: (LogInterceptor.java:38) mdmHeader: {"projectCode":"lisheng@123_6jW0GM","appCode":231,"deviceId":"869937054018794","model":"CMA-LX3","brand":"HONOR"}
04-11 10:26:44.346 16508 16746 D |MDM3.3-Log_LogInterceptor|: (LogInterceptor.java:38) Content-Type: application/json; charset=utf-8
04-11 10:26:44.346 16508 16746 D |MDM3.3-Log_LogInterceptor|: (LogInterceptor.java:38) Content-Length: 212
04-11 10:26:44.346 16508 16746 D |MDM3.3-Log_LogInterceptor|: (LogInterceptor.java:38) User-Agent: okhttp/4.9.0
04-11 10:26:44.346 16508 16746 D |MDM3.3-Log_LogInterceptor|: (LogInterceptor.java:38) Params:{"data":[{"extend":"[{\"isLock\":2,\"overdueDate\":1681119998000,\"amount\":100,\"afterDay\":0,\"beforeDay\":0}]","name":"labelPolicy","result":"1","value":1,"version":"1681180002950"}],"status":1,"taskId":43167}
04-11 10:26:44.346 16508 16746 D |MDM3.3-Log_LogInterceptor|: (LogInterceptor.java:38) Response Body:{"result":1000}
04-11 10:26:44.346 16508 16746 D |MDM3.3-Log_LogInterceptor|: (LogInterceptor.java:38) Time:585 ms
04-11 10:26:44.346 16508 16746 D |MDM3.3-Log_LogInterceptor|: (LogInterceptor.java:38) ----------Request End----------
04-11 10:27:14.216 16508 16587 D |MDM3.3-Log_HPushLog|: (EmqPushListener.java:29) pushNumber = 215
04-11 10:27:14.216 16508 16587 D |MDM3.3-Log_HPushLog|: (EmqPushListener.java:30) Emq onMessageReceived==> {"message":1,"taskId":"43168"}
04-11 10:27:14.217 16508 16587 D |MDM3.3-Log|: (EmqPushListener.java:45) type = 1; taskId = 43168
04-11 10:27:14.217 16508 16587 D |MDM3.3-Log|: (TaskWork.java:135) 请求任务接口--->43168
04-11 10:27:14.263 16508 16732 D |MDM3.3-Log|: (Worker.java:85) TaskWork trigger by push doWork------------------pool-21-thread-1
04-11 10:27:14.522 16508 16732 D |MDM3.3-Log_LogInterceptor|: (LogInterceptor.java:38) ----------Request Start----------
04-11 10:27:14.523 16508 16732 D |MDM3.3-Log_LogInterceptor|: (LogInterceptor.java:38) POST https://gsapi.lespay.mx/mdm-api/client/control
04-11 10:27:14.523 16508 16732 D |MDM3.3-Log_LogInterceptor|: (LogInterceptor.java:38) mdmHeader: {"projectCode":"lisheng@123_6jW0GM","appCode":231,"deviceId":"869937054018794","model":"CMA-LX3","brand":"HONOR"}
04-11 10:27:14.524 16508 16732 D |MDM3.3-Log_LogInterceptor|: (LogInterceptor.java:38) Content-Type: application/json; charset=utf-8
04-11 10:27:14.524 16508 16732 D |MDM3.3-Log_LogInterceptor|: (LogInterceptor.java:38) Content-Length: 31
04-11 10:27:14.525 16508 16732 D |MDM3.3-Log_LogInterceptor|: (LogInterceptor.java:38) User-Agent: okhttp/4.9.0
04-11 10:27:14.526 16508 16732 D |MDM3.3-Log_LogInterceptor|: (LogInterceptor.java:38) Params:{"taskId":43168,"intfType":"1"}
04-11 10:27:14.527 16508 16732 D |MDM3.3-Log_LogInterceptor|: (LogInterceptor.java:38) Response Body:{"result":1000,"data":[{"extend":[{"isLock":1,"overdueDate":1681119998000,"amount":100.0,"afterDay":0,"beforeDay":0}],"name":"labelPolicy","value":"1","version":1681180033910}],"version":43168,"taskId":43168}
04-11 10:27:14.528 16508 16732 D |MDM3.3-Log_LogInterceptor|: (LogInterceptor.java:38) Time:256 ms
04-11 10:27:14.528 16508 16732 D |MDM3.3-Log_LogInterceptor|: (LogInterceptor.java:38) ----------Request End----------
04-11 10:27:14.539 16508 16732 D |MDM3.3-Log|: (TaskWork.java:356) TaskWork response success,send live data message--
04-11 10:27:14.540 16508 16508 D |MDM3.3-Log|: (EcmService.java:254) get ACTION_DATA TaskResponse---------
04-11 10:27:14.541 16508 16508 D |MDM3.3-Log|: (CommandAdapter.java:68) executeAction ==> TaskResponse{result=1000, taskId=43168, md5='', data=[TaskData{name='labelPolicy', value=1, version=1681180033910, extend='[{"isLock":1,"overdueDate":1681119998000,"amount":100,"afterDay":0,"beforeDay":0}]'}], deviceData=null}
04-11 10:27:14.543 16508 16740 D |MDM3.3-Log|: (CommandAdapter.java:90) filter task true ->TaskData{name='labelPolicy', value=1, version=1681180033910, extend='[{"isLock":1,"overdueDate":1681119998000,"amount":100,"afterDay":0,"beforeDay":0}]'}
04-11 10:27:14.558 16508 16740 D |MDM3.3-Log|: (CommandAdapter.java:111) saveTasks==================43168
04-11 10:27:14.558 16508 16740 I |MDM3.3-Log|: (LespagoLockUtils.java:80) overdue unlock
04-11 10:27:14.559 16508 16740 D |MDM3.3-Log|: (KioskUtils.java:123) 执行unLock，alertId=0  alertType=101
04-11 10:27:14.559 16508 16568 D |MDM3.3-Log|: (KioskUtils.java:130) push 触发的解锁，直接执行
04-11 10:27:14.560 16508 16508 I |MDM3.3-Log|: (EcmService.java:238) empty report list-----
04-11 10:27:14.561 16508 16508 D |MDM3.3-Log|: (KioskUtils.java:161) execute unlock
04-11 10:27:14.561 16508 16508 D |MDM3.3-Log|: (LockFragment.java:71) LOCK_MESSAGE_CHANGE--->clear_kiosk
04-11 10:27:14.561 16508 16508 D |MDM3.3-Log_GatewayImpl|: (DevicePolicyManagerGatewayImpl.java:1239) clearKiosk(com.easycontrol.emm)
04-11 10:27:14.583 16508 16508 E |MDM3.3-Log|: (KioskUtils.java:286) checkAppKiosk===>null22
04-11 10:27:14.583 16508 16508 D |MDM3.3-Log_GatewayImpl|: (DevicePolicyManagerGatewayImpl.java:1239) clearKiosk(com.easycontrol.emm)
04-11 10:27:14.615 16508 16508 E |MDM3.3-Log|: (ActivityThread.java:4726) DeviceAdminReceiver#receive action:android.app.action.LOCK_TASK_EXITING
04-11 10:27:14.620 16508 16508 D |MDM3.3-Log|: (EcmService.java:241) getReportTasks onChanged-----
04-11 10:27:14.621 16508 16885 D |MDM3.3-Log|: (ReportWork.java:57) report worker  doWork--------0
04-11 10:27:14.626 16508 16508 I |MDM3.3-Log|: (EcmService.java:238) empty report list-----
04-11 10:27:14.825 16508 16885 D |MDM3.3-Log_LogInterceptor|: (LogInterceptor.java:38) ----------Request Start----------
04-11 10:27:14.825 16508 16885 D |MDM3.3-Log_LogInterceptor|: (LogInterceptor.java:38) POST https://gsapi.lespay.mx/mdm-api/client/exeReport
04-11 10:27:14.826 16508 16885 D |MDM3.3-Log_LogInterceptor|: (LogInterceptor.java:38) mdmHeader: {"projectCode":"lisheng@123_6jW0GM","appCode":231,"deviceId":"869937054018794","model":"CMA-LX3","brand":"HONOR"}
04-11 10:27:14.826 16508 16885 D |MDM3.3-Log_LogInterceptor|: (LogInterceptor.java:38) Content-Type: application/json; charset=utf-8
04-11 10:27:14.827 16508 16885 D |MDM3.3-Log_LogInterceptor|: (LogInterceptor.java:38) Content-Length: 212
04-11 10:27:14.828 16508 16885 D |MDM3.3-Log_LogInterceptor|: (LogInterceptor.java:38) User-Agent: okhttp/4.9.0
04-11 10:27:14.830 16508 16885 D |MDM3.3-Log_LogInterceptor|: (LogInterceptor.java:38) Params:{"data":[{"extend":"[{\"isLock\":1,\"overdueDate\":1681119998000,\"amount\":100,\"afterDay\":0,\"beforeDay\":0}]","name":"labelPolicy","result":"1","value":1,"version":"1681180033910"}],"status":1,"taskId":43168}
04-11 10:27:14.831 16508 16885 D |MDM3.3-Log_LogInterceptor|: (LogInterceptor.java:38) Response Body:{"result":1000}
04-11 10:27:14.834 16508 16885 D |MDM3.3-Log_LogInterceptor|: (LogInterceptor.java:38) Time:202 ms
04-11 10:27:14.834 16508 16885 D |MDM3.3-Log_LogInterceptor|: (LogInterceptor.java:38) ----------Request End----------
04-11 10:27:45.655 16508 16587 D |MDM3.3-Log_HPushLog|: (EmqPushListener.java:29) pushNumber = 216
04-11 10:27:45.655 16508 16587 D |MDM3.3-Log_HPushLog|: (EmqPushListener.java:30) Emq onMessageReceived==> {"message":1,"taskId":"43169"}
04-11 10:27:45.656 16508 16587 D |MDM3.3-Log|: (EmqPushListener.java:45) type = 1; taskId = 43169
04-11 10:27:45.656 16508 16587 D |MDM3.3-Log|: (TaskWork.java:135) 请求任务接口--->43169
04-11 10:27:45.702 16508 17125 D |MDM3.3-Log|: (Worker.java:85) TaskWork trigger by push doWork------------------pool-21-thread-4
04-11 10:27:45.959 16508 17125 D |MDM3.3-Log_LogInterceptor|: (LogInterceptor.java:38) ----------Request Start----------
04-11 10:27:45.960 16508 17125 D |MDM3.3-Log_LogInterceptor|: (LogInterceptor.java:38) POST https://gsapi.lespay.mx/mdm-api/client/control
04-11 10:27:45.961 16508 17125 D |MDM3.3-Log_LogInterceptor|: (LogInterceptor.java:38) mdmHeader: {"projectCode":"lisheng@123_6jW0GM","appCode":231,"deviceId":"869937054018794","model":"CMA-LX3","brand":"HONOR"}
04-11 10:27:45.961 16508 17125 D |MDM3.3-Log_LogInterceptor|: (LogInterceptor.java:38) Content-Type: application/json; charset=utf-8
04-11 10:27:45.962 16508 17125 D |MDM3.3-Log_LogInterceptor|: (LogInterceptor.java:38) Content-Length: 31
04-11 10:27:45.963 16508 17125 D |MDM3.3-Log_LogInterceptor|: (LogInterceptor.java:38) User-Agent: okhttp/4.9.0
04-11 10:27:45.963 16508 17125 D |MDM3.3-Log_LogInterceptor|: (LogInterceptor.java:38) Params:{"taskId":43169,"intfType":"1"}
04-11 10:27:45.965 16508 17125 D |MDM3.3-Log_LogInterceptor|: (LogInterceptor.java:38) Response Body:{"result":1000,"data":[{"extend":[{"isLock":2,"overdueDate":1681119998000,"amount":100.0,"afterDay":0,"beforeDay":0}],"name":"labelPolicy","value":"1","version":1681180065144}],"version":43169,"taskId":43169}
04-11 10:27:45.966 16508 17125 D |MDM3.3-Log_LogInterceptor|: (LogInterceptor.java:38) Time:253 ms
04-11 10:27:45.967 16508 17125 D |MDM3.3-Log_LogInterceptor|: (LogInterceptor.java:38) ----------Request End----------
04-11 10:27:45.973 16508 17125 D |MDM3.3-Log|: (TaskWork.java:356) TaskWork response success,send live data message--
04-11 10:27:45.974 16508 16508 D |MDM3.3-Log|: (EcmService.java:254) get ACTION_DATA TaskResponse---------
04-11 10:27:45.975 16508 16508 D |MDM3.3-Log|: (CommandAdapter.java:68) executeAction ==> TaskResponse{result=1000, taskId=43169, md5='', data=[TaskData{name='labelPolicy', value=1, version=1681180065144, extend='[{"isLock":2,"overdueDate":1681119998000,"amount":100,"afterDay":0,"beforeDay":0}]'}], deviceData=null}
04-11 10:27:45.980 16508 16568 D |MDM3.3-Log|: (CommandAdapter.java:90) filter task true ->TaskData{name='labelPolicy', value=1, version=1681180065144, extend='[{"isLock":2,"overdueDate":1681119998000,"amount":100,"afterDay":0,"beforeDay":0}]'}
04-11 10:27:45.992 16508 16568 D |MDM3.3-Log|: (CommandAdapter.java:111) saveTasks==================43169
04-11 10:27:45.993 16508 16568 I |MDM3.3-Log|: (LespagoLockUtils.java:86) overdue lock
04-11 10:27:45.996 16508 16568 D |MDM3.3-Log|: (KioskUtils.java:59) execute lock(alertId->0,alertType->101)
04-11 10:27:46.011 16508 16568 D |MDM3.3-Log|: (KioskUtils.java:78) update==>LockRecord{id=1, alertId=0, alertType=101, lock=1, lockTime=1681180065998}
04-11 10:27:46.014 16508 16508 D |MDM3.3-Log|: (EcmService.java:241) getReportTasks onChanged-----
04-11 10:27:46.018 16508 16508 D |MDM3.3-Log|: (KioskUtils.java:91) lock execute----
04-11 10:27:46.018 16508 16508 D |MDM3.3-Log_GatewayImpl|: (DevicePolicyManagerGatewayImpl.java:1177) setKiosk(com.easycontrol.emm)
04-11 10:27:46.057 16508 16508 D |MDM3.3-Log_GatewayImpl|: (DevicePolicyManagerGatewayImpl.java:1202) setKiosk complete-----
04-11 10:27:46.058 16508 16508 D |MDM3.3-Log|: (EcmService.java:241) getReportTasks onChanged-----
04-11 10:27:46.098 16508 30884 D |MDM3.3-Log|: (KioskActivity.java:100) LockRecord has data ,execute lock
04-11 10:27:46.098 16508 16508 D |MDM3.3-Log_GatewayImpl|: (DevicePolicyManagerGatewayImpl.java:853) setLockTaskFeatures(GLOBAL_ACTIONS|SYSTEM_INFO)
04-11 10:27:46.120 16508 16508 I |MDM3.3-Log|: (EcmService.java:238) empty report list-----
04-11 10:27:46.121 16508 16508 D |MDM3.3-Log|: (KioskActivity.java:136) switchByCommand====>kiosk_mode_lock
04-11 10:27:46.121 16508 16508 D |MDM3.3-Log|: (KioskActivity.java:197) 切换fragment---com.easycontrol.dpc.kiosk.LockFragment
04-11 10:27:46.122 16508 16508 I |MDM3.3-Log|: (EcmService.java:238) empty report list-----
04-11 10:27:46.165 16508 16508 D |MDM3.3-Log_GatewayImpl|: (DevicePolicyManagerGatewayImpl.java:807) setLockTaskPackages([com.easycontrol.emm, com.android.settings, com.android.phone, android, com.emoji.keyboard.touchpal.customization, com.android.incallui, com.android.server.telecom, com.android.dialer, com.android.htcdialer, com.google.android.dialer, com.asus.asusincallui, com.device.lespago])
04-11 10:27:46.202 16508 16508 E |MDM3.3-Log|: (ActivityThread.java:4726) DeviceAdminReceiver#receive action:android.app.action.LOCK_TASK_ENTERING
04-11 10:27:46.205 16508 16746 D |MDM3.3-Log|: (ReportWork.java:57) report worker  doWork--------0
04-11 10:27:46.427 16508 16746 D |MDM3.3-Log_LogInterceptor|: (LogInterceptor.java:38) ----------Request Start----------
04-11 10:27:46.427 16508 16746 D |MDM3.3-Log_LogInterceptor|: (LogInterceptor.java:38) POST https://gsapi.lespay.mx/mdm-api/client/exeReport
04-11 10:27:46.427 16508 16746 D |MDM3.3-Log_LogInterceptor|: (LogInterceptor.java:38) mdmHeader: {"projectCode":"lisheng@123_6jW0GM","appCode":231,"deviceId":"869937054018794","model":"CMA-LX3","brand":"HONOR"}
04-11 10:27:46.427 16508 16746 D |MDM3.3-Log_LogInterceptor|: (LogInterceptor.java:38) Content-Type: application/json; charset=utf-8
04-11 10:27:46.428 16508 16746 D |MDM3.3-Log_LogInterceptor|: (LogInterceptor.java:38) Content-Length: 212
04-11 10:27:46.428 16508 16746 D |MDM3.3-Log_LogInterceptor|: (LogInterceptor.java:38) User-Agent: okhttp/4.9.0
04-11 10:27:46.428 16508 16746 D |MDM3.3-Log_LogInterceptor|: (LogInterceptor.java:38) Params:{"data":[{"extend":"[{\"isLock\":2,\"overdueDate\":1681119998000,\"amount\":100,\"afterDay\":0,\"beforeDay\":0}]","name":"labelPolicy","result":"1","value":1,"version":"1681180065144"}],"status":1,"taskId":43169}
04-11 10:27:46.428 16508 16746 D |MDM3.3-Log_LogInterceptor|: (LogInterceptor.java:38) Response Body:{"result":1000}
04-11 10:27:46.428 16508 16746 D |MDM3.3-Log_LogInterceptor|: (LogInterceptor.java:38) Time:220 ms
04-11 10:27:46.428 16508 16746 D |MDM3.3-Log_LogInterceptor|: (LogInterceptor.java:38) ----------Request End----------
04-11 10:28:16.679 16508 16587 D |MDM3.3-Log_HPushLog|: (EmqPushListener.java:29) pushNumber = 217
04-11 10:28:16.679 16508 16587 D |MDM3.3-Log_HPushLog|: (EmqPushListener.java:30) Emq onMessageReceived==> {"message":1,"taskId":"43170"}
04-11 10:28:16.680 16508 16587 D |MDM3.3-Log|: (EmqPushListener.java:45) type = 1; taskId = 43170
04-11 10:28:16.680 16508 16587 D |MDM3.3-Log|: (TaskWork.java:135) 请求任务接口--->43170
04-11 10:28:16.733 16508 16732 D |MDM3.3-Log|: (Worker.java:85) TaskWork trigger by push doWork------------------pool-21-thread-1
04-11 10:28:16.998 16508 16732 D |MDM3.3-Log_LogInterceptor|: (LogInterceptor.java:38) ----------Request Start----------
04-11 10:28:16.999 16508 16732 D |MDM3.3-Log_LogInterceptor|: (LogInterceptor.java:38) POST https://gsapi.lespay.mx/mdm-api/client/control
04-11 10:28:16.999 16508 16732 D |MDM3.3-Log_LogInterceptor|: (LogInterceptor.java:38) mdmHeader: {"projectCode":"lisheng@123_6jW0GM","appCode":231,"deviceId":"869937054018794","model":"CMA-LX3","brand":"HONOR"}
04-11 10:28:17.000 16508 16732 D |MDM3.3-Log_LogInterceptor|: (LogInterceptor.java:38) Content-Type: application/json; charset=utf-8
04-11 10:28:17.000 16508 16732 D |MDM3.3-Log_LogInterceptor|: (LogInterceptor.java:38) Content-Length: 31
04-11 10:28:17.001 16508 16732 D |MDM3.3-Log_LogInterceptor|: (LogInterceptor.java:38) User-Agent: okhttp/4.9.0
04-11 10:28:17.002 16508 16732 D |MDM3.3-Log_LogInterceptor|: (LogInterceptor.java:38) Params:{"taskId":43170,"intfType":"1"}
04-11 10:28:17.007 16508 16732 D |MDM3.3-Log_LogInterceptor|: (LogInterceptor.java:38) Response Body:{"result":1000,"data":[{"extend":[{"isLock":1,"overdueDate":1681119998000,"amount":100.0,"afterDay":0,"beforeDay":0}],"name":"labelPolicy","value":"1","version":1681180096226}],"version":43170,"taskId":43170}
04-11 10:28:17.008 16508 16732 D |MDM3.3-Log_LogInterceptor|: (LogInterceptor.java:38) Time:262 ms
04-11 10:28:17.009 16508 16732 D |MDM3.3-Log_LogInterceptor|: (LogInterceptor.java:38) ----------Request End----------
04-11 10:28:17.019 16508 16732 D |MDM3.3-Log|: (TaskWork.java:356) TaskWork response success,send live data message--
04-11 10:28:17.020 16508 16508 D |MDM3.3-Log|: (EcmService.java:254) get ACTION_DATA TaskResponse---------
04-11 10:28:17.021 16508 16508 D |MDM3.3-Log|: (CommandAdapter.java:68) executeAction ==> TaskResponse{result=1000, taskId=43170, md5='', data=[TaskData{name='labelPolicy', value=1, version=1681180096226, extend='[{"isLock":1,"overdueDate":1681119998000,"amount":100,"afterDay":0,"beforeDay":0}]'}], deviceData=null}
04-11 10:28:17.022 16508 16740 D |MDM3.3-Log|: (CommandAdapter.java:90) filter task true ->TaskData{name='labelPolicy', value=1, version=1681180096226, extend='[{"isLock":1,"overdueDate":1681119998000,"amount":100,"afterDay":0,"beforeDay":0}]'}
04-11 10:28:17.035 16508 16740 D |MDM3.3-Log|: (CommandAdapter.java:111) saveTasks==================43170
04-11 10:28:17.036 16508 16740 I |MDM3.3-Log|: (LespagoLockUtils.java:80) overdue unlock
04-11 10:28:17.037 16508 16740 D |MDM3.3-Log|: (KioskUtils.java:123) 执行unLock，alertId=0  alertType=101
04-11 10:28:17.037 16508 16508 I |MDM3.3-Log|: (EcmService.java:238) empty report list-----
04-11 10:28:17.037 16508 16568 D |MDM3.3-Log|: (KioskUtils.java:130) push 触发的解锁，直接执行
04-11 10:28:17.038 16508 16508 D |MDM3.3-Log|: (KioskUtils.java:161) execute unlock
04-11 10:28:17.039 16508 16508 D |MDM3.3-Log|: (LockFragment.java:71) LOCK_MESSAGE_CHANGE--->clear_kiosk
04-11 10:28:17.039 16508 16508 D |MDM3.3-Log_GatewayImpl|: (DevicePolicyManagerGatewayImpl.java:1239) clearKiosk(com.easycontrol.emm)
04-11 10:28:17.062 16508 16508 E |MDM3.3-Log|: (KioskUtils.java:286) checkAppKiosk===>null22
04-11 10:28:17.063 16508 16508 D |MDM3.3-Log_GatewayImpl|: (DevicePolicyManagerGatewayImpl.java:1239) clearKiosk(com.easycontrol.emm)
04-11 10:28:17.097 16508 16508 E |MDM3.3-Log|: (ActivityThread.java:4726) DeviceAdminReceiver#receive action:android.app.action.LOCK_TASK_EXITING
04-11 10:28:17.101 16508 16508 D |MDM3.3-Log|: (EcmService.java:241) getReportTasks onChanged-----
04-11 10:28:17.135 16508 16508 I |MDM3.3-Log|: (EcmService.java:238) empty report list-----
04-11 10:28:17.149 16508 16885 D |MDM3.3-Log|: (ReportWork.java:57) report worker  doWork--------0
04-11 10:28:18.006 16508 16885 D |MDM3.3-Log_LogInterceptor|: (LogInterceptor.java:38) ----------Request Start----------
04-11 10:28:18.007 16508 16885 D |MDM3.3-Log_LogInterceptor|: (LogInterceptor.java:38) POST https://gsapi.lespay.mx/mdm-api/client/exeReport
04-11 10:28:18.008 16508 16885 D |MDM3.3-Log_LogInterceptor|: (LogInterceptor.java:38) mdmHeader: {"projectCode":"lisheng@123_6jW0GM","appCode":231,"deviceId":"869937054018794","model":"CMA-LX3","brand":"HONOR"}
04-11 10:28:18.010 16508 16885 D |MDM3.3-Log_LogInterceptor|: (LogInterceptor.java:38) Content-Type: application/json; charset=utf-8
04-11 10:28:18.011 16508 16885 D |MDM3.3-Log_LogInterceptor|: (LogInterceptor.java:38) Content-Length: 212
04-11 10:28:18.012 16508 16885 D |MDM3.3-Log_LogInterceptor|: (LogInterceptor.java:38) User-Agent: okhttp/4.9.0
04-11 10:28:18.014 16508 16885 D |MDM3.3-Log_LogInterceptor|: (LogInterceptor.java:38) Params:{"data":[{"extend":"[{\"isLock\":1,\"overdueDate\":1681119998000,\"amount\":100,\"afterDay\":0,\"beforeDay\":0}]","name":"labelPolicy","result":"1","value":1,"version":"1681180096226"}],"status":1,"taskId":43170}
04-11 10:28:18.017 16508 16885 D |MDM3.3-Log_LogInterceptor|: (LogInterceptor.java:38) Response Body:{"result":1000}
04-11 10:28:18.018 16508 16885 D |MDM3.3-Log_LogInterceptor|: (LogInterceptor.java:38) Time:855 ms
04-11 10:28:18.019 16508 16885 D |MDM3.3-Log_LogInterceptor|: (LogInterceptor.java:38) ----------Request End----------
04-11 10:28:47.710 16508 16587 D |MDM3.3-Log_HPushLog|: (EmqPushListener.java:29) pushNumber = 218
04-11 10:28:47.710 16508 16587 D |MDM3.3-Log_HPushLog|: (EmqPushListener.java:30) Emq onMessageReceived==> {"message":1,"taskId":"43171"}
04-11 10:28:47.710 16508 16587 D |MDM3.3-Log|: (EmqPushListener.java:45) type = 1; taskId = 43171
04-11 10:28:47.711 16508 16587 D |MDM3.3-Log|: (TaskWork.java:135) 请求任务接口--->43171
04-11 10:28:47.761 16508 17125 D |MDM3.3-Log|: (Worker.java:85) TaskWork trigger by push doWork------------------pool-21-thread-4
04-11 10:28:47.963 16508 17125 D |MDM3.3-Log_LogInterceptor|: (LogInterceptor.java:38) ----------Request Start----------
04-11 10:28:47.964 16508 17125 D |MDM3.3-Log_LogInterceptor|: (LogInterceptor.java:38) POST https://gsapi.lespay.mx/mdm-api/client/control
04-11 10:28:47.964 16508 17125 D |MDM3.3-Log_LogInterceptor|: (LogInterceptor.java:38) mdmHeader: {"projectCode":"lisheng@123_6jW0GM","appCode":231,"deviceId":"869937054018794","model":"CMA-LX3","brand":"HONOR"}
04-11 10:28:47.965 16508 17125 D |MDM3.3-Log_LogInterceptor|: (LogInterceptor.java:38) Content-Type: application/json; charset=utf-8
04-11 10:28:47.965 16508 17125 D |MDM3.3-Log_LogInterceptor|: (LogInterceptor.java:38) Content-Length: 31
04-11 10:28:47.966 16508 17125 D |MDM3.3-Log_LogInterceptor|: (LogInterceptor.java:38) User-Agent: okhttp/4.9.0
04-11 10:28:47.967 16508 17125 D |MDM3.3-Log_LogInterceptor|: (LogInterceptor.java:38) Params:{"taskId":43171,"intfType":"1"}
04-11 10:28:47.969 16508 17125 D |MDM3.3-Log_LogInterceptor|: (LogInterceptor.java:38) Response Body:{"result":1000,"data":[{"extend":[{"isLock":2,"overdueDate":1681119998000,"amount":100.0,"afterDay":0,"beforeDay":0}],"name":"labelPolicy","value":"1","version":1681180127182}],"version":43171,"taskId":43171}
04-11 10:28:47.970 16508 17125 D |MDM3.3-Log_LogInterceptor|: (LogInterceptor.java:38) Time:199 ms
04-11 10:28:47.970 16508 17125 D |MDM3.3-Log_LogInterceptor|: (LogInterceptor.java:38) ----------Request End----------
04-11 10:28:47.975 16508 17125 D |MDM3.3-Log|: (TaskWork.java:356) TaskWork response success,send live data message--
04-11 10:28:47.977 16508 16508 D |MDM3.3-Log|: (EcmService.java:254) get ACTION_DATA TaskResponse---------
04-11 10:28:47.978 16508 16508 D |MDM3.3-Log|: (CommandAdapter.java:68) executeAction ==> TaskResponse{result=1000, taskId=43171, md5='', data=[TaskData{name='labelPolicy', value=1, version=1681180127182, extend='[{"isLock":2,"overdueDate":1681119998000,"amount":100,"afterDay":0,"beforeDay":0}]'}], deviceData=null}
04-11 10:28:47.980 16508 16568 D |MDM3.3-Log|: (CommandAdapter.java:90) filter task true ->TaskData{name='labelPolicy', value=1, version=1681180127182, extend='[{"isLock":2,"overdueDate":1681119998000,"amount":100,"afterDay":0,"beforeDay":0}]'}
04-11 10:28:47.998 16508 16568 D |MDM3.3-Log|: (CommandAdapter.java:111) saveTasks==================43171
04-11 10:28:47.999 16508 16568 I |MDM3.3-Log|: (LespagoLockUtils.java:86) overdue lock
04-11 10:28:48.000 16508 16568 D |MDM3.3-Log|: (KioskUtils.java:59) execute lock(alertId->0,alertType->101)
04-11 10:28:48.015 16508 16568 D |MDM3.3-Log|: (KioskUtils.java:78) update==>LockRecord{id=1, alertId=0, alertType=101, lock=1, lockTime=1681180128007}
04-11 10:28:48.021 16508 16508 D |MDM3.3-Log|: (EcmService.java:241) getReportTasks onChanged-----
04-11 10:28:48.022 16508 16508 D |MDM3.3-Log|: (KioskUtils.java:91) lock execute----
04-11 10:28:48.022 16508 16508 D |MDM3.3-Log_GatewayImpl|: (DevicePolicyManagerGatewayImpl.java:1177) setKiosk(com.easycontrol.emm)
04-11 10:28:48.078 16508 16508 D |MDM3.3-Log_GatewayImpl|: (DevicePolicyManagerGatewayImpl.java:1202) setKiosk complete-----
04-11 10:28:48.080 16508 16508 D |MDM3.3-Log|: (EcmService.java:241) getReportTasks onChanged-----
04-11 10:28:48.084 16508 16508 I |MDM3.3-Log|: (EcmService.java:238) empty report list-----
04-11 10:28:48.090 16508 16508 I |MDM3.3-Log|: (EcmService.java:238) empty report list-----
04-11 10:28:48.108 16508 30884 D |MDM3.3-Log|: (KioskActivity.java:100) LockRecord has data ,execute lock
04-11 10:28:48.108 16508 16508 D |MDM3.3-Log_GatewayImpl|: (DevicePolicyManagerGatewayImpl.java:853) setLockTaskFeatures(GLOBAL_ACTIONS|SYSTEM_INFO)
04-11 10:28:48.146 16508 16508 D |MDM3.3-Log|: (KioskActivity.java:136) switchByCommand====>kiosk_mode_lock
04-11 10:28:48.146 16508 16508 D |MDM3.3-Log|: (KioskActivity.java:197) 切换fragment---com.easycontrol.dpc.kiosk.LockFragment
04-11 10:28:48.169 16508 16746 D |MDM3.3-Log|: (ReportWork.java:57) report worker  doWork--------0
04-11 10:28:48.174 16508 16508 D |MDM3.3-Log_GatewayImpl|: (DevicePolicyManagerGatewayImpl.java:807) setLockTaskPackages([com.easycontrol.emm, com.android.settings, com.android.phone, android, com.emoji.keyboard.touchpal.customization, com.android.incallui, com.android.server.telecom, com.android.dialer, com.android.htcdialer, com.google.android.dialer, com.asus.asusincallui, com.device.lespago])
04-11 10:28:48.212 16508 16508 E |MDM3.3-Log|: (ActivityThread.java:4726) DeviceAdminReceiver#receive action:android.app.action.LOCK_TASK_ENTERING
04-11 10:28:48.523 16508 16746 D |MDM3.3-Log_LogInterceptor|: (LogInterceptor.java:38) ----------Request Start----------
04-11 10:28:48.523 16508 16746 D |MDM3.3-Log_LogInterceptor|: (LogInterceptor.java:38) POST https://gsapi.lespay.mx/mdm-api/client/exeReport
04-11 10:28:48.523 16508 16746 D |MDM3.3-Log_LogInterceptor|: (LogInterceptor.java:38) mdmHeader: {"projectCode":"lisheng@123_6jW0GM","appCode":231,"deviceId":"869937054018794","model":"CMA-LX3","brand":"HONOR"}
04-11 10:28:48.523 16508 16746 D |MDM3.3-Log_LogInterceptor|: (LogInterceptor.java:38) Content-Type: application/json; charset=utf-8
04-11 10:28:48.524 16508 16746 D |MDM3.3-Log_LogInterceptor|: (LogInterceptor.java:38) Content-Length: 212
04-11 10:28:48.524 16508 16746 D |MDM3.3-Log_LogInterceptor|: (LogInterceptor.java:38) User-Agent: okhttp/4.9.0
04-11 10:28:48.524 16508 16746 D |MDM3.3-Log_LogInterceptor|: (LogInterceptor.java:38) Params:{"data":[{"extend":"[{\"isLock\":2,\"overdueDate\":1681119998000,\"amount\":100,\"afterDay\":0,\"beforeDay\":0}]","name":"labelPolicy","result":"1","value":1,"version":"1681180127182"}],"status":1,"taskId":43171}
04-11 10:28:48.524 16508 16746 D |MDM3.3-Log_LogInterceptor|: (LogInterceptor.java:38) Response Body:{"result":1000}
04-11 10:28:48.524 16508 16746 D |MDM3.3-Log_LogInterceptor|: (LogInterceptor.java:38) Time:353 ms
04-11 10:28:48.524 16508 16746 D |MDM3.3-Log_LogInterceptor|: (LogInterceptor.java:38) ----------Request End----------
04-11 10:29:18.731 16508 16587 D |MDM3.3-Log_HPushLog|: (EmqPushListener.java:29) pushNumber = 219
04-11 10:29:18.731 16508 16587 D |MDM3.3-Log_HPushLog|: (EmqPushListener.java:30) Emq onMessageReceived==> {"message":1,"taskId":"43172"}
04-11 10:29:18.732 16508 16587 D |MDM3.3-Log|: (EmqPushListener.java:45) type = 1; taskId = 43172
04-11 10:29:18.732 16508 16587 D |MDM3.3-Log|: (TaskWork.java:135) 请求任务接口--->43172
04-11 10:29:18.786 16508 16732 D |MDM3.3-Log|: (Worker.java:85) TaskWork trigger by push doWork------------------pool-21-thread-1
04-11 10:29:19.039 16508 16732 D |MDM3.3-Log_LogInterceptor|: (LogInterceptor.java:38) ----------Request Start----------
04-11 10:29:19.040 16508 16732 D |MDM3.3-Log_LogInterceptor|: (LogInterceptor.java:38) POST https://gsapi.lespay.mx/mdm-api/client/control
04-11 10:29:19.040 16508 16732 D |MDM3.3-Log_LogInterceptor|: (LogInterceptor.java:38) mdmHeader: {"projectCode":"lisheng@123_6jW0GM","appCode":231,"deviceId":"869937054018794","model":"CMA-LX3","brand":"HONOR"}
04-11 10:29:19.041 16508 16732 D |MDM3.3-Log_LogInterceptor|: (LogInterceptor.java:38) Content-Type: application/json; charset=utf-8
04-11 10:29:19.042 16508 16732 D |MDM3.3-Log_LogInterceptor|: (LogInterceptor.java:38) Content-Length: 31
04-11 10:29:19.042 16508 16732 D |MDM3.3-Log_LogInterceptor|: (LogInterceptor.java:38) User-Agent: okhttp/4.9.0
04-11 10:29:19.043 16508 16732 D |MDM3.3-Log_LogInterceptor|: (LogInterceptor.java:38) Params:{"taskId":43172,"intfType":"1"}
04-11 10:29:19.046 16508 16732 D |MDM3.3-Log_LogInterceptor|: (LogInterceptor.java:38) Response Body:{"result":1000,"data":[{"extend":[{"isLock":1,"overdueDate":1681119998000,"amount":100.0,"afterDay":0,"beforeDay":0}],"name":"labelPolicy","value":"1","version":1681180158291}],"version":43172,"taskId":43172}
04-11 10:29:19.048 16508 16732 D |MDM3.3-Log_LogInterceptor|: (LogInterceptor.java:38) Time:249 ms
04-11 10:29:19.050 16508 16732 D |MDM3.3-Log_LogInterceptor|: (LogInterceptor.java:38) ----------Request End----------
04-11 10:29:19.058 16508 16732 D |MDM3.3-Log|: (TaskWork.java:356) TaskWork response success,send live data message--
04-11 10:29:19.059 16508 16508 D |MDM3.3-Log|: (EcmService.java:254) get ACTION_DATA TaskResponse---------
04-11 10:29:19.059 16508 16508 D |MDM3.3-Log|: (CommandAdapter.java:68) executeAction ==> TaskResponse{result=1000, taskId=43172, md5='', data=[TaskData{name='labelPolicy', value=1, version=1681180158291, extend='[{"isLock":1,"overdueDate":1681119998000,"amount":100,"afterDay":0,"beforeDay":0}]'}], deviceData=null}
04-11 10:29:19.062 16508 16740 D |MDM3.3-Log|: (CommandAdapter.java:90) filter task true ->TaskData{name='labelPolicy', value=1, version=1681180158291, extend='[{"isLock":1,"overdueDate":1681119998000,"amount":100,"afterDay":0,"beforeDay":0}]'}
04-11 10:29:19.081 16508 16740 D |MDM3.3-Log|: (CommandAdapter.java:111) saveTasks==================43172
04-11 10:29:19.082 16508 16740 I |MDM3.3-Log|: (LespagoLockUtils.java:80) overdue unlock
04-11 10:29:19.083 16508 16740 D |MDM3.3-Log|: (KioskUtils.java:123) 执行unLock，alertId=0  alertType=101
04-11 10:29:19.084 16508 16568 D |MDM3.3-Log|: (KioskUtils.java:130) push 触发的解锁，直接执行
04-11 10:29:19.086 16508 16508 I |MDM3.3-Log|: (EcmService.java:238) empty report list-----
04-11 10:29:19.087 16508 16508 D |MDM3.3-Log|: (KioskUtils.java:161) execute unlock
04-11 10:29:19.087 16508 16508 D |MDM3.3-Log|: (LockFragment.java:71) LOCK_MESSAGE_CHANGE--->clear_kiosk
04-11 10:29:19.088 16508 16508 D |MDM3.3-Log_GatewayImpl|: (DevicePolicyManagerGatewayImpl.java:1239) clearKiosk(com.easycontrol.emm)
04-11 10:29:19.107 16508 16508 E |MDM3.3-Log|: (KioskUtils.java:286) checkAppKiosk===>null22
04-11 10:29:19.107 16508 16508 D |MDM3.3-Log_GatewayImpl|: (DevicePolicyManagerGatewayImpl.java:1239) clearKiosk(com.easycontrol.emm)
04-11 10:29:19.121 16508 16508 D |MDM3.3-Log|: (EcmService.java:241) getReportTasks onChanged-----
04-11 10:29:19.136 16508 16508 E |MDM3.3-Log|: (ActivityThread.java:4726) DeviceAdminReceiver#receive action:android.app.action.LOCK_TASK_EXITING
04-11 10:29:19.138 16508 16885 D |MDM3.3-Log|: (ReportWork.java:57) report worker  doWork--------0
04-11 10:29:19.139 16508 16508 I |MDM3.3-Log|: (EcmService.java:238) empty report list-----
04-11 10:29:19.344 16508 16885 D |MDM3.3-Log_LogInterceptor|: (LogInterceptor.java:38) ----------Request Start----------
04-11 10:29:19.345 16508 16885 D |MDM3.3-Log_LogInterceptor|: (LogInterceptor.java:38) POST https://gsapi.lespay.mx/mdm-api/client/exeReport
04-11 10:29:19.346 16508 16885 D |MDM3.3-Log_LogInterceptor|: (LogInterceptor.java:38) mdmHeader: {"projectCode":"lisheng@123_6jW0GM","appCode":231,"deviceId":"869937054018794","model":"CMA-LX3","brand":"HONOR"}
04-11 10:29:19.346 16508 16885 D |MDM3.3-Log_LogInterceptor|: (LogInterceptor.java:38) Content-Type: application/json; charset=utf-8
04-11 10:29:19.346 16508 16885 D |MDM3.3-Log_LogInterceptor|: (LogInterceptor.java:38) Content-Length: 212
04-11 10:29:19.347 16508 16885 D |MDM3.3-Log_LogInterceptor|: (LogInterceptor.java:38) User-Agent: okhttp/4.9.0
04-11 10:29:19.347 16508 16885 D |MDM3.3-Log_LogInterceptor|: (LogInterceptor.java:38) Params:{"data":[{"extend":"[{\"isLock\":1,\"overdueDate\":1681119998000,\"amount\":100,\"afterDay\":0,\"beforeDay\":0}]","name":"labelPolicy","result":"1","value":1,"version":"1681180158291"}],"status":1,"taskId":43172}
04-11 10:29:19.347 16508 16885 D |MDM3.3-Log_LogInterceptor|: (LogInterceptor.java:38) Response Body:{"result":1000}
04-11 10:29:19.347 16508 16885 D |MDM3.3-Log_LogInterceptor|: (LogInterceptor.java:38) Time:201 ms
04-11 10:29:19.347 16508 16885 D |MDM3.3-Log_LogInterceptor|: (LogInterceptor.java:38) ----------Request End----------
--------- beginning of system
--------- beginning of main
2023-04-11 10:39:09.686 |MDM3....eptor| pid-16508             D  (LogInterceptor.java:38) ----------Request Start----------
2023-04-11 10:39:09.686 |MDM3....eptor| pid-16508             D  (LogInterceptor.java:38) POST https://gsapi.lespay.mx/mdm-api/client/exeReport
2023-04-11 10:39:09.686 |MDM3....eptor| pid-16508             D  (LogInterceptor.java:38) mdmHeader: {"projectCode":"lisheng@123_6jW0GM","appCode":231,"deviceId":"869937054018794","model":"CMA-LX3","brand":"HONOR"}
2023-04-11 10:39:09.686 |MDM3....eptor| pid-16508             D  (LogInterceptor.java:38) Content-Type: application/json; charset=utf-8
2023-04-11 10:39:09.686 |MDM3....eptor| pid-16508             D  (LogInterceptor.java:38) Content-Length: 212
2023-04-11 10:39:09.686 |MDM3....eptor| pid-16508             D  (LogInterceptor.java:38) User-Agent: okhttp/4.9.0
2023-04-11 10:39:09.686 |MDM3....eptor| pid-16508             D  (LogInterceptor.java:38) Params:{"data":[{"extend":"[{\"isLock\":2,\"overdueDate\":1681119998000,\"amount\":100,\"afterDay\":0,\"beforeDay\":0}]","name":"labelPolicy","result":"1","value":1,"version":"1681180748364"}],"status":1,"taskId":43191}
2023-04-11 10:39:09.686 |MDM3....eptor| pid-16508             D  (LogInterceptor.java:38) Response Body:{"result":1000}
2023-04-11 10:39:09.687 |MDM3....eptor| pid-16508             D  (LogInterceptor.java:38) Time:328 ms
2023-04-11 10:39:09.687 |MDM3....eptor| pid-16508             D  (LogInterceptor.java:38) ----------Request End----------
2023-04-11 10:39:40.100 |MDM3....shLog| pid-16508             D  (EmqPushListener.java:29) pushNumber = 239
2023-04-11 10:39:40.100 |MDM3....shLog| pid-16508             D  (EmqPushListener.java:30) Emq onMessageReceived==> {"message":1,"taskId":"43192"}
2023-04-11 10:39:40.101 |MDM3.3-Log|    pid-16508             D  (EmqPushListener.java:45) type = 1; taskId = 43192
2023-04-11 10:39:40.101 |MDM3.3-Log|    pid-16508             D  (TaskWork.java:135) 请求任务接口--->43192
2023-04-11 10:39:40.155 |MDM3.3-Log|    pid-16508             D  (Worker.java:85) TaskWork trigger by push doWork------------------pool-21-thread-1
2023-04-11 10:39:40.872 |MDM3....eptor| pid-16508             D  (LogInterceptor.java:38) ----------Request Start----------
2023-04-11 10:39:40.872 |MDM3....eptor| pid-16508             D  (LogInterceptor.java:38) POST https://gsapi.lespay.mx/mdm-api/client/control
2023-04-11 10:39:40.872 |MDM3....eptor| pid-16508             D  (LogInterceptor.java:38) mdmHeader: {"projectCode":"lisheng@123_6jW0GM","appCode":231,"deviceId":"869937054018794","model":"CMA-LX3","brand":"HONOR"}
2023-04-11 10:39:40.873 |MDM3....eptor| pid-16508             D  (LogInterceptor.java:38) Content-Type: application/json; charset=utf-8
2023-04-11 10:39:40.873 |MDM3....eptor| pid-16508             D  (LogInterceptor.java:38) Content-Length: 31
2023-04-11 10:39:40.873 |MDM3....eptor| pid-16508             D  (LogInterceptor.java:38) User-Agent: okhttp/4.9.0
2023-04-11 10:39:40.873 |MDM3....eptor| pid-16508             D  (LogInterceptor.java:38) Params:{"taskId":43192,"intfType":"1"}
2023-04-11 10:39:40.874 |MDM3....eptor| pid-16508             D  (LogInterceptor.java:38) Response Body:{"result":1000,"data":[{"extend":[{"isLock":1,"overdueDate":1681119998000,"amount":100.0,"afterDay":0,"beforeDay":0}],"name":"labelPolicy","value":"1","version":1681180779557}],"version":43192,"taskId":43192}
2023-04-11 10:39:40.874 |MDM3....eptor| pid-16508             D  (LogInterceptor.java:38) Time:714 ms
2023-04-11 10:39:40.874 |MDM3....eptor| pid-16508             D  (LogInterceptor.java:38) ----------Request End----------
2023-04-11 10:39:40.880 |MDM3.3-Log|    pid-16508             D  (TaskWork.java:356) TaskWork response success,send live data message--
2023-04-11 10:39:40.881 |MDM3.3-Log|    pid-16508             D  (EcmService.java:254) get ACTION_DATA TaskResponse---------
2023-04-11 10:39:40.881 |MDM3.3-Log|    pid-16508             D  (CommandAdapter.java:68) executeAction ==> TaskResponse{result=1000, taskId=43192, md5='', data=[TaskData{name='labelPolicy', value=1, version=1681180779557, extend='[{"isLock":1,"overdueDate":1681119998000,"amount":100,"afterDay":0,"beforeDay":0}]'}], deviceData=null}
2023-04-11 10:39:40.885 |MDM3.3-Log|    pid-16508             D  (CommandAdapter.java:90) filter task true ->TaskData{name='labelPolicy', value=1, version=1681180779557, extend='[{"isLock":1,"overdueDate":1681119998000,"amount":100,"afterDay":0,"beforeDay":0}]'}
2023-04-11 10:39:40.901 |MDM3.3-Log|    pid-16508             D  (CommandAdapter.java:111) saveTasks==================43192
2023-04-11 10:39:40.901 |MDM3.3-Log|    pid-16508             I  (LespagoLockUtils.java:80) overdue unlock
2023-04-11 10:39:40.902 |MDM3.3-Log|    pid-16508             D  (KioskUtils.java:123) 执行unLock，alertId=0  alertType=101
2023-04-11 10:39:40.902 |MDM3.3-Log|    pid-16508             D  (KioskUtils.java:130) push 触发的解锁，直接执行
2023-04-11 10:39:40.906 |MDM3.3-Log|    pid-16508             I  (EcmService.java:238) empty report list-----
2023-04-11 10:39:40.907 |MDM3.3-Log|    pid-16508             D  (KioskUtils.java:161) execute unlock
2023-04-11 10:39:40.907 |MDM3.3-Log|    pid-16508             D  (LockFragment.java:71) LOCK_MESSAGE_CHANGE--->clear_kiosk
2023-04-11 10:39:40.908 |MDM3....yImpl| pid-16508             D  (DevicePolicyManagerGatewayImpl.java:1239) clearKiosk(com.easycontrol.emm)
