04-10 18:28:02.308 18915 19094 D |MDM3.3-Log|: (CommandAdapter.java:90) filter task true ->TaskData{name='labelPolicy', value=1, version=1681122481325, extend='[{"isLock":1,"overdueDate":1681119998000,"amount":100,"afterDay":0,"beforeDay":0}]'}
04-10 18:28:02.329 18915 19094 D |MDM3.3-Log|: (CommandAdapter.java:111) saveTasks==================40194
04-10 18:28:02.331 18915 19094 I |MDM3.3-Log|: (LespagoLockUtils.java:80) overdue unlock
04-10 18:28:02.333 18915 19094 D |MDM3.3-Log|: (KioskUtils.java:123) 执行unLock，alertId=0  alertType=101
04-10 18:28:02.333 18915 21183 D |MDM3.3-Log|: (KioskUtils.java:130) push 触发的解锁，直接执行
04-10 18:28:02.341 18915 18915 D |MDM3.3-Log|: (KioskUtils.java:161) execute unlock
04-10 18:28:02.343 18915 18915 E |MDM3.3-Log|: (KioskUtils.java:286) checkAppKiosk===>null22
04-10 18:28:02.343 18915 18915 D |MDM3.3-Log_GatewayImpl|: (DevicePolicyManagerGatewayImpl.java:1239) clearKiosk(com.easycontrol.emm)
04-10 18:28:02.409 18915 18915 D |MDM3.3-Log|: (EcmService.java:241) getReportTasks onChanged-----
04-10 18:28:02.443 18915 18915 I |MDM3.3-Log|: (EcmService.java:238) empty report list-----
04-10 18:28:02.470 18915 18915 E |MDM3.3-Log|: (ActivityThread.java:4726) DeviceAdminReceiver#receive action:android.app.action.LOCK_TASK_EXITING
04-10 18:28:02.519 18915 31162 D |MDM3.3-Log_HPushLog|: (EmqPushListener.java:29) pushNumber = 76
04-10 18:28:02.519 18915 31162 D |MDM3.3-Log_HPushLog|: (EmqPushListener.java:30) Emq onMessageReceived==> {"message":1,"taskId":"40195"}
04-10 18:28:02.519 18915 31162 D |MDM3.3-Log|: (EmqPushListener.java:45) type = 1; taskId = 40195
04-10 18:28:02.519 18915 31162 D |MDM3.3-Log|: (TaskWork.java:135) 请求任务接口--->40195
04-10 18:28:02.634 18915 22818 D |MDM3.3-Log|: (ReportWork.java:57) report worker  doWork--------0
04-10 18:28:02.640 18915 23271 D |MDM3.3-Log|: (Worker.java:85) TaskWork trigger by push doWork------------------pool-17-thread-4
04-10 18:28:02.852 18915 22818 D |MDM3.3-Log_LogInterceptor|: (LogInterceptor.java:38) ----------Request Start----------
04-10 18:28:02.852 18915 22818 D |MDM3.3-Log_LogInterceptor|: (LogInterceptor.java:38) POST https://gsapi.lespay.mx/mdm-api/client/exeReport
04-10 18:28:02.852 18915 22818 D |MDM3.3-Log_LogInterceptor|: (LogInterceptor.java:38) mdmHeader: {"projectCode":"lisheng@123_6jW0GM","appCode":231,"deviceId":"869937054018794","model":"CMA-LX3","brand":"HONOR"}
04-10 18:28:02.853 18915 22818 D |MDM3.3-Log_LogInterceptor|: (LogInterceptor.java:38) Content-Type: application/json; charset=utf-8
04-10 18:28:02.853 18915 22818 D |MDM3.3-Log_LogInterceptor|: (LogInterceptor.java:38) Content-Length: 212
04-10 18:28:02.854 18915 22818 D |MDM3.3-Log_LogInterceptor|: (LogInterceptor.java:38) User-Agent: okhttp/4.9.0
04-10 18:28:02.854 18915 22818 D |MDM3.3-Log_LogInterceptor|: (LogInterceptor.java:38) Params:{"data":[{"extend":"[{\"isLock\":1,\"overdueDate\":1681119998000,\"amount\":100,\"afterDay\":0,\"beforeDay\":0}]","name":"labelPolicy","result":"1","value":1,"version":"1681122481325"}],"status":1,"taskId":40194}
04-10 18:28:02.856 18915 22818 D |MDM3.3-Log_LogInterceptor|: (LogInterceptor.java:38) Response Body:{"result":1000}
04-10 18:28:02.856 18915 22818 D |MDM3.3-Log_LogInterceptor|: (LogInterceptor.java:38) Time:213 ms
04-10 18:28:02.857 18915 22818 D |MDM3.3-Log_LogInterceptor|: (LogInterceptor.java:38) ----------Request End----------
04-10 18:28:02.949 18915 23271 D |MDM3.3-Log_LogInterceptor|: (LogInterceptor.java:38) ----------Request Start----------
04-10 18:28:02.950 18915 23271 D |MDM3.3-Log_LogInterceptor|: (LogInterceptor.java:38) POST https://gsapi.lespay.mx/mdm-api/client/control
04-10 18:28:02.950 18915 23271 D |MDM3.3-Log_LogInterceptor|: (LogInterceptor.java:38) mdmHeader: {"projectCode":"lisheng@123_6jW0GM","appCode":231,"deviceId":"869937054018794","model":"CMA-LX3","brand":"HONOR"}
04-10 18:28:02.951 18915 23271 D |MDM3.3-Log_LogInterceptor|: (LogInterceptor.java:38) Content-Type: application/json; charset=utf-8
04-10 18:28:02.952 18915 23271 D |MDM3.3-Log_LogInterceptor|: (LogInterceptor.java:38) Content-Length: 31
04-10 18:28:02.952 18915 23271 D |MDM3.3-Log_LogInterceptor|: (LogInterceptor.java:38) User-Agent: okhttp/4.9.0
04-10 18:28:02.953 18915 23271 D |MDM3.3-Log_LogInterceptor|: (LogInterceptor.java:38) Params:{"taskId":40195,"intfType":"1"}
04-10 18:28:02.955 18915 23271 D |MDM3.3-Log_LogInterceptor|: (LogInterceptor.java:38) Response Body:{"result":1000,"data":[{"extend":[{"isLock":2,"overdueDate":1681119998000,"amount":100.0,"afterDay":0,"beforeDay":0}],"name":"labelPolicy","value":"1","version":1681122482213}],"version":40195,"taskId":40195}
04-10 18:28:02.955 18915 23271 D |MDM3.3-Log_LogInterceptor|: (LogInterceptor.java:38) Time:306 ms
04-10 18:28:02.956 18915 23271 D |MDM3.3-Log_LogInterceptor|: (LogInterceptor.java:38) ----------Request End----------
04-10 18:28:02.970 18915 23271 D |MDM3.3-Log|: (TaskWork.java:356) TaskWork response success,send live data message--
04-10 18:28:02.971 18915 18915 D |MDM3.3-Log|: (EcmService.java:254) get ACTION_DATA TaskResponse---------
04-10 18:28:02.972 18915 18915 D |MDM3.3-Log|: (CommandAdapter.java:68) executeAction ==> TaskResponse{result=1000, taskId=40195, md5='', data=[TaskData{name='labelPolicy', value=1, version=1681122482213, extend='[{"isLock":2,"overdueDate":1681119998000,"amount":100,"afterDay":0,"beforeDay":0}]'}], deviceData=null}
04-10 18:28:02.974 18915 21183 D |MDM3.3-Log|: (CommandAdapter.java:90) filter task true ->TaskData{name='labelPolicy', value=1, version=1681122482213, extend='[{"isLock":2,"overdueDate":1681119998000,"amount":100,"afterDay":0,"beforeDay":0}]'}
04-10 18:28:02.992 18915 21183 D |MDM3.3-Log|: (CommandAdapter.java:111) saveTasks==================40195
04-10 18:28:02.993 18915 21183 I |MDM3.3-Log|: (LespagoLockUtils.java:86) overdue lock
04-10 18:28:02.995 18915 21183 D |MDM3.3-Log|: (KioskUtils.java:59) execute lock(alertId->0,alertType->101)
04-10 18:28:03.000 18915 19094 D |MDM3.3-Log|: (KioskUtils.java:78) update==>LockRecord{id=1, alertId=0, alertType=101, lock=1, lockTime=1681122482997}
04-10 18:28:03.005 18915 18915 D |MDM3.3-Log|: (KioskUtils.java:91) lock execute----
04-10 18:28:03.005 18915 18915 D |MDM3.3-Log_GatewayImpl|: (DevicePolicyManagerGatewayImpl.java:1177) setKiosk(com.easycontrol.emm)
04-10 18:28:03.061 18915 18915 D |MDM3.3-Log_GatewayImpl|: (DevicePolicyManagerGatewayImpl.java:1202) setKiosk complete-----
04-10 18:28:03.063 18915 18915 I |MDM3.3-Log|: (EcmService.java:238) empty report list-----
04-10 18:28:03.094 18915 18915 D |MDM3.3-Log_GatewayImpl|: (DevicePolicyManagerGatewayImpl.java:853) setLockTaskFeatures(GLOBAL_ACTIONS|SYSTEM_INFO)
04-10 18:28:03.095 18915  3328 D |MDM3.3-Log|: (KioskActivity.java:100) LockRecord has data ,execute lock
04-10 18:28:03.119 18915 18915 D |MDM3.3-Log|: (EcmService.java:241) getReportTasks onChanged-----
04-10 18:28:03.121 18915 19149 D |MDM3.3-Log|: (ReportWork.java:57) report worker  doWork--------0
04-10 18:28:03.121 18915 18915 E |MDM3.3-Log|: (ActivityThread.java:4726) DeviceAdminReceiver#receive action:android.app.action.LOCK_TASK_ENTERING
04-10 18:28:03.122 18915 18915 D |MDM3.3-Log|: (KioskActivity.java:136) switchByCommand====>kiosk_mode_lock
04-10 18:28:03.123 18915 18915 D |MDM3.3-Log|: (KioskActivity.java:197) 切换fragment---com.easycontrol.dpc.kiosk.LockFragment
04-10 18:28:03.151 18915 18915 D |MDM3.3-Log_GatewayImpl|: (DevicePolicyManagerGatewayImpl.java:807) setLockTaskPackages([com.easycontrol.emm, com.android.settings, com.android.phone, android, com.emoji.keyboard.touchpal.customization, com.android.incallui, com.android.server.telecom, com.android.dialer, com.android.htcdialer, com.google.android.dialer, com.asus.asusincallui, com.device.lespago])
04-10 18:28:03.158 18915 18915 I |MDM3.3-Log|: (EcmService.java:238) empty report list-----
04-10 18:28:03.343 18915 19149 D |MDM3.3-Log_LogInterceptor|: (LogInterceptor.java:38) ----------Request Start----------
04-10 18:28:03.344 18915 19149 D |MDM3.3-Log_LogInterceptor|: (LogInterceptor.java:38) POST https://gsapi.lespay.mx/mdm-api/client/exeReport
04-10 18:28:03.344 18915 19149 D |MDM3.3-Log_LogInterceptor|: (LogInterceptor.java:38) mdmHeader: {"projectCode":"lisheng@123_6jW0GM","appCode":231,"deviceId":"869937054018794","model":"CMA-LX3","brand":"HONOR"}
04-10 18:28:03.344 18915 19149 D |MDM3.3-Log_LogInterceptor|: (LogInterceptor.java:38) Content-Type: application/json; charset=utf-8
04-10 18:28:03.344 18915 19149 D |MDM3.3-Log_LogInterceptor|: (LogInterceptor.java:38) Content-Length: 212
04-10 18:28:03.344 18915 19149 D |MDM3.3-Log_LogInterceptor|: (LogInterceptor.java:38) User-Agent: okhttp/4.9.0
04-10 18:28:03.344 18915 19149 D |MDM3.3-Log_LogInterceptor|: (LogInterceptor.java:38) Params:{"data":[{"extend":"[{\"isLock\":2,\"overdueDate\":1681119998000,\"amount\":100,\"afterDay\":0,\"beforeDay\":0}]","name":"labelPolicy","result":"1","value":1,"version":"1681122482213"}],"status":1,"taskId":40195}
04-10 18:28:03.345 18915 19149 D |MDM3.3-Log_LogInterceptor|: (LogInterceptor.java:38) Response Body:{"result":1000}
04-10 18:28:03.345 18915 19149 D |MDM3.3-Log_LogInterceptor|: (LogInterceptor.java:38) Time:220 ms
04-10 18:28:03.345 18915 19149 D |MDM3.3-Log_LogInterceptor|: (LogInterceptor.java:38) ----------Request End----------
04-10 18:28:59.741 18915 31162 D |MDM3.3-Log_HPushLog|: (EmqPushListener.java:29) pushNumber = 77
04-10 18:28:59.741 18915 31162 D |MDM3.3-Log_HPushLog|: (EmqPushListener.java:30) Emq onMessageReceived==> {"message":1,"taskId":"40196"}
04-10 18:28:59.741 18915 31162 D |MDM3.3-Log|: (EmqPushListener.java:45) type = 1; taskId = 40196
04-10 18:28:59.742 18915 31162 D |MDM3.3-Log|: (TaskWork.java:135) 请求任务接口--->40196
04-10 18:28:59.797 18915 23239 D |MDM3.3-Log|: (Worker.java:85) TaskWork trigger by push doWork------------------pool-17-thread-3
04-10 18:29:00.106 18915 23239 D |MDM3.3-Log_LogInterceptor|: (LogInterceptor.java:38) ----------Request Start----------
04-10 18:29:00.107 18915 23239 D |MDM3.3-Log_LogInterceptor|: (LogInterceptor.java:38) POST https://gsapi.lespay.mx/mdm-api/client/control
04-10 18:29:00.107 18915 23239 D |MDM3.3-Log_LogInterceptor|: (LogInterceptor.java:38) mdmHeader: {"projectCode":"lisheng@123_6jW0GM","appCode":231,"deviceId":"869937054018794","model":"CMA-LX3","brand":"HONOR"}
04-10 18:29:00.108 18915 23239 D |MDM3.3-Log_LogInterceptor|: (LogInterceptor.java:38) Content-Type: application/json; charset=utf-8
04-10 18:29:00.109 18915 23239 D |MDM3.3-Log_LogInterceptor|: (LogInterceptor.java:38) Content-Length: 31
04-10 18:29:00.109 18915 23239 D |MDM3.3-Log_LogInterceptor|: (LogInterceptor.java:38) User-Agent: okhttp/4.9.0
04-10 18:29:00.110 18915 23239 D |MDM3.3-Log_LogInterceptor|: (LogInterceptor.java:38) Params:{"taskId":40196,"intfType":"1"}
04-10 18:29:00.113 18915 23239 D |MDM3.3-Log_LogInterceptor|: (LogInterceptor.java:38) Response Body:{"result":1000,"data":[{"extend":[{"isLock":1,"overdueDate":1681119998000,"amount":100.0,"afterDay":0,"beforeDay":0}],"name":"labelPolicy","value":"1","version":1681122539259}],"version":40196,"taskId":40196}
04-10 18:29:00.115 18915 23239 D |MDM3.3-Log_LogInterceptor|: (LogInterceptor.java:38) Time:301 ms
04-10 18:29:00.116 18915 23239 D |MDM3.3-Log_LogInterceptor|: (LogInterceptor.java:38) ----------Request End----------
04-10 18:29:00.126 18915 23239 D |MDM3.3-Log|: (TaskWork.java:356) TaskWork response success,send live data message--
04-10 18:29:00.127 18915 18915 D |MDM3.3-Log|: (EcmService.java:254) get ACTION_DATA TaskResponse---------
04-10 18:29:00.128 18915 18915 D |MDM3.3-Log|: (CommandAdapter.java:68) executeAction ==> TaskResponse{result=1000, taskId=40196, md5='', data=[TaskData{name='labelPolicy', value=1, version=1681122539259, extend='[{"isLock":1,"overdueDate":1681119998000,"amount":100,"afterDay":0,"beforeDay":0}]'}], deviceData=null}
04-10 18:29:00.132 18915 19094 D |MDM3.3-Log|: (CommandAdapter.java:90) filter task true ->TaskData{name='labelPolicy', value=1, version=1681122539259, extend='[{"isLock":1,"overdueDate":1681119998000,"amount":100,"afterDay":0,"beforeDay":0}]'}
04-10 18:29:00.150 18915 19094 D |MDM3.3-Log|: (CommandAdapter.java:111) saveTasks==================40196
04-10 18:29:00.151 18915 19094 I |MDM3.3-Log|: (LespagoLockUtils.java:80) overdue unlock
04-10 18:29:00.156 18915 19094 D |MDM3.3-Log|: (KioskUtils.java:123) 执行unLock，alertId=0  alertType=101
04-10 18:29:00.158 18915 21183 D |MDM3.3-Log|: (KioskUtils.java:130) push 触发的解锁，直接执行
04-10 18:29:00.161 18915 18915 D |MDM3.3-Log|: (KioskUtils.java:161) execute unlock
04-10 18:29:00.163 18915 18915 I |MDM3.3-Log|: (EcmService.java:238) empty report list-----
04-10 18:29:00.163 18915 18915 D |MDM3.3-Log|: (LockFragment.java:71) LOCK_MESSAGE_CHANGE--->clear_kiosk
04-10 18:29:00.163 18915 18915 D |MDM3.3-Log_GatewayImpl|: (DevicePolicyManagerGatewayImpl.java:1239) clearKiosk(com.easycontrol.emm)
04-10 18:29:00.199 18915 18915 E |MDM3.3-Log|: (KioskUtils.java:286) checkAppKiosk===>null22
04-10 18:29:00.200 18915 18915 D |MDM3.3-Log_GatewayImpl|: (DevicePolicyManagerGatewayImpl.java:1239) clearKiosk(com.easycontrol.emm)
04-10 18:29:00.245 18915 18915 E |MDM3.3-Log|: (ActivityThread.java:4726) DeviceAdminReceiver#receive action:android.app.action.LOCK_TASK_EXITING
04-10 18:29:00.324 18915 18915 D |MDM3.3-Log|: (EcmService.java:241) getReportTasks onChanged-----
04-10 18:29:00.338 18915 22818 D |MDM3.3-Log|: (ReportWork.java:57) report worker  doWork--------0
04-10 18:29:00.358 18915 18915 I |MDM3.3-Log|: (EcmService.java:238) empty report list-----
04-10 18:29:00.697 18915 22818 D |MDM3.3-Log_LogInterceptor|: (LogInterceptor.java:38) ----------Request Start----------
04-10 18:29:00.698 18915 22818 D |MDM3.3-Log_LogInterceptor|: (LogInterceptor.java:38) POST https://gsapi.lespay.mx/mdm-api/client/exeReport
04-10 18:29:00.698 18915 22818 D |MDM3.3-Log_LogInterceptor|: (LogInterceptor.java:38) mdmHeader: {"projectCode":"lisheng@123_6jW0GM","appCode":231,"deviceId":"869937054018794","model":"CMA-LX3","brand":"HONOR"}
04-10 18:29:00.701 18915 31162 D |MDM3.3-Log_HPushLog|: (EmqPushListener.java:29) pushNumber = 78
04-10 18:29:00.701 18915 31162 D |MDM3.3-Log_HPushLog|: (EmqPushListener.java:30) Emq onMessageReceived==> {"message":1,"taskId":"40197"}
04-10 18:29:00.702 18915 31162 D |MDM3.3-Log|: (EmqPushListener.java:45) type = 1; taskId = 40197
04-10 18:29:00.702 18915 31162 D |MDM3.3-Log|: (TaskWork.java:135) 请求任务接口--->40197
04-10 18:29:00.704 18915 22818 D |MDM3.3-Log_LogInterceptor|: (LogInterceptor.java:38) Content-Type: application/json; charset=utf-8
04-10 18:29:00.704 18915 22818 D |MDM3.3-Log_LogInterceptor|: (LogInterceptor.java:38) Content-Length: 212
04-10 18:29:00.705 18915 22818 D |MDM3.3-Log_LogInterceptor|: (LogInterceptor.java:38) User-Agent: okhttp/4.9.0
04-10 18:29:00.705 18915 22818 D |MDM3.3-Log_LogInterceptor|: (LogInterceptor.java:38) Params:{"data":[{"extend":"[{\"isLock\":1,\"overdueDate\":1681119998000,\"amount\":100,\"afterDay\":0,\"beforeDay\":0}]","name":"labelPolicy","result":"1","value":1,"version":"1681122539259"}],"status":1,"taskId":40196}
04-10 18:29:00.707 18915 22818 D |MDM3.3-Log_LogInterceptor|: (LogInterceptor.java:38) Response Body:{"result":1000}
04-10 18:29:00.707 18915 22818 D |MDM3.3-Log_LogInterceptor|: (LogInterceptor.java:38) Time:356 ms
04-10 18:29:00.708 18915 22818 D |MDM3.3-Log_LogInterceptor|: (LogInterceptor.java:38) ----------Request End----------
04-10 18:29:00.752 18915 23271 D |MDM3.3-Log|: (Worker.java:85) TaskWork trigger by push doWork------------------pool-17-thread-4
04-10 18:29:01.075 18915 23271 D |MDM3.3-Log_LogInterceptor|: (LogInterceptor.java:38) ----------Request Start----------
04-10 18:29:01.076 18915 23271 D |MDM3.3-Log_LogInterceptor|: (LogInterceptor.java:38) POST https://gsapi.lespay.mx/mdm-api/client/control
04-10 18:29:01.076 18915 23271 D |MDM3.3-Log_LogInterceptor|: (LogInterceptor.java:38) mdmHeader: {"projectCode":"lisheng@123_6jW0GM","appCode":231,"deviceId":"869937054018794","model":"CMA-LX3","brand":"HONOR"}
04-10 18:29:01.076 18915 23271 D |MDM3.3-Log_LogInterceptor|: (LogInterceptor.java:38) Content-Type: application/json; charset=utf-8
04-10 18:29:01.076 18915 23271 D |MDM3.3-Log_LogInterceptor|: (LogInterceptor.java:38) Content-Length: 31
04-10 18:29:01.077 18915 23271 D |MDM3.3-Log_LogInterceptor|: (LogInterceptor.java:38) User-Agent: okhttp/4.9.0
04-10 18:29:01.077 18915 23271 D |MDM3.3-Log_LogInterceptor|: (LogInterceptor.java:38) Params:{"taskId":40197,"intfType":"1"}
04-10 18:29:01.079 18915 23271 D |MDM3.3-Log_LogInterceptor|: (LogInterceptor.java:38) Response Body:{"result":1000,"data":[{"extend":[{"isLock":2,"overdueDate":1681119998000,"amount":100.0,"afterDay":0,"beforeDay":0}],"name":"labelPolicy","value":"1","version":1681122540232}],"version":40197,"taskId":40197}
04-10 18:29:01.079 18915 23271 D |MDM3.3-Log_LogInterceptor|: (LogInterceptor.java:38) Time:320 ms
04-10 18:29:01.080 18915 23271 D |MDM3.3-Log_LogInterceptor|: (LogInterceptor.java:38) ----------Request End----------
04-10 18:29:01.084 18915 23271 D |MDM3.3-Log|: (TaskWork.java:356) TaskWork response success,send live data message--
04-10 18:29:01.085 18915 18915 D |MDM3.3-Log|: (EcmService.java:254) get ACTION_DATA TaskResponse---------
04-10 18:29:01.086 18915 18915 D |MDM3.3-Log|: (CommandAdapter.java:68) executeAction ==> TaskResponse{result=1000, taskId=40197, md5='', data=[TaskData{name='labelPolicy', value=1, version=1681122540232, extend='[{"isLock":2,"overdueDate":1681119998000,"amount":100,"afterDay":0,"beforeDay":0}]'}], deviceData=null}
04-10 18:29:01.088 18915 19094 D |MDM3.3-Log|: (CommandAdapter.java:90) filter task true ->TaskData{name='labelPolicy', value=1, version=1681122540232, extend='[{"isLock":2,"overdueDate":1681119998000,"amount":100,"afterDay":0,"beforeDay":0}]'}
04-10 18:29:01.100 18915 19094 D |MDM3.3-Log|: (CommandAdapter.java:111) saveTasks==================40197
04-10 18:29:01.102 18915 19094 I |MDM3.3-Log|: (LespagoLockUtils.java:86) overdue lock
04-10 18:29:01.103 18915 19094 D |MDM3.3-Log|: (KioskUtils.java:59) execute lock(alertId->0,alertType->101)
04-10 18:29:01.107 18915 18915 I |MDM3.3-Log|: (EcmService.java:238) empty report list-----
04-10 18:29:01.112 18915 19094 D |MDM3.3-Log|: (KioskUtils.java:78) update==>LockRecord{id=1, alertId=0, alertType=101, lock=1, lockTime=1681122541106}
04-10 18:29:01.112 18915 18915 D |MDM3.3-Log|: (KioskUtils.java:91) lock execute----
04-10 18:29:01.113 18915 18915 D |MDM3.3-Log_GatewayImpl|: (DevicePolicyManagerGatewayImpl.java:1177) setKiosk(com.easycontrol.emm)
04-10 18:29:01.153 18915 18915 D |MDM3.3-Log_GatewayImpl|: (DevicePolicyManagerGatewayImpl.java:1202) setKiosk complete-----
04-10 18:29:01.154 18915 18915 D |MDM3.3-Log|: (EcmService.java:241) getReportTasks onChanged-----
04-10 18:29:01.159 18915 18915 I |MDM3.3-Log|: (EcmService.java:238) empty report list-----
04-10 18:29:01.202 18915 18915 D |MDM3.3-Log_GatewayImpl|: (DevicePolicyManagerGatewayImpl.java:853) setLockTaskFeatures(GLOBAL_ACTIONS|SYSTEM_INFO)
04-10 18:29:01.202 18915  3328 D |MDM3.3-Log|: (KioskActivity.java:100) LockRecord has data ,execute lock
04-10 18:29:01.229 18915 18915 E |MDM3.3-Log|: (ActivityThread.java:4726) DeviceAdminReceiver#receive action:android.app.action.LOCK_TASK_ENTERING
04-10 18:29:01.229 18915 18915 D |MDM3.3-Log|: (KioskActivity.java:136) switchByCommand====>kiosk_mode_lock
04-10 18:29:01.229 18915 18915 D |MDM3.3-Log|: (KioskActivity.java:197) 切换fragment---com.easycontrol.dpc.kiosk.LockFragment
04-10 18:29:01.230 18915 19149 D |MDM3.3-Log|: (ReportWork.java:57) report worker  doWork--------0
04-10 18:29:01.272 18915 18915 D |MDM3.3-Log_GatewayImpl|: (DevicePolicyManagerGatewayImpl.java:807) setLockTaskPackages([com.easycontrol.emm, com.android.settings, com.android.phone, android, com.emoji.keyboard.touchpal.customization, com.android.incallui, com.android.server.telecom, com.android.dialer, com.android.htcdialer, com.google.android.dialer, com.asus.asusincallui, com.device.lespago])
04-10 18:29:01.728 18915 19149 D |MDM3.3-Log_LogInterceptor|: (LogInterceptor.java:38) ----------Request Start----------
04-10 18:29:01.728 18915 19149 D |MDM3.3-Log_LogInterceptor|: (LogInterceptor.java:38) POST https://gsapi.lespay.mx/mdm-api/client/exeReport
04-10 18:29:01.728 18915 19149 D |MDM3.3-Log_LogInterceptor|: (LogInterceptor.java:38) mdmHeader: {"projectCode":"lisheng@123_6jW0GM","appCode":231,"deviceId":"869937054018794","model":"CMA-LX3","brand":"HONOR"}
04-10 18:29:01.728 18915 19149 D |MDM3.3-Log_LogInterceptor|: (LogInterceptor.java:38) Content-Type: application/json; charset=utf-8
04-10 18:29:01.728 18915 19149 D |MDM3.3-Log_LogInterceptor|: (LogInterceptor.java:38) Content-Length: 212
04-10 18:29:01.728 18915 19149 D |MDM3.3-Log_LogInterceptor|: (LogInterceptor.java:38) User-Agent: okhttp/4.9.0
04-10 18:29:01.728 18915 19149 D |MDM3.3-Log_LogInterceptor|: (LogInterceptor.java:38) Params:{"data":[{"extend":"[{\"isLock\":2,\"overdueDate\":1681119998000,\"amount\":100,\"afterDay\":0,\"beforeDay\":0}]","name":"labelPolicy","result":"1","value":1,"version":"1681122540232"}],"status":1,"taskId":40197}
04-10 18:29:01.729 18915 19149 D |MDM3.3-Log_LogInterceptor|: (LogInterceptor.java:38) Response Body:{"result":1000}
04-10 18:29:01.729 18915 19149 D |MDM3.3-Log_LogInterceptor|: (LogInterceptor.java:38) Time:496 ms
04-10 18:29:01.729 18915 19149 D |MDM3.3-Log_LogInterceptor|: (LogInterceptor.java:38) ----------Request End----------
04-10 18:29:03.615 18915 31162 D |MDM3.3-Log_HPushLog|: (EmqPushListener.java:29) pushNumber = 79
04-10 18:29:03.615 18915 31162 D |MDM3.3-Log_HPushLog|: (EmqPushListener.java:30) Emq onMessageReceived==> {"message":1,"taskId":"40198"}
04-10 18:29:03.615 18915 31162 D |MDM3.3-Log|: (EmqPushListener.java:45) type = 1; taskId = 40198
04-10 18:29:03.615 18915 31162 D |MDM3.3-Log|: (TaskWork.java:135) 请求任务接口--->40198
04-10 18:29:03.632 18915 23239 D |MDM3.3-Log|: (Worker.java:85) TaskWork trigger by push doWork------------------pool-17-thread-3
04-10 18:29:03.956 18915 23239 D |MDM3.3-Log_LogInterceptor|: (LogInterceptor.java:38) ----------Request Start----------
04-10 18:29:03.956 18915 23239 D |MDM3.3-Log_LogInterceptor|: (LogInterceptor.java:38) POST https://gsapi.lespay.mx/mdm-api/client/control
04-10 18:29:03.956 18915 23239 D |MDM3.3-Log_LogInterceptor|: (LogInterceptor.java:38) mdmHeader: {"projectCode":"lisheng@123_6jW0GM","appCode":231,"deviceId":"869937054018794","model":"CMA-LX3","brand":"HONOR"}
04-10 18:29:03.956 18915 23239 D |MDM3.3-Log_LogInterceptor|: (LogInterceptor.java:38) Content-Type: application/json; charset=utf-8
04-10 18:29:03.956 18915 23239 D |MDM3.3-Log_LogInterceptor|: (LogInterceptor.java:38) Content-Length: 31
04-10 18:29:03.956 18915 23239 D |MDM3.3-Log_LogInterceptor|: (LogInterceptor.java:38) User-Agent: okhttp/4.9.0
04-10 18:29:03.957 18915 23239 D |MDM3.3-Log_LogInterceptor|: (LogInterceptor.java:38) Params:{"taskId":40198,"intfType":"1"}
04-10 18:29:03.957 18915 23239 D |MDM3.3-Log_LogInterceptor|: (LogInterceptor.java:38) Response Body:{"result":1000,"data":[{"extend":[{"isLock":1,"overdueDate":1681119998000,"amount":100.0,"afterDay":0,"beforeDay":0}],"name":"labelPolicy","value":"1","version":1681122543095}],"version":40198,"taskId":40198}
04-10 18:29:03.957 18915 23239 D |MDM3.3-Log_LogInterceptor|: (LogInterceptor.java:38) Time:322 ms
04-10 18:29:03.957 18915 23239 D |MDM3.3-Log_LogInterceptor|: (LogInterceptor.java:38) ----------Request End----------
04-10 18:29:03.958 18915 23239 D |MDM3.3-Log|: (TaskWork.java:356) TaskWork response success,send live data message--
04-10 18:29:03.959 18915 18915 D |MDM3.3-Log|: (EcmService.java:254) get ACTION_DATA TaskResponse---------
04-10 18:29:03.959 18915 18915 D |MDM3.3-Log|: (CommandAdapter.java:68) executeAction ==> TaskResponse{result=1000, taskId=40198, md5='', data=[TaskData{name='labelPolicy', value=1, version=1681122543095, extend='[{"isLock":1,"overdueDate":1681119998000,"amount":100,"afterDay":0,"beforeDay":0}]'}], deviceData=null}
04-10 18:29:03.959 18915 19094 D |MDM3.3-Log|: (CommandAdapter.java:90) filter task true ->TaskData{name='labelPolicy', value=1, version=1681122543095, extend='[{"isLock":1,"overdueDate":1681119998000,"amount":100,"afterDay":0,"beforeDay":0}]'}
04-10 18:29:03.965 18915 19094 D |MDM3.3-Log|: (CommandAdapter.java:111) saveTasks==================40198
04-10 18:29:03.966 18915 19094 I |MDM3.3-Log|: (LespagoLockUtils.java:80) overdue unlock
04-10 18:29:03.966 18915 18915 I |MDM3.3-Log|: (EcmService.java:238) empty report list-----
04-10 18:29:03.966 18915 19094 D |MDM3.3-Log|: (KioskUtils.java:123) 执行unLock，alertId=0  alertType=101
04-10 18:29:03.967 18915 21183 D |MDM3.3-Log|: (KioskUtils.java:130) push 触发的解锁，直接执行
04-10 18:29:03.968 18915 18915 D |MDM3.3-Log|: (KioskUtils.java:161) execute unlock
04-10 18:29:03.968 18915 18915 D |MDM3.3-Log|: (LockFragment.java:71) LOCK_MESSAGE_CHANGE--->clear_kiosk
04-10 18:29:03.968 18915 18915 D |MDM3.3-Log_GatewayImpl|: (DevicePolicyManagerGatewayImpl.java:1239) clearKiosk(com.easycontrol.emm)
04-10 18:29:03.983 18915 18915 E |MDM3.3-Log|: (KioskUtils.java:286) checkAppKiosk===>null22
04-10 18:29:03.983 18915 18915 D |MDM3.3-Log_GatewayImpl|: (DevicePolicyManagerGatewayImpl.java:1239) clearKiosk(com.easycontrol.emm)
04-10 18:29:04.006 18915 18915 E |MDM3.3-Log|: (ActivityThread.java:4726) DeviceAdminReceiver#receive action:android.app.action.LOCK_TASK_EXITING
04-10 18:29:04.006 18915 18915 D |MDM3.3-Log|: (EcmService.java:241) getReportTasks onChanged-----
04-10 18:29:04.007 18915 22818 D |MDM3.3-Log|: (ReportWork.java:57) report worker  doWork--------0
04-10 18:29:04.017 18915 18915 I |MDM3.3-Log|: (EcmService.java:238) empty report list-----
04-10 18:29:04.602 18915 22818 D |MDM3.3-Log_LogInterceptor|: (LogInterceptor.java:38) ----------Request Start----------
04-10 18:29:04.603 18915 22818 D |MDM3.3-Log_LogInterceptor|: (LogInterceptor.java:38) POST https://gsapi.lespay.mx/mdm-api/client/exeReport
04-10 18:29:04.603 18915 22818 D |MDM3.3-Log_LogInterceptor|: (LogInterceptor.java:38) mdmHeader: {"projectCode":"lisheng@123_6jW0GM","appCode":231,"deviceId":"869937054018794","model":"CMA-LX3","brand":"HONOR"}
04-10 18:29:04.604 18915 22818 D |MDM3.3-Log_LogInterceptor|: (LogInterceptor.java:38) Content-Type: application/json; charset=utf-8
04-10 18:29:04.605 18915 22818 D |MDM3.3-Log_LogInterceptor|: (LogInterceptor.java:38) Content-Length: 212
04-10 18:29:04.605 18915 22818 D |MDM3.3-Log_LogInterceptor|: (LogInterceptor.java:38) User-Agent: okhttp/4.9.0
04-10 18:29:04.606 18915 22818 D |MDM3.3-Log_LogInterceptor|: (LogInterceptor.java:38) Params:{"data":[{"extend":"[{\"isLock\":1,\"overdueDate\":1681119998000,\"amount\":100,\"afterDay\":0,\"beforeDay\":0}]","name":"labelPolicy","result":"1","value":1,"version":"1681122543095"}],"status":1,"taskId":40198}
04-10 18:29:04.608 18915 22818 D |MDM3.3-Log_LogInterceptor|: (LogInterceptor.java:38) Response Body:{"result":1000}
04-10 18:29:04.610 18915 22818 D |MDM3.3-Log_LogInterceptor|: (LogInterceptor.java:38) Time:593 ms
04-10 18:29:04.611 18915 22818 D |MDM3.3-Log_LogInterceptor|: (LogInterceptor.java:38) ----------Request End----------
04-10 18:29:05.228 18915 31162 D |MDM3.3-Log_HPushLog|: (EmqPushListener.java:29) pushNumber = 80
04-10 18:29:05.229 18915 31162 D |MDM3.3-Log_HPushLog|: (EmqPushListener.java:30) Emq onMessageReceived==> {"message":1,"taskId":"40199"}
04-10 18:29:05.229 18915 31162 D |MDM3.3-Log|: (EmqPushListener.java:45) type = 1; taskId = 40199
04-10 18:29:05.230 18915 31162 D |MDM3.3-Log|: (TaskWork.java:135) 请求任务接口--->40199
04-10 18:29:05.271 18915 23271 D |MDM3.3-Log|: (Worker.java:85) TaskWork trigger by push doWork------------------pool-17-thread-4
04-10 18:29:05.490 18915 23271 D |MDM3.3-Log_LogInterceptor|: (LogInterceptor.java:38) ----------Request Start----------
04-10 18:29:05.490 18915 23271 D |MDM3.3-Log_LogInterceptor|: (LogInterceptor.java:38) POST https://gsapi.lespay.mx/mdm-api/client/control
04-10 18:29:05.491 18915 23271 D |MDM3.3-Log_LogInterceptor|: (LogInterceptor.java:38) mdmHeader: {"projectCode":"lisheng@123_6jW0GM","appCode":231,"deviceId":"869937054018794","model":"CMA-LX3","brand":"HONOR"}
04-10 18:29:05.492 18915 23271 D |MDM3.3-Log_LogInterceptor|: (LogInterceptor.java:38) Content-Type: application/json; charset=utf-8
04-10 18:29:05.493 18915 23271 D |MDM3.3-Log_LogInterceptor|: (LogInterceptor.java:38) Content-Length: 31
04-10 18:29:05.494 18915 23271 D |MDM3.3-Log_LogInterceptor|: (LogInterceptor.java:38) User-Agent: okhttp/4.9.0
04-10 18:29:05.494 18915 23271 D |MDM3.3-Log_LogInterceptor|: (LogInterceptor.java:38) Params:{"taskId":40199,"intfType":"1"}
04-10 18:29:05.496 18915 23271 D |MDM3.3-Log_LogInterceptor|: (LogInterceptor.java:38) Response Body:{"result":1000,"data":[{"extend":[{"isLock":2,"overdueDate":1681119998000,"amount":100.0,"afterDay":0,"beforeDay":0}],"name":"labelPolicy","value":"1","version":1681122543993}],"version":40199,"taskId":40199}
04-10 18:29:05.497 18915 23271 D |MDM3.3-Log_LogInterceptor|: (LogInterceptor.java:38) Time:214 ms
04-10 18:29:05.498 18915 23271 D |MDM3.3-Log_LogInterceptor|: (LogInterceptor.java:38) ----------Request End----------
04-10 18:29:05.503 18915 23271 D |MDM3.3-Log|: (TaskWork.java:356) TaskWork response success,send live data message--
04-10 18:29:05.504 18915 18915 D |MDM3.3-Log|: (EcmService.java:254) get ACTION_DATA TaskResponse---------
04-10 18:29:05.505 18915 18915 D |MDM3.3-Log|: (CommandAdapter.java:68) executeAction ==> TaskResponse{result=1000, taskId=40199, md5='', data=[TaskData{name='labelPolicy', value=1, version=1681122543993, extend='[{"isLock":2,"overdueDate":1681119998000,"amount":100,"afterDay":0,"beforeDay":0}]'}], deviceData=null}
04-10 18:29:05.509 18915 21183 D |MDM3.3-Log|: (CommandAdapter.java:90) filter task true ->TaskData{name='labelPolicy', value=1, version=1681122543993, extend='[{"isLock":2,"overdueDate":1681119998000,"amount":100,"afterDay":0,"beforeDay":0}]'}
04-10 18:29:05.514 18915 21183 D |MDM3.3-Log|: (CommandAdapter.java:111) saveTasks==================40199
04-10 18:29:05.515 18915 21183 I |MDM3.3-Log|: (LespagoLockUtils.java:86) overdue lock
04-10 18:29:05.518 18915 21183 D |MDM3.3-Log|: (KioskUtils.java:59) execute lock(alertId->0,alertType->101)
04-10 18:29:05.522 18915 18915 I |MDM3.3-Log|: (EcmService.java:238) empty report list-----
04-10 18:29:05.523 18915 19094 D |MDM3.3-Log|: (KioskUtils.java:78) update==>LockRecord{id=1, alertId=0, alertType=101, lock=1, lockTime=1681122545519}
04-10 18:29:05.525 18915 18915 D |MDM3.3-Log|: (KioskUtils.java:91) lock execute----
04-10 18:29:05.526 18915 18915 D |MDM3.3-Log_GatewayImpl|: (DevicePolicyManagerGatewayImpl.java:1177) setKiosk(com.easycontrol.emm)
04-10 18:29:05.565 18915 18915 D |MDM3.3-Log_GatewayImpl|: (DevicePolicyManagerGatewayImpl.java:1202) setKiosk complete-----
04-10 18:29:05.570 18915 18915 D |MDM3.3-Log|: (EcmService.java:241) getReportTasks onChanged-----
04-10 18:29:05.577 18915 18915 I |MDM3.3-Log|: (EcmService.java:238) empty report list-----
04-10 18:29:05.607 18915  3328 D |MDM3.3-Log|: (KioskActivity.java:100) LockRecord has data ,execute lock
04-10 18:29:05.609 18915 18915 D |MDM3.3-Log_GatewayImpl|: (DevicePolicyManagerGatewayImpl.java:853) setLockTaskFeatures(GLOBAL_ACTIONS|SYSTEM_INFO)
04-10 18:29:05.641 18915 18915 D |MDM3.3-Log|: (KioskActivity.java:136) switchByCommand====>kiosk_mode_lock
04-10 18:29:05.641 18915 18915 D |MDM3.3-Log|: (KioskActivity.java:197) 切换fragment---com.easycontrol.dpc.kiosk.LockFragment
04-10 18:29:05.669 18915 18915 E |MDM3.3-Log|: (ActivityThread.java:4726) DeviceAdminReceiver#receive action:android.app.action.LOCK_TASK_ENTERING
04-10 18:29:05.670 18915 19149 D |MDM3.3-Log|: (ReportWork.java:57) report worker  doWork--------0
04-10 18:29:05.685 18915 18915 D |MDM3.3-Log_GatewayImpl|: (DevicePolicyManagerGatewayImpl.java:807) setLockTaskPackages([com.easycontrol.emm, com.android.settings, com.android.phone, android, com.emoji.keyboard.touchpal.customization, com.android.incallui, com.android.server.telecom, com.android.dialer, com.android.htcdialer, com.google.android.dialer, com.asus.asusincallui, com.device.lespago])
04-10 18:29:05.936 18915 19149 D |MDM3.3-Log_LogInterceptor|: (LogInterceptor.java:38) ----------Request Start----------
04-10 18:29:05.936 18915 19149 D |MDM3.3-Log_LogInterceptor|: (LogInterceptor.java:38) POST https://gsapi.lespay.mx/mdm-api/client/exeReport
04-10 18:29:05.936 18915 19149 D |MDM3.3-Log_LogInterceptor|: (LogInterceptor.java:38) mdmHeader: {"projectCode":"lisheng@123_6jW0GM","appCode":231,"deviceId":"869937054018794","model":"CMA-LX3","brand":"HONOR"}
04-10 18:29:05.936 18915 19149 D |MDM3.3-Log_LogInterceptor|: (LogInterceptor.java:38) Content-Type: application/json; charset=utf-8
04-10 18:29:05.936 18915 19149 D |MDM3.3-Log_LogInterceptor|: (LogInterceptor.java:38) Content-Length: 212
04-10 18:29:05.936 18915 19149 D |MDM3.3-Log_LogInterceptor|: (LogInterceptor.java:38) User-Agent: okhttp/4.9.0
04-10 18:29:05.936 18915 19149 D |MDM3.3-Log_LogInterceptor|: (LogInterceptor.java:38) Params:{"data":[{"extend":"[{\"isLock\":2,\"overdueDate\":1681119998000,\"amount\":100,\"afterDay\":0,\"beforeDay\":0}]","name":"labelPolicy","result":"1","value":1,"version":"1681122543993"}],"status":1,"taskId":40199}
04-10 18:29:05.937 18915 19149 D |MDM3.3-Log_LogInterceptor|: (LogInterceptor.java:38) Response Body:{"result":1000}
04-10 18:29:05.937 18915 19149 D |MDM3.3-Log_LogInterceptor|: (LogInterceptor.java:38) Time:260 ms
04-10 18:29:05.937 18915 19149 D |MDM3.3-Log_LogInterceptor|: (LogInterceptor.java:38) ----------Request End----------
