04-11 10:14:14.546 16508 17125 D |MDM3.3-Log_LogInterceptor|: (LogInterceptor.java:38) User-Agent: okhttp/4.9.0
04-11 10:14:14.548 16508 17125 D |MDM3.3-Log_LogInterceptor|: (LogInterceptor.java:38) Params:{"taskId":43148,"intfType":"1"}
04-11 10:14:14.552 16508 17125 D |MDM3.3-Log_LogInterceptor|: (LogInterceptor.java:38) Response Body:{"result":1000,"data":[{"extend":[{"isLock":1,"overdueDate":1681119998000,"amount":100.0,"afterDay":0,"beforeDay":0}],"name":"labelPolicy","value":"1","version":1681179253914}],"version":43148,"taskId":43148}
04-11 10:14:14.554 16508 17125 D |MDM3.3-Log_LogInterceptor|: (LogInterceptor.java:38) Time:261 ms
04-11 10:14:14.555 16508 17125 D |MDM3.3-Log_LogInterceptor|: (LogInterceptor.java:38) ----------Request End----------
04-11 10:14:14.561 16508 17125 D |MDM3.3-Log|: (TaskWork.java:356) TaskWork response success,send live data message--
04-11 10:14:14.563 16508 16508 D |MDM3.3-Log|: (EcmService.java:254) get ACTION_DATA TaskResponse---------
04-11 10:14:14.564 16508 16508 D |MDM3.3-Log|: (CommandAdapter.java:68) executeAction ==> TaskResponse{result=1000, taskId=43148, md5='', data=[TaskData{name='labelPolicy', value=1, version=1681179253914, extend='[{"isLock":1,"overdueDate":1681119998000,"amount":100,"afterDay":0,"beforeDay":0}]'}], deviceData=null}
04-11 10:14:14.570 16508 16568 D |MDM3.3-Log|: (CommandAdapter.java:90) filter task true ->TaskData{name='labelPolicy', value=1, version=1681179253914, extend='[{"isLock":1,"overdueDate":1681119998000,"amount":100,"afterDay":0,"beforeDay":0}]'}
04-11 10:14:14.587 16508 16568 D |MDM3.3-Log|: (CommandAdapter.java:111) saveTasks==================43148
04-11 10:14:14.588 16508 16568 I |MDM3.3-Log|: (LespagoLockUtils.java:80) overdue unlock
04-11 10:14:14.589 16508 16568 D |MDM3.3-Log|: (KioskUtils.java:123) 执行unLock，alertId=0  alertType=101
04-11 10:14:14.590 16508 16568 D |MDM3.3-Log|: (KioskUtils.java:130) push 触发的解锁，直接执行
04-11 10:14:14.593 16508 16508 D |MDM3.3-Log|: (KioskUtils.java:161) execute unlock
04-11 10:14:14.593 16508 16508 D |MDM3.3-Log|: (LockFragment.java:71) LOCK_MESSAGE_CHANGE--->clear_kiosk
04-11 10:14:14.594 16508 16508 D |MDM3.3-Log_GatewayImpl|: (DevicePolicyManagerGatewayImpl.java:1239) clearKiosk(com.easycontrol.emm)
04-11 10:14:14.616 16508 16508 D |MDM3.3-Log|: (EcmService.java:241) getReportTasks onChanged-----
04-11 10:14:14.616 16508 16508 E |MDM3.3-Log|: (KioskUtils.java:286) checkAppKiosk===>null22
04-11 10:14:14.616 16508 16508 D |MDM3.3-Log_GatewayImpl|: (DevicePolicyManagerGatewayImpl.java:1239) clearKiosk(com.easycontrol.emm)
04-11 10:14:14.645 16508 16508 E |MDM3.3-Log|: (ActivityThread.java:4726) DeviceAdminReceiver#receive action:android.app.action.LOCK_TASK_EXITING
04-11 10:14:14.652 16508 16508 I |MDM3.3-Log|: (EcmService.java:238) empty report list-----
04-11 10:14:14.735 16508 16746 D |MDM3.3-Log|: (ReportWork.java:57) report worker  doWork--------0
04-11 10:14:15.049 16508 16746 D |MDM3.3-Log_LogInterceptor|: (LogInterceptor.java:38) ----------Request Start----------
04-11 10:14:15.050 16508 16746 D |MDM3.3-Log_LogInterceptor|: (LogInterceptor.java:38) POST https://gsapi.lespay.mx/mdm-api/client/exeReport
04-11 10:14:15.050 16508 16746 D |MDM3.3-Log_LogInterceptor|: (LogInterceptor.java:38) mdmHeader: {"projectCode":"lisheng@123_6jW0GM","appCode":231,"deviceId":"869937054018794","model":"CMA-LX3","brand":"HONOR"}
04-11 10:14:15.050 16508 16746 D |MDM3.3-Log_LogInterceptor|: (LogInterceptor.java:38) Content-Type: application/json; charset=utf-8
04-11 10:14:15.051 16508 16746 D |MDM3.3-Log_LogInterceptor|: (LogInterceptor.java:38) Content-Length: 212
04-11 10:14:15.051 16508 16746 D |MDM3.3-Log_LogInterceptor|: (LogInterceptor.java:38) User-Agent: okhttp/4.9.0
04-11 10:14:15.051 16508 16746 D |MDM3.3-Log_LogInterceptor|: (LogInterceptor.java:38) Params:{"data":[{"extend":"[{\"isLock\":1,\"overdueDate\":1681119998000,\"amount\":100,\"afterDay\":0,\"beforeDay\":0}]","name":"labelPolicy","result":"1","value":1,"version":"1681179253914"}],"status":1,"taskId":43148}
04-11 10:14:15.052 16508 16746 D |MDM3.3-Log_LogInterceptor|: (LogInterceptor.java:38) Response Body:{"result":1000}
04-11 10:14:15.052 16508 16746 D |MDM3.3-Log_LogInterceptor|: (LogInterceptor.java:38) Time:312 ms
04-11 10:14:15.054 16508 16746 D |MDM3.3-Log_LogInterceptor|: (LogInterceptor.java:38) ----------Request End----------
04-11 10:15:15.366 16508 16587 D |MDM3.3-Log_HPushLog|: (EmqPushListener.java:29) pushNumber = 197
04-11 10:15:15.366 16508 16587 D |MDM3.3-Log_HPushLog|: (EmqPushListener.java:30) Emq onMessageReceived==> {"message":1,"taskId":"43149"}
04-11 10:15:15.367 16508 16587 D |MDM3.3-Log|: (EmqPushListener.java:45) type = 1; taskId = 43149
04-11 10:15:15.367 16508 16587 D |MDM3.3-Log|: (TaskWork.java:135) 请求任务接口--->43149
04-11 10:15:15.420 16508 16732 D |MDM3.3-Log|: (Worker.java:85) TaskWork trigger by push doWork------------------pool-21-thread-1
04-11 10:15:15.668 16508 16732 D |MDM3.3-Log_LogInterceptor|: (LogInterceptor.java:38) ----------Request Start----------
04-11 10:15:15.669 16508 16732 D |MDM3.3-Log_LogInterceptor|: (LogInterceptor.java:38) POST https://gsapi.lespay.mx/mdm-api/client/control
04-11 10:15:15.670 16508 16732 D |MDM3.3-Log_LogInterceptor|: (LogInterceptor.java:38) mdmHeader: {"projectCode":"lisheng@123_6jW0GM","appCode":231,"deviceId":"869937054018794","model":"CMA-LX3","brand":"HONOR"}
04-11 10:15:15.671 16508 16732 D |MDM3.3-Log_LogInterceptor|: (LogInterceptor.java:38) Content-Type: application/json; charset=utf-8
04-11 10:15:15.671 16508 16732 D |MDM3.3-Log_LogInterceptor|: (LogInterceptor.java:38) Content-Length: 31
04-11 10:15:15.672 16508 16732 D |MDM3.3-Log_LogInterceptor|: (LogInterceptor.java:38) User-Agent: okhttp/4.9.0
04-11 10:15:15.674 16508 16732 D |MDM3.3-Log_LogInterceptor|: (LogInterceptor.java:38) Params:{"taskId":43149,"intfType":"1"}
04-11 10:15:15.675 16508 16732 D |MDM3.3-Log_LogInterceptor|: (LogInterceptor.java:38) Response Body:{"result":1000,"data":[{"extend":[{"isLock":2,"overdueDate":1681119998000,"amount":100.0,"afterDay":0,"beforeDay":0}],"name":"labelPolicy","value":"1","version":1681179314963}],"version":43149,"taskId":43149}
04-11 10:15:15.676 16508 16732 D |MDM3.3-Log_LogInterceptor|: (LogInterceptor.java:38) Time:238 ms
04-11 10:15:15.677 16508 16732 D |MDM3.3-Log_LogInterceptor|: (LogInterceptor.java:38) ----------Request End----------
04-11 10:15:15.682 16508 16732 D |MDM3.3-Log|: (TaskWork.java:356) TaskWork response success,send live data message--
04-11 10:15:15.687 16508 16508 D |MDM3.3-Log|: (EcmService.java:254) get ACTION_DATA TaskResponse---------
04-11 10:15:15.689 16508 16508 D |MDM3.3-Log|: (CommandAdapter.java:68) executeAction ==> TaskResponse{result=1000, taskId=43149, md5='', data=[TaskData{name='labelPolicy', value=1, version=1681179314963, extend='[{"isLock":2,"overdueDate":1681119998000,"amount":100,"afterDay":0,"beforeDay":0}]'}], deviceData=null}
04-11 10:15:15.695 16508 16740 D |MDM3.3-Log|: (CommandAdapter.java:90) filter task true ->TaskData{name='labelPolicy', value=1, version=1681179314963, extend='[{"isLock":2,"overdueDate":1681119998000,"amount":100,"afterDay":0,"beforeDay":0}]'}
04-11 10:15:15.707 16508 16740 D |MDM3.3-Log|: (CommandAdapter.java:111) saveTasks==================43149
04-11 10:15:15.707 16508 16740 I |MDM3.3-Log|: (LespagoLockUtils.java:86) overdue lock
04-11 10:15:15.713 16508 16740 D |MDM3.3-Log|: (KioskUtils.java:59) execute lock(alertId->0,alertType->101)
04-11 10:15:15.716 16508 16508 I |MDM3.3-Log|: (EcmService.java:238) empty report list-----
04-11 10:15:15.720 16508 16568 D |MDM3.3-Log|: (KioskUtils.java:78) update==>LockRecord{id=1, alertId=0, alertType=101, lock=1, lockTime=1681179315717}
04-11 10:15:15.725 16508 16508 D |MDM3.3-Log|: (KioskUtils.java:91) lock execute----
04-11 10:15:15.725 16508 16508 D |MDM3.3-Log_GatewayImpl|: (DevicePolicyManagerGatewayImpl.java:1177) setKiosk(com.easycontrol.emm)
04-11 10:15:15.780 16508 16508 D |MDM3.3-Log_GatewayImpl|: (DevicePolicyManagerGatewayImpl.java:1202) setKiosk complete-----
04-11 10:15:15.785 16508 16508 D |MDM3.3-Log|: (EcmService.java:241) getReportTasks onChanged-----
04-11 10:15:15.788 16508 16508 I |MDM3.3-Log|: (EcmService.java:238) empty report list-----
04-11 10:15:15.813 16508 16508 D |MDM3.3-Log_GatewayImpl|: (DevicePolicyManagerGatewayImpl.java:853) setLockTaskFeatures(GLOBAL_ACTIONS|SYSTEM_INFO)
04-11 10:15:15.814 16508 30420 D |MDM3.3-Log|: (KioskActivity.java:100) LockRecord has data ,execute lock
04-11 10:15:15.837 16508 16508 D |MDM3.3-Log|: (KioskActivity.java:136) switchByCommand====>kiosk_mode_lock
04-11 10:15:15.838 16508 16508 D |MDM3.3-Log|: (KioskActivity.java:197) 切换fragment---com.easycontrol.dpc.kiosk.LockFragment
04-11 10:15:15.858 16508 16885 D |MDM3.3-Log|: (ReportWork.java:57) report worker  doWork--------0
04-11 10:15:15.866 16508 16508 D |MDM3.3-Log_GatewayImpl|: (DevicePolicyManagerGatewayImpl.java:807) setLockTaskPackages([com.easycontrol.emm, com.android.settings, com.android.phone, android, com.emoji.keyboard.touchpal.customization, com.android.incallui, com.android.server.telecom, com.android.dialer, com.android.htcdialer, com.google.android.dialer, com.asus.asusincallui, com.device.lespago])
04-11 10:15:15.921 16508 16508 E |MDM3.3-Log|: (ActivityThread.java:4726) DeviceAdminReceiver#receive action:android.app.action.LOCK_TASK_ENTERING
04-11 10:15:16.134 16508 16885 D |MDM3.3-Log_LogInterceptor|: (LogInterceptor.java:38) ----------Request Start----------
04-11 10:15:16.135 16508 16885 D |MDM3.3-Log_LogInterceptor|: (LogInterceptor.java:38) POST https://gsapi.lespay.mx/mdm-api/client/exeReport
04-11 10:15:16.135 16508 16885 D |MDM3.3-Log_LogInterceptor|: (LogInterceptor.java:38) mdmHeader: {"projectCode":"lisheng@123_6jW0GM","appCode":231,"deviceId":"869937054018794","model":"CMA-LX3","brand":"HONOR"}
04-11 10:15:16.135 16508 16885 D |MDM3.3-Log_LogInterceptor|: (LogInterceptor.java:38) Content-Type: application/json; charset=utf-8
04-11 10:15:16.135 16508 16885 D |MDM3.3-Log_LogInterceptor|: (LogInterceptor.java:38) Content-Length: 212
04-11 10:15:16.135 16508 16885 D |MDM3.3-Log_LogInterceptor|: (LogInterceptor.java:38) User-Agent: okhttp/4.9.0
04-11 10:15:16.135 16508 16885 D |MDM3.3-Log_LogInterceptor|: (LogInterceptor.java:38) Params:{"data":[{"extend":"[{\"isLock\":2,\"overdueDate\":1681119998000,\"amount\":100,\"afterDay\":0,\"beforeDay\":0}]","name":"labelPolicy","result":"1","value":1,"version":"1681179314963"}],"status":1,"taskId":43149}
04-11 10:15:16.135 16508 16885 D |MDM3.3-Log_LogInterceptor|: (LogInterceptor.java:38) Response Body:{"result":1000}
04-11 10:15:16.135 16508 16885 D |MDM3.3-Log_LogInterceptor|: (LogInterceptor.java:38) Time:275 ms
04-11 10:15:16.136 16508 16885 D |MDM3.3-Log_LogInterceptor|: (LogInterceptor.java:38) ----------Request End----------
04-11 10:16:16.494 16508 16587 D |MDM3.3-Log_HPushLog|: (EmqPushListener.java:29) pushNumber = 198
04-11 10:16:16.494 16508 16587 D |MDM3.3-Log_HPushLog|: (EmqPushListener.java:30) Emq onMessageReceived==> {"message":1,"taskId":"43150"}
04-11 10:16:16.494 16508 16587 D |MDM3.3-Log|: (EmqPushListener.java:45) type = 1; taskId = 43150
04-11 10:16:16.495 16508 16587 D |MDM3.3-Log|: (TaskWork.java:135) 请求任务接口--->43150
04-11 10:16:16.541 16508 17125 D |MDM3.3-Log|: (Worker.java:85) TaskWork trigger by push doWork------------------pool-21-thread-4
04-11 10:16:16.809 16508 17125 D |MDM3.3-Log_LogInterceptor|: (LogInterceptor.java:38) ----------Request Start----------
04-11 10:16:16.810 16508 17125 D |MDM3.3-Log_LogInterceptor|: (LogInterceptor.java:38) POST https://gsapi.lespay.mx/mdm-api/client/control
04-11 10:16:16.811 16508 17125 D |MDM3.3-Log_LogInterceptor|: (LogInterceptor.java:38) mdmHeader: {"projectCode":"lisheng@123_6jW0GM","appCode":231,"deviceId":"869937054018794","model":"CMA-LX3","brand":"HONOR"}
04-11 10:16:16.814 16508 17125 D |MDM3.3-Log_LogInterceptor|: (LogInterceptor.java:38) Content-Type: application/json; charset=utf-8
04-11 10:16:16.816 16508 17125 D |MDM3.3-Log_LogInterceptor|: (LogInterceptor.java:38) Content-Length: 31
04-11 10:16:16.817 16508 17125 D |MDM3.3-Log_LogInterceptor|: (LogInterceptor.java:38) User-Agent: okhttp/4.9.0
04-11 10:16:16.818 16508 17125 D |MDM3.3-Log_LogInterceptor|: (LogInterceptor.java:38) Params:{"taskId":43150,"intfType":"1"}
04-11 10:16:16.819 16508 17125 D |MDM3.3-Log_LogInterceptor|: (LogInterceptor.java:38) Response Body:{"result":1000,"data":[{"extend":[{"isLock":1,"overdueDate":1681119998000,"amount":100.0,"afterDay":0,"beforeDay":0}],"name":"labelPolicy","value":"1","version":1681179375952}],"version":43150,"taskId":43150}
04-11 10:16:16.820 16508 17125 D |MDM3.3-Log_LogInterceptor|: (LogInterceptor.java:38) Time:266 ms
04-11 10:16:16.820 16508 17125 D |MDM3.3-Log_LogInterceptor|: (LogInterceptor.java:38) ----------Request End----------
04-11 10:16:16.828 16508 17125 D |MDM3.3-Log|: (TaskWork.java:356) TaskWork response success,send live data message--
04-11 10:16:16.829 16508 16508 D |MDM3.3-Log|: (EcmService.java:254) get ACTION_DATA TaskResponse---------
04-11 10:16:16.830 16508 16508 D |MDM3.3-Log|: (CommandAdapter.java:68) executeAction ==> TaskResponse{result=1000, taskId=43150, md5='', data=[TaskData{name='labelPolicy', value=1, version=1681179375952, extend='[{"isLock":1,"overdueDate":1681119998000,"amount":100,"afterDay":0,"beforeDay":0}]'}], deviceData=null}
04-11 10:16:16.832 16508 16568 D |MDM3.3-Log|: (CommandAdapter.java:90) filter task true ->TaskData{name='labelPolicy', value=1, version=1681179375952, extend='[{"isLock":1,"overdueDate":1681119998000,"amount":100,"afterDay":0,"beforeDay":0}]'}
04-11 10:16:16.843 16508 16568 D |MDM3.3-Log|: (CommandAdapter.java:111) saveTasks==================43150
04-11 10:16:16.843 16508 16568 I |MDM3.3-Log|: (LespagoLockUtils.java:80) overdue unlock
04-11 10:16:16.845 16508 16568 D |MDM3.3-Log|: (KioskUtils.java:123) 执行unLock，alertId=0  alertType=101
04-11 10:16:16.846 16508 16568 D |MDM3.3-Log|: (KioskUtils.java:130) push 触发的解锁，直接执行
04-11 10:16:16.848 16508 16508 I |MDM3.3-Log|: (EcmService.java:238) empty report list-----
04-11 10:16:16.859 16508 16508 D |MDM3.3-Log|: (KioskUtils.java:161) execute unlock
04-11 10:16:16.863 16508 16508 D |MDM3.3-Log|: (LockFragment.java:71) LOCK_MESSAGE_CHANGE--->clear_kiosk
04-11 10:16:16.863 16508 16508 D |MDM3.3-Log_GatewayImpl|: (DevicePolicyManagerGatewayImpl.java:1239) clearKiosk(com.easycontrol.emm)
04-11 10:16:16.881 16508 16508 D |MDM3.3-Log|: (EcmService.java:241) getReportTasks onChanged-----
04-11 10:16:16.882 16508 16508 E |MDM3.3-Log|: (KioskUtils.java:286) checkAppKiosk===>null22
04-11 10:16:16.882 16508 16508 D |MDM3.3-Log_GatewayImpl|: (DevicePolicyManagerGatewayImpl.java:1239) clearKiosk(com.easycontrol.emm)
04-11 10:16:16.936 16508 16508 I |MDM3.3-Log|: (EcmService.java:238) empty report list-----
04-11 10:16:16.937 16508 16746 D |MDM3.3-Log|: (ReportWork.java:57) report worker  doWork--------0
04-11 10:16:16.939 16508 16508 E |MDM3.3-Log|: (ActivityThread.java:4726) DeviceAdminReceiver#receive action:android.app.action.LOCK_TASK_EXITING
04-11 10:16:17.931 16508 16746 D |MDM3.3-Log_LogInterceptor|: (LogInterceptor.java:38) ----------Request Start----------
04-11 10:16:17.931 16508 16746 D |MDM3.3-Log_LogInterceptor|: (LogInterceptor.java:38) POST https://gsapi.lespay.mx/mdm-api/client/exeReport
04-11 10:16:17.931 16508 16746 D |MDM3.3-Log_LogInterceptor|: (LogInterceptor.java:38) mdmHeader: {"projectCode":"lisheng@123_6jW0GM","appCode":231,"deviceId":"869937054018794","model":"CMA-LX3","brand":"HONOR"}
04-11 10:16:17.931 16508 16746 D |MDM3.3-Log_LogInterceptor|: (LogInterceptor.java:38) Content-Type: application/json; charset=utf-8
04-11 10:16:17.931 16508 16746 D |MDM3.3-Log_LogInterceptor|: (LogInterceptor.java:38) Content-Length: 212
04-11 10:16:17.932 16508 16746 D |MDM3.3-Log_LogInterceptor|: (LogInterceptor.java:38) User-Agent: okhttp/4.9.0
04-11 10:16:17.932 16508 16746 D |MDM3.3-Log_LogInterceptor|: (LogInterceptor.java:38) Params:{"data":[{"extend":"[{\"isLock\":1,\"overdueDate\":1681119998000,\"amount\":100,\"afterDay\":0,\"beforeDay\":0}]","name":"labelPolicy","result":"1","value":1,"version":"1681179375952"}],"status":1,"taskId":43150}
04-11 10:16:17.932 16508 16746 D |MDM3.3-Log_LogInterceptor|: (LogInterceptor.java:38) Response Body:{"result":1000}
04-11 10:16:17.932 16508 16746 D |MDM3.3-Log_LogInterceptor|: (LogInterceptor.java:38) Time:983 ms
04-11 10:16:17.933 16508 16746 D |MDM3.3-Log_LogInterceptor|: (LogInterceptor.java:38) ----------Request End----------
04-11 10:17:23.266 16508 16587 D |MDM3.3-Log_HPushLog|: (EmqPushListener.java:29) pushNumber = 199
04-11 10:17:23.266 16508 16587 D |MDM3.3-Log_HPushLog|: (EmqPushListener.java:30) Emq onMessageReceived==> {"message":1,"taskId":"43151"}
04-11 10:17:23.267 16508 16587 D |MDM3.3-Log|: (EmqPushListener.java:45) type = 1; taskId = 43151
04-11 10:17:23.267 16508 16587 D |MDM3.3-Log|: (TaskWork.java:135) 请求任务接口--->43151
04-11 10:17:23.328 16508 16732 D |MDM3.3-Log|: (Worker.java:85) TaskWork trigger by push doWork------------------pool-21-thread-1
04-11 10:17:23.579 16508 16732 D |MDM3.3-Log_LogInterceptor|: (LogInterceptor.java:38) ----------Request Start----------
04-11 10:17:23.579 16508 16732 D |MDM3.3-Log_LogInterceptor|: (LogInterceptor.java:38) POST https://gsapi.lespay.mx/mdm-api/client/control
04-11 10:17:23.580 16508 16732 D |MDM3.3-Log_LogInterceptor|: (LogInterceptor.java:38) mdmHeader: {"projectCode":"lisheng@123_6jW0GM","appCode":231,"deviceId":"869937054018794","model":"CMA-LX3","brand":"HONOR"}
04-11 10:17:23.581 16508 16732 D |MDM3.3-Log_LogInterceptor|: (LogInterceptor.java:38) Content-Type: application/json; charset=utf-8
04-11 10:17:23.581 16508 16732 D |MDM3.3-Log_LogInterceptor|: (LogInterceptor.java:38) Content-Length: 31
04-11 10:17:23.582 16508 16732 D |MDM3.3-Log_LogInterceptor|: (LogInterceptor.java:38) User-Agent: okhttp/4.9.0
04-11 10:17:23.583 16508 16732 D |MDM3.3-Log_LogInterceptor|: (LogInterceptor.java:38) Params:{"taskId":43151,"intfType":"1"}
04-11 10:17:23.584 16508 16732 D |MDM3.3-Log_LogInterceptor|: (LogInterceptor.java:38) Response Body:{"result":1000,"data":[{"extend":[{"isLock":2,"overdueDate":1681119998000,"amount":100.0,"afterDay":0,"beforeDay":0}],"name":"labelPolicy","value":"1","version":1681179442598}],"version":43151,"taskId":43151}
04-11 10:17:23.585 16508 16732 D |MDM3.3-Log_LogInterceptor|: (LogInterceptor.java:38) Time:245 ms
04-11 10:17:23.586 16508 16732 D |MDM3.3-Log_LogInterceptor|: (LogInterceptor.java:38) ----------Request End----------
04-11 10:17:23.593 16508 16732 D |MDM3.3-Log|: (TaskWork.java:356) TaskWork response success,send live data message--
04-11 10:17:23.594 16508 16508 D |MDM3.3-Log|: (EcmService.java:254) get ACTION_DATA TaskResponse---------
04-11 10:17:23.594 16508 16508 D |MDM3.3-Log|: (CommandAdapter.java:68) executeAction ==> TaskResponse{result=1000, taskId=43151, md5='', data=[TaskData{name='labelPolicy', value=1, version=1681179442598, extend='[{"isLock":2,"overdueDate":1681119998000,"amount":100,"afterDay":0,"beforeDay":0}]'}], deviceData=null}
04-11 10:17:23.601 16508 16740 D |MDM3.3-Log|: (CommandAdapter.java:90) filter task true ->TaskData{name='labelPolicy', value=1, version=1681179442598, extend='[{"isLock":2,"overdueDate":1681119998000,"amount":100,"afterDay":0,"beforeDay":0}]'}
04-11 10:17:23.617 16508 16740 D |MDM3.3-Log|: (CommandAdapter.java:111) saveTasks==================43151
04-11 10:17:23.618 16508 16740 I |MDM3.3-Log|: (LespagoLockUtils.java:86) overdue lock
04-11 10:17:23.619 16508 16740 D |MDM3.3-Log|: (KioskUtils.java:59) execute lock(alertId->0,alertType->101)
04-11 10:17:23.628 16508 16740 D |MDM3.3-Log|: (KioskUtils.java:78) update==>LockRecord{id=1, alertId=0, alertType=101, lock=1, lockTime=1681179443626}
04-11 10:17:23.649 16508 16508 D |MDM3.3-Log|: (KioskUtils.java:91) lock execute----
04-11 10:17:23.649 16508 16508 D |MDM3.3-Log_GatewayImpl|: (DevicePolicyManagerGatewayImpl.java:1177) setKiosk(com.easycontrol.emm)
04-11 10:17:23.708 16508 16508 D |MDM3.3-Log_GatewayImpl|: (DevicePolicyManagerGatewayImpl.java:1202) setKiosk complete-----
04-11 10:17:23.711 16508 16508 D |MDM3.3-Log|: (EcmService.java:241) getReportTasks onChanged-----
04-11 10:17:23.739 16508 16508 D |MDM3.3-Log_GatewayImpl|: (DevicePolicyManagerGatewayImpl.java:853) setLockTaskFeatures(GLOBAL_ACTIONS|SYSTEM_INFO)
04-11 10:17:23.753 16508 30677 D |MDM3.3-Log|: (KioskActivity.java:100) LockRecord has data ,execute lock
04-11 10:17:23.770 16508 16508 I |MDM3.3-Log|: (EcmService.java:238) empty report list-----
04-11 10:17:23.776 16508 16508 D |MDM3.3-Log|: (KioskActivity.java:136) switchByCommand====>kiosk_mode_lock
04-11 10:17:23.776 16508 16508 D |MDM3.3-Log|: (KioskActivity.java:197) 切换fragment---com.easycontrol.dpc.kiosk.LockFragment
04-11 10:17:23.777 16508 16885 D |MDM3.3-Log|: (ReportWork.java:57) report worker  doWork--------0
04-11 10:17:23.802 16508 16508 E |MDM3.3-Log|: (ActivityThread.java:4726) DeviceAdminReceiver#receive action:android.app.action.LOCK_TASK_ENTERING
04-11 10:17:23.810 16508 16508 D |MDM3.3-Log_GatewayImpl|: (DevicePolicyManagerGatewayImpl.java:807) setLockTaskPackages([com.easycontrol.emm, com.android.settings, com.android.phone, android, com.emoji.keyboard.touchpal.customization, com.android.incallui, com.android.server.telecom, com.android.dialer, com.android.htcdialer, com.google.android.dialer, com.asus.asusincallui, com.device.lespago])
04-11 10:17:24.079 16508 16885 D |MDM3.3-Log_LogInterceptor|: (LogInterceptor.java:38) ----------Request Start----------
04-11 10:17:24.079 16508 16885 D |MDM3.3-Log_LogInterceptor|: (LogInterceptor.java:38) POST https://gsapi.lespay.mx/mdm-api/client/exeReport
04-11 10:17:24.079 16508 16885 D |MDM3.3-Log_LogInterceptor|: (LogInterceptor.java:38) mdmHeader: {"projectCode":"lisheng@123_6jW0GM","appCode":231,"deviceId":"869937054018794","model":"CMA-LX3","brand":"HONOR"}
04-11 10:17:24.080 16508 16885 D |MDM3.3-Log_LogInterceptor|: (LogInterceptor.java:38) Content-Type: application/json; charset=utf-8
04-11 10:17:24.080 16508 16885 D |MDM3.3-Log_LogInterceptor|: (LogInterceptor.java:38) Content-Length: 212
04-11 10:17:24.080 16508 16885 D |MDM3.3-Log_LogInterceptor|: (LogInterceptor.java:38) User-Agent: okhttp/4.9.0
04-11 10:17:24.080 16508 16885 D |MDM3.3-Log_LogInterceptor|: (LogInterceptor.java:38) Params:{"data":[{"extend":"[{\"isLock\":2,\"overdueDate\":1681119998000,\"amount\":100,\"afterDay\":0,\"beforeDay\":0}]","name":"labelPolicy","result":"1","value":1,"version":"1681179442598"}],"status":1,"taskId":43151}
04-11 10:17:24.080 16508 16885 D |MDM3.3-Log_LogInterceptor|: (LogInterceptor.java:38) Response Body:{"result":1000}
04-11 10:17:24.080 16508 16885 D |MDM3.3-Log_LogInterceptor|: (LogInterceptor.java:38) Time:301 ms
04-11 10:17:24.080 16508 16885 D |MDM3.3-Log_LogInterceptor|: (LogInterceptor.java:38) ----------Request End----------
04-11 10:19:28.548 16508 16587 D |MDM3.3-Log_HPushLog|: (EmqPushListener.java:29) pushNumber = 200
04-11 10:19:28.548 16508 16587 D |MDM3.3-Log_HPushLog|: (EmqPushListener.java:30) Emq onMessageReceived==> {"message":1,"taskId":"43152"}
04-11 10:19:28.549 16508 16587 D |MDM3.3-Log|: (EmqPushListener.java:45) type = 1; taskId = 43152
04-11 10:19:28.549 16508 16587 D |MDM3.3-Log|: (TaskWork.java:135) 请求任务接口--->43152
04-11 10:19:28.611 16508 17125 D |MDM3.3-Log|: (Worker.java:85) TaskWork trigger by push doWork------------------pool-21-thread-4
04-11 10:19:28.908 16508 17125 D |MDM3.3-Log_LogInterceptor|: (LogInterceptor.java:38) ----------Request Start----------
04-11 10:19:28.909 16508 17125 D |MDM3.3-Log_LogInterceptor|: (LogInterceptor.java:38) POST https://gsapi.lespay.mx/mdm-api/client/control
04-11 10:19:28.909 16508 17125 D |MDM3.3-Log_LogInterceptor|: (LogInterceptor.java:38) mdmHeader: {"projectCode":"lisheng@123_6jW0GM","appCode":231,"deviceId":"869937054018794","model":"CMA-LX3","brand":"HONOR"}
04-11 10:19:28.910 16508 17125 D |MDM3.3-Log_LogInterceptor|: (LogInterceptor.java:38) Content-Type: application/json; charset=utf-8
04-11 10:19:28.911 16508 17125 D |MDM3.3-Log_LogInterceptor|: (LogInterceptor.java:38) Content-Length: 31
04-11 10:19:28.911 16508 17125 D |MDM3.3-Log_LogInterceptor|: (LogInterceptor.java:38) User-Agent: okhttp/4.9.0
04-11 10:19:28.912 16508 17125 D |MDM3.3-Log_LogInterceptor|: (LogInterceptor.java:38) Params:{"taskId":43152,"intfType":"1"}
04-11 10:19:28.913 16508 17125 D |MDM3.3-Log_LogInterceptor|: (LogInterceptor.java:38) Response Body:{"result":1000,"data":[{"extend":[{"isLock":2,"overdueDate":1681119998000,"amount":100.0,"afterDay":0,"beforeDay":0}],"name":"labelPolicy","value":"1","version":1681179567937}],"version":43152,"taskId":43152}
04-11 10:19:28.914 16508 17125 D |MDM3.3-Log_LogInterceptor|: (LogInterceptor.java:38) Time:294 ms
04-11 10:19:28.914 16508 17125 D |MDM3.3-Log_LogInterceptor|: (LogInterceptor.java:38) ----------Request End----------
04-11 10:19:28.923 16508 17125 D |MDM3.3-Log|: (TaskWork.java:356) TaskWork response success,send live data message--
04-11 10:19:28.926 16508 16508 D |MDM3.3-Log|: (EcmService.java:254) get ACTION_DATA TaskResponse---------
04-11 10:19:28.926 16508 16508 D |MDM3.3-Log|: (CommandAdapter.java:68) executeAction ==> TaskResponse{result=1000, taskId=43152, md5='', data=[TaskData{name='labelPolicy', value=1, version=1681179567937, extend='[{"isLock":2,"overdueDate":1681119998000,"amount":100,"afterDay":0,"beforeDay":0}]'}], deviceData=null}
04-11 10:19:28.933 16508 16740 D |MDM3.3-Log|: (CommandAdapter.java:90) filter task true ->TaskData{name='labelPolicy', value=1, version=1681179567937, extend='[{"isLock":2,"overdueDate":1681119998000,"amount":100,"afterDay":0,"beforeDay":0}]'}
04-11 10:19:28.949 16508 16740 D |MDM3.3-Log|: (CommandAdapter.java:111) saveTasks==================43152
04-11 10:19:28.950 16508 16740 I |MDM3.3-Log|: (LespagoLockUtils.java:86) overdue lock
04-11 10:19:28.951 16508 16740 D |MDM3.3-Log|: (KioskUtils.java:59) execute lock(alertId->0,alertType->101)
04-11 10:19:28.951 16508 16508 I |MDM3.3-Log|: (EcmService.java:238) empty report list-----
04-11 10:19:28.953 16508 16568 D |MDM3.3-Log|: (KioskUtils.java:78) update==>LockRecord{id=1, alertId=0, alertType=101, lock=1, lockTime=1681179568951}
04-11 10:19:28.957 16508 16508 D |MDM3.3-Log|: (LockFragment.java:71) LOCK_MESSAGE_CHANGE--->change
04-11 10:19:28.959 16508 16508 D |MDM3.3-Log|: (EcmService.java:241) getReportTasks onChanged-----
04-11 10:19:28.961 16508 16508 I |MDM3.3-Log|: (EcmService.java:238) empty report list-----
04-11 10:19:28.975 16508 16746 D |MDM3.3-Log|: (ReportWork.java:57) report worker  doWork--------0
04-11 10:19:29.192 16508 16746 D |MDM3.3-Log_LogInterceptor|: (LogInterceptor.java:38) ----------Request Start----------
04-11 10:19:29.193 16508 16746 D |MDM3.3-Log_LogInterceptor|: (LogInterceptor.java:38) POST https://gsapi.lespay.mx/mdm-api/client/exeReport
04-11 10:19:29.193 16508 16746 D |MDM3.3-Log_LogInterceptor|: (LogInterceptor.java:38) mdmHeader: {"projectCode":"lisheng@123_6jW0GM","appCode":231,"deviceId":"869937054018794","model":"CMA-LX3","brand":"HONOR"}
04-11 10:19:29.194 16508 16746 D |MDM3.3-Log_LogInterceptor|: (LogInterceptor.java:38) Content-Type: application/json; charset=utf-8
04-11 10:19:29.194 16508 16746 D |MDM3.3-Log_LogInterceptor|: (LogInterceptor.java:38) Content-Length: 212
04-11 10:19:29.195 16508 16746 D |MDM3.3-Log_LogInterceptor|: (LogInterceptor.java:38) User-Agent: okhttp/4.9.0
04-11 10:19:29.195 16508 16746 D |MDM3.3-Log_LogInterceptor|: (LogInterceptor.java:38) Params:{"data":[{"extend":"[{\"isLock\":2,\"overdueDate\":1681119998000,\"amount\":100,\"afterDay\":0,\"beforeDay\":0}]","name":"labelPolicy","result":"1","value":1,"version":"1681179567937"}],"status":1,"taskId":43152}
04-11 10:19:29.196 16508 16746 D |MDM3.3-Log_LogInterceptor|: (LogInterceptor.java:38) Response Body:{"result":1000}
04-11 10:19:29.197 16508 16746 D |MDM3.3-Log_LogInterceptor|: (LogInterceptor.java:38) Time:216 ms
04-11 10:19:29.198 16508 16746 D |MDM3.3-Log_LogInterceptor|: (LogInterceptor.java:38) ----------Request End----------
04-11 10:19:59.540 16508 16587 D |MDM3.3-Log_HPushLog|: (EmqPushListener.java:29) pushNumber = 201
04-11 10:19:59.540 16508 16587 D |MDM3.3-Log_HPushLog|: (EmqPushListener.java:30) Emq onMessageReceived==> {"message":1,"taskId":"43153"}
04-11 10:19:59.541 16508 16587 D |MDM3.3-Log|: (EmqPushListener.java:45) type = 1; taskId = 43153
04-11 10:19:59.541 16508 16587 D |MDM3.3-Log|: (TaskWork.java:135) 请求任务接口--->43153
04-11 10:19:59.609 16508 16732 D |MDM3.3-Log|: (Worker.java:85) TaskWork trigger by push doWork------------------pool-21-thread-1
04-11 10:19:59.837 16508 16732 D |MDM3.3-Log_LogInterceptor|: (LogInterceptor.java:38) ----------Request Start----------
04-11 10:19:59.837 16508 16732 D |MDM3.3-Log_LogInterceptor|: (LogInterceptor.java:38) POST https://gsapi.lespay.mx/mdm-api/client/control
04-11 10:19:59.838 16508 16732 D |MDM3.3-Log_LogInterceptor|: (LogInterceptor.java:38) mdmHeader: {"projectCode":"lisheng@123_6jW0GM","appCode":231,"deviceId":"869937054018794","model":"CMA-LX3","brand":"HONOR"}
04-11 10:19:59.839 16508 16732 D |MDM3.3-Log_LogInterceptor|: (LogInterceptor.java:38) Content-Type: application/json; charset=utf-8
04-11 10:19:59.840 16508 16732 D |MDM3.3-Log_LogInterceptor|: (LogInterceptor.java:38) Content-Length: 31
04-11 10:19:59.840 16508 16732 D |MDM3.3-Log_LogInterceptor|: (LogInterceptor.java:38) User-Agent: okhttp/4.9.0
04-11 10:19:59.841 16508 16732 D |MDM3.3-Log_LogInterceptor|: (LogInterceptor.java:38) Params:{"taskId":43153,"intfType":"1"}
04-11 10:19:59.843 16508 16732 D |MDM3.3-Log_LogInterceptor|: (LogInterceptor.java:38) Response Body:{"result":1000,"data":[{"extend":[{"isLock":1,"overdueDate":1681119998000,"amount":100.0,"afterDay":0,"beforeDay":0}],"name":"labelPolicy","value":"1","version":1681179599098}],"version":43153,"taskId":43153}
04-11 10:19:59.843 16508 16732 D |MDM3.3-Log_LogInterceptor|: (LogInterceptor.java:38) Time:223 ms
04-11 10:19:59.844 16508 16732 D |MDM3.3-Log_LogInterceptor|: (LogInterceptor.java:38) ----------Request End----------
04-11 10:19:59.853 16508 16732 D |MDM3.3-Log|: (TaskWork.java:356) TaskWork response success,send live data message--
04-11 10:19:59.854 16508 16508 D |MDM3.3-Log|: (EcmService.java:254) get ACTION_DATA TaskResponse---------
04-11 10:19:59.854 16508 16508 D |MDM3.3-Log|: (CommandAdapter.java:68) executeAction ==> TaskResponse{result=1000, taskId=43153, md5='', data=[TaskData{name='labelPolicy', value=1, version=1681179599098, extend='[{"isLock":1,"overdueDate":1681119998000,"amount":100,"afterDay":0,"beforeDay":0}]'}], deviceData=null}
04-11 10:19:59.856 16508 16568 D |MDM3.3-Log|: (CommandAdapter.java:90) filter task true ->TaskData{name='labelPolicy', value=1, version=1681179599098, extend='[{"isLock":1,"overdueDate":1681119998000,"amount":100,"afterDay":0,"beforeDay":0}]'}
04-11 10:19:59.868 16508 16568 D |MDM3.3-Log|: (CommandAdapter.java:111) saveTasks==================43153
04-11 10:19:59.869 16508 16568 I |MDM3.3-Log|: (LespagoLockUtils.java:80) overdue unlock
04-11 10:19:59.869 16508 16568 D |MDM3.3-Log|: (KioskUtils.java:123) 执行unLock，alertId=0  alertType=101
04-11 10:19:59.870 16508 16740 D |MDM3.3-Log|: (KioskUtils.java:130) push 触发的解锁，直接执行
04-11 10:19:59.875 16508 16508 D |MDM3.3-Log|: (KioskUtils.java:161) execute unlock
04-11 10:19:59.876 16508 16508 D |MDM3.3-Log|: (LockFragment.java:71) LOCK_MESSAGE_CHANGE--->clear_kiosk
04-11 10:19:59.876 16508 16508 D |MDM3.3-Log_GatewayImpl|: (DevicePolicyManagerGatewayImpl.java:1239) clearKiosk(com.easycontrol.emm)
04-11 10:19:59.895 16508 16508 D |MDM3.3-Log|: (EcmService.java:241) getReportTasks onChanged-----
04-11 10:19:59.896 16508 16508 E |MDM3.3-Log|: (KioskUtils.java:286) checkAppKiosk===>null22
04-11 10:19:59.896 16508 16508 D |MDM3.3-Log_GatewayImpl|: (DevicePolicyManagerGatewayImpl.java:1239) clearKiosk(com.easycontrol.emm)
04-11 10:19:59.921 16508 16508 E |MDM3.3-Log|: (ActivityThread.java:4726) DeviceAdminReceiver#receive action:android.app.action.LOCK_TASK_EXITING
04-11 10:19:59.938 16508 16885 D |MDM3.3-Log|: (ReportWork.java:57) report worker  doWork--------0
04-11 10:19:59.946 16508 16508 I |MDM3.3-Log|: (EcmService.java:238) empty report list-----
04-11 10:20:00.158 16508 16885 D |MDM3.3-Log_LogInterceptor|: (LogInterceptor.java:38) ----------Request Start----------
04-11 10:20:00.158 16508 16885 D |MDM3.3-Log_LogInterceptor|: (LogInterceptor.java:38) POST https://gsapi.lespay.mx/mdm-api/client/exeReport
04-11 10:20:00.159 16508 16885 D |MDM3.3-Log_LogInterceptor|: (LogInterceptor.java:38) mdmHeader: {"projectCode":"lisheng@123_6jW0GM","appCode":231,"deviceId":"869937054018794","model":"CMA-LX3","brand":"HONOR"}
04-11 10:20:00.159 16508 16885 D |MDM3.3-Log_LogInterceptor|: (LogInterceptor.java:38) Content-Type: application/json; charset=utf-8
04-11 10:20:00.160 16508 16885 D |MDM3.3-Log_LogInterceptor|: (LogInterceptor.java:38) Content-Length: 212
04-11 10:20:00.160 16508 16885 D |MDM3.3-Log_LogInterceptor|: (LogInterceptor.java:38) User-Agent: okhttp/4.9.0
04-11 10:20:00.161 16508 16885 D |MDM3.3-Log_LogInterceptor|: (LogInterceptor.java:38) Params:{"data":[{"extend":"[{\"isLock\":1,\"overdueDate\":1681119998000,\"amount\":100,\"afterDay\":0,\"beforeDay\":0}]","name":"labelPolicy","result":"1","value":1,"version":"1681179599098"}],"status":1,"taskId":43153}
04-11 10:20:00.162 16508 16885 D |MDM3.3-Log_LogInterceptor|: (LogInterceptor.java:38) Response Body:{"result":1000}
04-11 10:20:00.162 16508 16885 D |MDM3.3-Log_LogInterceptor|: (LogInterceptor.java:38) Time:218 ms
04-11 10:20:00.163 16508 16885 D |MDM3.3-Log_LogInterceptor|: (LogInterceptor.java:38) ----------Request End----------
04-11 10:20:30.965 16508 16587 D |MDM3.3-Log_HPushLog|: (EmqPushListener.java:29) pushNumber = 202
04-11 10:20:30.965 16508 16587 D |MDM3.3-Log_HPushLog|: (EmqPushListener.java:30) Emq onMessageReceived==> {"message":1,"taskId":"43154"}
04-11 10:20:30.966 16508 16587 D |MDM3.3-Log|: (EmqPushListener.java:45) type = 1; taskId = 43154
04-11 10:20:30.966 16508 16587 D |MDM3.3-Log|: (TaskWork.java:135) 请求任务接口--->43154
04-11 10:20:31.016 16508 17125 D |MDM3.3-Log|: (Worker.java:85) TaskWork trigger by push doWork------------------pool-21-thread-4
04-11 10:20:31.266 16508 17125 D |MDM3.3-Log_LogInterceptor|: (LogInterceptor.java:38) ----------Request Start----------
04-11 10:20:31.267 16508 17125 D |MDM3.3-Log_LogInterceptor|: (LogInterceptor.java:38) POST https://gsapi.lespay.mx/mdm-api/client/control
04-11 10:20:31.268 16508 17125 D |MDM3.3-Log_LogInterceptor|: (LogInterceptor.java:38) mdmHeader: {"projectCode":"lisheng@123_6jW0GM","appCode":231,"deviceId":"869937054018794","model":"CMA-LX3","brand":"HONOR"}
04-11 10:20:31.268 16508 17125 D |MDM3.3-Log_LogInterceptor|: (LogInterceptor.java:38) Content-Type: application/json; charset=utf-8
04-11 10:20:31.269 16508 17125 D |MDM3.3-Log_LogInterceptor|: (LogInterceptor.java:38) Content-Length: 31
04-11 10:20:31.271 16508 17125 D |MDM3.3-Log_LogInterceptor|: (LogInterceptor.java:38) User-Agent: okhttp/4.9.0
04-11 10:20:31.273 16508 17125 D |MDM3.3-Log_LogInterceptor|: (LogInterceptor.java:38) Params:{"taskId":43154,"intfType":"1"}
04-11 10:20:31.275 16508 17125 D |MDM3.3-Log_LogInterceptor|: (LogInterceptor.java:38) Response Body:{"result":1000,"data":[{"extend":[{"isLock":2,"overdueDate":1681119998000,"amount":100.0,"afterDay":0,"beforeDay":0}],"name":"labelPolicy","value":"1","version":1681179630368}],"version":43154,"taskId":43154}
04-11 10:20:31.276 16508 17125 D |MDM3.3-Log_LogInterceptor|: (LogInterceptor.java:38) Time:247 ms
04-11 10:20:31.277 16508 17125 D |MDM3.3-Log_LogInterceptor|: (LogInterceptor.java:38) ----------Request End----------
04-11 10:20:31.284 16508 17125 D |MDM3.3-Log|: (TaskWork.java:356) TaskWork response success,send live data message--
04-11 10:20:31.288 16508 16508 D |MDM3.3-Log|: (EcmService.java:254) get ACTION_DATA TaskResponse---------
04-11 10:20:31.288 16508 16508 D |MDM3.3-Log|: (CommandAdapter.java:68) executeAction ==> TaskResponse{result=1000, taskId=43154, md5='', data=[TaskData{name='labelPolicy', value=1, version=1681179630368, extend='[{"isLock":2,"overdueDate":1681119998000,"amount":100,"afterDay":0,"beforeDay":0}]'}], deviceData=null}
04-11 10:20:31.293 16508 16740 D |MDM3.3-Log|: (CommandAdapter.java:90) filter task true ->TaskData{name='labelPolicy', value=1, version=1681179630368, extend='[{"isLock":2,"overdueDate":1681119998000,"amount":100,"afterDay":0,"beforeDay":0}]'}
04-11 10:20:31.307 16508 16740 D |MDM3.3-Log|: (CommandAdapter.java:111) saveTasks==================43154
04-11 10:20:31.308 16508 16740 I |MDM3.3-Log|: (LespagoLockUtils.java:86) overdue lock
04-11 10:20:31.309 16508 16740 D |MDM3.3-Log|: (KioskUtils.java:59) execute lock(alertId->0,alertType->101)
04-11 10:20:31.318 16508 16568 D |MDM3.3-Log|: (KioskUtils.java:78) update==>LockRecord{id=1, alertId=0, alertType=101, lock=1, lockTime=1681179631312}
04-11 10:20:31.323 16508 16508 D |MDM3.3-Log|: (EcmService.java:241) getReportTasks onChanged-----
04-11 10:20:31.324 16508 16508 D |MDM3.3-Log|: (KioskUtils.java:91) lock execute----
04-11 10:20:31.324 16508 16508 D |MDM3.3-Log_GatewayImpl|: (DevicePolicyManagerGatewayImpl.java:1177) setKiosk(com.easycontrol.emm)
04-11 10:20:31.374 16508 16508 D |MDM3.3-Log_GatewayImpl|: (DevicePolicyManagerGatewayImpl.java:1202) setKiosk complete-----
04-11 10:20:31.402 16508 16746 D |MDM3.3-Log|: (ReportWork.java:57) report worker  doWork--------0
04-11 10:20:31.402 16508 16508 I |MDM3.3-Log|: (EcmService.java:238) empty report list-----
04-11 10:20:31.429 16508 16508 D |MDM3.3-Log_GatewayImpl|: (DevicePolicyManagerGatewayImpl.java:853) setLockTaskFeatures(GLOBAL_ACTIONS|SYSTEM_INFO)
04-11 10:20:31.434 16508 30884 D |MDM3.3-Log|: (KioskActivity.java:100) LockRecord has data ,execute lock
04-11 10:20:31.445 16508 16508 E |MDM3.3-Log|: (ActivityThread.java:4726) DeviceAdminReceiver#receive action:android.app.action.LOCK_TASK_ENTERING
04-11 10:20:31.445 16508 16508 D |MDM3.3-Log|: (KioskActivity.java:136) switchByCommand====>kiosk_mode_lock
04-11 10:20:31.446 16508 16508 D |MDM3.3-Log|: (KioskActivity.java:197) 切换fragment---com.easycontrol.dpc.kiosk.LockFragment
04-11 10:20:31.480 16508 16508 D |MDM3.3-Log_GatewayImpl|: (DevicePolicyManagerGatewayImpl.java:807) setLockTaskPackages([com.easycontrol.emm, com.android.settings, com.android.phone, android, com.emoji.keyboard.touchpal.customization, com.android.incallui, com.android.server.telecom, com.android.dialer, com.android.htcdialer, com.google.android.dialer, com.asus.asusincallui, com.device.lespago])
04-11 10:20:31.632 16508 16746 D |MDM3.3-Log_LogInterceptor|: (LogInterceptor.java:38) ----------Request Start----------
04-11 10:20:31.632 16508 16746 D |MDM3.3-Log_LogInterceptor|: (LogInterceptor.java:38) POST https://gsapi.lespay.mx/mdm-api/client/exeReport
04-11 10:20:31.632 16508 16746 D |MDM3.3-Log_LogInterceptor|: (LogInterceptor.java:38) mdmHeader: {"projectCode":"lisheng@123_6jW0GM","appCode":231,"deviceId":"869937054018794","model":"CMA-LX3","brand":"HONOR"}
04-11 10:20:31.632 16508 16746 D |MDM3.3-Log_LogInterceptor|: (LogInterceptor.java:38) Content-Type: application/json; charset=utf-8
04-11 10:20:31.632 16508 16746 D |MDM3.3-Log_LogInterceptor|: (LogInterceptor.java:38) Content-Length: 212
04-11 10:20:31.632 16508 16746 D |MDM3.3-Log_LogInterceptor|: (LogInterceptor.java:38) User-Agent: okhttp/4.9.0
04-11 10:20:31.632 16508 16746 D |MDM3.3-Log_LogInterceptor|: (LogInterceptor.java:38) Params:{"data":[{"extend":"[{\"isLock\":2,\"overdueDate\":1681119998000,\"amount\":100,\"afterDay\":0,\"beforeDay\":0}]","name":"labelPolicy","result":"1","value":1,"version":"1681179630368"}],"status":1,"taskId":43154}
04-11 10:20:31.633 16508 16746 D |MDM3.3-Log_LogInterceptor|: (LogInterceptor.java:38) Response Body:{"result":1000}
04-11 10:20:31.633 16508 16746 D |MDM3.3-Log_LogInterceptor|: (LogInterceptor.java:38) Time:224 ms
04-11 10:20:31.633 16508 16746 D |MDM3.3-Log_LogInterceptor|: (LogInterceptor.java:38) ----------Request End----------
04-11 10:21:01.801 16508 16587 D |MDM3.3-Log_HPushLog|: (EmqPushListener.java:29) pushNumber = 203
04-11 10:21:01.802 16508 16587 D |MDM3.3-Log_HPushLog|: (EmqPushListener.java:30) Emq onMessageReceived==> {"message":1,"taskId":"43155"}
04-11 10:21:01.802 16508 16587 D |MDM3.3-Log|: (EmqPushListener.java:45) type = 1; taskId = 43155
04-11 10:21:01.802 16508 16587 D |MDM3.3-Log|: (TaskWork.java:135) 请求任务接口--->43155
04-11 10:21:01.868 16508 16732 D |MDM3.3-Log|: (Worker.java:85) TaskWork trigger by push doWork------------------pool-21-thread-1
04-11 10:21:02.109 16508 16732 D |MDM3.3-Log_LogInterceptor|: (LogInterceptor.java:38) ----------Request Start----------
04-11 10:21:02.110 16508 16732 D |MDM3.3-Log_LogInterceptor|: (LogInterceptor.java:38) POST https://gsapi.lespay.mx/mdm-api/client/control
04-11 10:21:02.110 16508 16732 D |MDM3.3-Log_LogInterceptor|: (LogInterceptor.java:38) mdmHeader: {"projectCode":"lisheng@123_6jW0GM","appCode":231,"deviceId":"869937054018794","model":"CMA-LX3","brand":"HONOR"}
04-11 10:21:02.111 16508 16732 D |MDM3.3-Log_LogInterceptor|: (LogInterceptor.java:38) Content-Type: application/json; charset=utf-8
04-11 10:21:02.111 16508 16732 D |MDM3.3-Log_LogInterceptor|: (LogInterceptor.java:38) Content-Length: 31
04-11 10:21:02.112 16508 16732 D |MDM3.3-Log_LogInterceptor|: (LogInterceptor.java:38) User-Agent: okhttp/4.9.0
04-11 10:21:02.113 16508 16732 D |MDM3.3-Log_LogInterceptor|: (LogInterceptor.java:38) Params:{"taskId":43155,"intfType":"1"}
04-11 10:21:02.114 16508 16732 D |MDM3.3-Log_LogInterceptor|: (LogInterceptor.java:38) Response Body:{"result":1000,"data":[{"extend":[{"isLock":1,"overdueDate":1681119998000,"amount":100.0,"afterDay":0,"beforeDay":0}],"name":"labelPolicy","value":"1","version":1681179661482}],"version":43155,"taskId":43155}
04-11 10:21:02.114 16508 16732 D |MDM3.3-Log_LogInterceptor|: (LogInterceptor.java:38) Time:237 ms
04-11 10:21:02.115 16508 16732 D |MDM3.3-Log_LogInterceptor|: (LogInterceptor.java:38) ----------Request End----------
04-11 10:21:02.123 16508 16732 D |MDM3.3-Log|: (TaskWork.java:356) TaskWork response success,send live data message--
04-11 10:21:02.124 16508 16508 D |MDM3.3-Log|: (EcmService.java:254) get ACTION_DATA TaskResponse---------
04-11 10:21:02.125 16508 16508 D |MDM3.3-Log|: (CommandAdapter.java:68) executeAction ==> TaskResponse{result=1000, taskId=43155, md5='', data=[TaskData{name='labelPolicy', value=1, version=1681179661482, extend='[{"isLock":1,"overdueDate":1681119998000,"amount":100,"afterDay":0,"beforeDay":0}]'}], deviceData=null}
04-11 10:21:02.127 16508 16568 D |MDM3.3-Log|: (CommandAdapter.java:90) filter task true ->TaskData{name='labelPolicy', value=1, version=1681179661482, extend='[{"isLock":1,"overdueDate":1681119998000,"amount":100,"afterDay":0,"beforeDay":0}]'}
04-11 10:21:02.131 16508 16568 D |MDM3.3-Log|: (CommandAdapter.java:111) saveTasks==================43155
04-11 10:21:02.132 16508 16568 I |MDM3.3-Log|: (LespagoLockUtils.java:80) overdue unlock
04-11 10:21:02.133 16508 16568 D |MDM3.3-Log|: (KioskUtils.java:123) 执行unLock，alertId=0  alertType=101
04-11 10:21:02.133 16508 16568 D |MDM3.3-Log|: (KioskUtils.java:130) push 触发的解锁，直接执行
04-11 10:21:02.133 16508 16508 I |MDM3.3-Log|: (EcmService.java:238) empty report list-----
04-11 10:21:02.135 16508 16508 D |MDM3.3-Log|: (KioskUtils.java:161) execute unlock
04-11 10:21:02.136 16508 16508 D |MDM3.3-Log|: (LockFragment.java:71) LOCK_MESSAGE_CHANGE--->clear_kiosk
04-11 10:21:02.136 16508 16508 D |MDM3.3-Log_GatewayImpl|: (DevicePolicyManagerGatewayImpl.java:1239) clearKiosk(com.easycontrol.emm)
04-11 10:21:02.158 16508 16508 E |MDM3.3-Log|: (KioskUtils.java:286) checkAppKiosk===>null22
04-11 10:21:02.159 16508 16508 D |MDM3.3-Log_GatewayImpl|: (DevicePolicyManagerGatewayImpl.java:1239) clearKiosk(com.easycontrol.emm)
04-11 10:21:02.195 16508 16508 D |MDM3.3-Log|: (EcmService.java:241) getReportTasks onChanged-----
04-11 10:21:02.196 16508 16508 E |MDM3.3-Log|: (ActivityThread.java:4726) DeviceAdminReceiver#receive action:android.app.action.LOCK_TASK_EXITING
04-11 10:21:02.197 16508 16885 D |MDM3.3-Log|: (ReportWork.java:57) report worker  doWork--------0
04-11 10:21:02.203 16508 16508 I |MDM3.3-Log|: (EcmService.java:238) empty report list-----
04-11 10:21:02.518 16508 16885 D |MDM3.3-Log_LogInterceptor|: (LogInterceptor.java:38) ----------Request Start----------
04-11 10:21:02.518 16508 16885 D |MDM3.3-Log_LogInterceptor|: (LogInterceptor.java:38) POST https://gsapi.lespay.mx/mdm-api/client/exeReport
04-11 10:21:02.519 16508 16885 D |MDM3.3-Log_LogInterceptor|: (LogInterceptor.java:38) mdmHeader: {"projectCode":"lisheng@123_6jW0GM","appCode":231,"deviceId":"869937054018794","model":"CMA-LX3","brand":"HONOR"}
04-11 10:21:02.521 16508 16885 D |MDM3.3-Log_LogInterceptor|: (LogInterceptor.java:38) Content-Type: application/json; charset=utf-8
04-11 10:21:02.521 16508 16885 D |MDM3.3-Log_LogInterceptor|: (LogInterceptor.java:38) Content-Length: 212
04-11 10:21:02.523 16508 16885 D |MDM3.3-Log_LogInterceptor|: (LogInterceptor.java:38) User-Agent: okhttp/4.9.0
04-11 10:21:02.523 16508 16885 D |MDM3.3-Log_LogInterceptor|: (LogInterceptor.java:38) Params:{"data":[{"extend":"[{\"isLock\":1,\"overdueDate\":1681119998000,\"amount\":100,\"afterDay\":0,\"beforeDay\":0}]","name":"labelPolicy","result":"1","value":1,"version":"1681179661482"}],"status":1,"taskId":43155}
04-11 10:21:02.524 16508 16885 D |MDM3.3-Log_LogInterceptor|: (LogInterceptor.java:38) Response Body:{"result":1000}
04-11 10:21:02.524 16508 16885 D |MDM3.3-Log_LogInterceptor|: (LogInterceptor.java:38) Time:319 ms
04-11 10:21:02.526 16508 16885 D |MDM3.3-Log_LogInterceptor|: (LogInterceptor.java:38) ----------Request End----------
04-11 10:21:11.665 16508 16508 D |MDM3.3-Log|: (BatteryReceiver.java:40) action : android.intent.action.BATTERY_CHANGED ; level: 100
04-11 10:21:11.665 16508 16508 D |MDM3.3-Log|: (BatteryReceiver.java:58) AutoLockUtils.checkOffLinePeriod()-----
04-11 10:21:11.666 16508 16508 D |MDM3.3-Log_AutoLockUtils|: (AutoLockUtils.java:38) checkOffLinePeriod .ON Line1---
04-11 10:21:32.934 16508 16587 D |MDM3.3-Log_HPushLog|: (EmqPushListener.java:29) pushNumber = 204
04-11 10:21:32.934 16508 16587 D |MDM3.3-Log_HPushLog|: (EmqPushListener.java:30) Emq onMessageReceived==> {"message":1,"taskId":"43156"}
04-11 10:21:32.935 16508 16587 D |MDM3.3-Log|: (EmqPushListener.java:45) type = 1; taskId = 43156
04-11 10:21:32.935 16508 16587 D |MDM3.3-Log|: (TaskWork.java:135) 请求任务接口--->43156
04-11 10:21:32.989 16508 17125 D |MDM3.3-Log|: (Worker.java:85) TaskWork trigger by push doWork------------------pool-21-thread-4
04-11 10:21:33.243 16508 17125 D |MDM3.3-Log_LogInterceptor|: (LogInterceptor.java:38) ----------Request Start----------
04-11 10:21:33.244 16508 17125 D |MDM3.3-Log_LogInterceptor|: (LogInterceptor.java:38) POST https://gsapi.lespay.mx/mdm-api/client/control
04-11 10:21:33.244 16508 17125 D |MDM3.3-Log_LogInterceptor|: (LogInterceptor.java:38) mdmHeader: {"projectCode":"lisheng@123_6jW0GM","appCode":231,"deviceId":"869937054018794","model":"CMA-LX3","brand":"HONOR"}
04-11 10:21:33.246 16508 17125 D |MDM3.3-Log_LogInterceptor|: (LogInterceptor.java:38) Content-Type: application/json; charset=utf-8
04-11 10:21:33.247 16508 17125 D |MDM3.3-Log_LogInterceptor|: (LogInterceptor.java:38) Content-Length: 31
04-11 10:21:33.248 16508 17125 D |MDM3.3-Log_LogInterceptor|: (LogInterceptor.java:38) User-Agent: okhttp/4.9.0
04-11 10:21:33.250 16508 17125 D |MDM3.3-Log_LogInterceptor|: (LogInterceptor.java:38) Params:{"taskId":43156,"intfType":"1"}
04-11 10:21:33.252 16508 17125 D |MDM3.3-Log_LogInterceptor|: (LogInterceptor.java:38) Response Body:{"result":1000,"data":[{"extend":[{"isLock":2,"overdueDate":1681119998000,"amount":100.0,"afterDay":0,"beforeDay":0}],"name":"labelPolicy","value":"1","version":1681179692514}],"version":43156,"taskId":43156}
04-11 10:21:33.254 16508 17125 D |MDM3.3-Log_LogInterceptor|: (LogInterceptor.java:38) Time:250 ms
04-11 10:21:33.255 16508 17125 D |MDM3.3-Log_LogInterceptor|: (LogInterceptor.java:38) ----------Request End----------
04-11 10:21:33.262 16508 17125 D |MDM3.3-Log|: (TaskWork.java:356) TaskWork response success,send live data message--
04-11 10:21:33.264 16508 16508 D |MDM3.3-Log|: (EcmService.java:254) get ACTION_DATA TaskResponse---------
04-11 10:21:33.264 16508 16508 D |MDM3.3-Log|: (CommandAdapter.java:68) executeAction ==> TaskResponse{result=1000, taskId=43156, md5='', data=[TaskData{name='labelPolicy', value=1, version=1681179692514, extend='[{"isLock":2,"overdueDate":1681119998000,"amount":100,"afterDay":0,"beforeDay":0}]'}], deviceData=null}
04-11 10:21:33.267 16508 16740 D |MDM3.3-Log|: (CommandAdapter.java:90) filter task true ->TaskData{name='labelPolicy', value=1, version=1681179692514, extend='[{"isLock":2,"overdueDate":1681119998000,"amount":100,"afterDay":0,"beforeDay":0}]'}
04-11 10:21:33.278 16508 16740 D |MDM3.3-Log|: (CommandAdapter.java:111) saveTasks==================43156
04-11 10:21:33.280 16508 16740 I |MDM3.3-Log|: (LespagoLockUtils.java:86) overdue lock
04-11 10:21:33.282 16508 16508 I |MDM3.3-Log|: (EcmService.java:238) empty report list-----
04-11 10:21:33.284 16508 16740 D |MDM3.3-Log|: (KioskUtils.java:59) execute lock(alertId->0,alertType->101)
04-11 10:21:33.296 16508 16568 D |MDM3.3-Log|: (KioskUtils.java:78) update==>LockRecord{id=1, alertId=0, alertType=101, lock=1, lockTime=1681179693293}
04-11 10:21:33.299 16508 16508 D |MDM3.3-Log|: (KioskUtils.java:91) lock execute----
04-11 10:21:33.299 16508 16508 D |MDM3.3-Log_GatewayImpl|: (DevicePolicyManagerGatewayImpl.java:1177) setKiosk(com.easycontrol.emm)
