04-11 10:21:33.347 16508 16508 D |MDM3.3-Log_GatewayImpl|: (DevicePolicyManagerGatewayImpl.java:1202) setKiosk complete-----
04-11 10:21:33.348 16508 16508 D |MDM3.3-Log|: (EcmService.java:241) getReportTasks onChanged-----
04-11 10:21:33.356 16508 16508 I |MDM3.3-Log|: (EcmService.java:238) empty report list-----
04-11 10:21:33.376 16508 30884 D |MDM3.3-Log|: (KioskActivity.java:100) LockRecord has data ,execute lock
04-11 10:21:33.376 16508 16508 D |MDM3.3-Log_GatewayImpl|: (DevicePolicyManagerGatewayImpl.java:853) setLockTaskFeatures(GLOBAL_ACTIONS|SYSTEM_INFO)
04-11 10:21:33.398 16508 16508 D |MDM3.3-Log|: (KioskActivity.java:136) switchByCommand====>kiosk_mode_lock
04-11 10:21:33.399 16508 16508 D |MDM3.3-Log|: (KioskActivity.java:197) 切换fragment---com.easycontrol.dpc.kiosk.LockFragment
04-11 10:21:33.422 16508 16746 D |MDM3.3-Log|: (ReportWork.java:57) report worker  doWork--------0
04-11 10:21:33.437 16508 16508 D |MDM3.3-Log_GatewayImpl|: (DevicePolicyManagerGatewayImpl.java:807) setLockTaskPackages([com.easycontrol.emm, com.android.settings, com.android.phone, android, com.emoji.keyboard.touchpal.customization, com.android.incallui, com.android.server.telecom, com.android.dialer, com.android.htcdialer, com.google.android.dialer, com.asus.asusincallui, com.device.lespago])
04-11 10:21:33.468 16508 16508 E |MDM3.3-Log|: (ActivityThread.java:4726) DeviceAdminReceiver#receive action:android.app.action.LOCK_TASK_ENTERING
04-11 10:21:34.039 16508 16746 D |MDM3.3-Log_LogInterceptor|: (LogInterceptor.java:38) ----------Request Start----------
04-11 10:21:34.039 16508 16746 D |MDM3.3-Log_LogInterceptor|: (LogInterceptor.java:38) POST https://gsapi.lespay.mx/mdm-api/client/exeReport
04-11 10:21:34.040 16508 16746 D |MDM3.3-Log_LogInterceptor|: (LogInterceptor.java:38) mdmHeader: {"projectCode":"lisheng@123_6jW0GM","appCode":231,"deviceId":"869937054018794","model":"CMA-LX3","brand":"HONOR"}
04-11 10:21:34.040 16508 16746 D |MDM3.3-Log_LogInterceptor|: (LogInterceptor.java:38) Content-Type: application/json; charset=utf-8
04-11 10:21:34.040 16508 16746 D |MDM3.3-Log_LogInterceptor|: (LogInterceptor.java:38) Content-Length: 212
04-11 10:21:34.040 16508 16746 D |MDM3.3-Log_LogInterceptor|: (LogInterceptor.java:38) User-Agent: okhttp/4.9.0
04-11 10:21:34.040 16508 16746 D |MDM3.3-Log_LogInterceptor|: (LogInterceptor.java:38) Params:{"data":[{"extend":"[{\"isLock\":2,\"overdueDate\":1681119998000,\"amount\":100,\"afterDay\":0,\"beforeDay\":0}]","name":"labelPolicy","result":"1","value":1,"version":"1681179692514"}],"status":1,"taskId":43156}
04-11 10:21:34.040 16508 16746 D |MDM3.3-Log_LogInterceptor|: (LogInterceptor.java:38) Response Body:{"result":1000}
04-11 10:21:34.040 16508 16746 D |MDM3.3-Log_LogInterceptor|: (LogInterceptor.java:38) Time:614 ms
04-11 10:21:34.040 16508 16746 D |MDM3.3-Log_LogInterceptor|: (LogInterceptor.java:38) ----------Request End----------
04-11 10:22:04.071 16508 16587 D |MDM3.3-Log_HPushLog|: (EmqPushListener.java:29) pushNumber = 205
04-11 10:22:04.071 16508 16587 D |MDM3.3-Log_HPushLog|: (EmqPushListener.java:30) Emq onMessageReceived==> {"message":1,"taskId":"43157"}
04-11 10:22:04.071 16508 16587 D |MDM3.3-Log|: (EmqPushListener.java:45) type = 1; taskId = 43157
04-11 10:22:04.072 16508 16587 D |MDM3.3-Log|: (TaskWork.java:135) 请求任务接口--->43157
04-11 10:22:04.120 16508 16732 D |MDM3.3-Log|: (Worker.java:85) TaskWork trigger by push doWork------------------pool-21-thread-1
04-11 10:22:04.459 16508 16732 D |MDM3.3-Log_LogInterceptor|: (LogInterceptor.java:38) ----------Request Start----------
04-11 10:22:04.460 16508 16732 D |MDM3.3-Log_LogInterceptor|: (LogInterceptor.java:38) POST https://gsapi.lespay.mx/mdm-api/client/control
04-11 10:22:04.460 16508 16732 D |MDM3.3-Log_LogInterceptor|: (LogInterceptor.java:38) mdmHeader: {"projectCode":"lisheng@123_6jW0GM","appCode":231,"deviceId":"869937054018794","model":"CMA-LX3","brand":"HONOR"}
04-11 10:22:04.461 16508 16732 D |MDM3.3-Log_LogInterceptor|: (LogInterceptor.java:38) Content-Type: application/json; charset=utf-8
04-11 10:22:04.462 16508 16732 D |MDM3.3-Log_LogInterceptor|: (LogInterceptor.java:38) Content-Length: 31
04-11 10:22:04.463 16508 16732 D |MDM3.3-Log_LogInterceptor|: (LogInterceptor.java:38) User-Agent: okhttp/4.9.0
04-11 10:22:04.463 16508 16732 D |MDM3.3-Log_LogInterceptor|: (LogInterceptor.java:38) Params:{"taskId":43157,"intfType":"1"}
04-11 10:22:04.464 16508 16732 D |MDM3.3-Log_LogInterceptor|: (LogInterceptor.java:38) Response Body:{"result":1000,"data":[{"extend":[{"isLock":1,"overdueDate":1681119998000,"amount":100.0,"afterDay":0,"beforeDay":0}],"name":"labelPolicy","value":"1","version":1681179723567}],"version":43157,"taskId":43157}
04-11 10:22:04.468 16508 16732 D |MDM3.3-Log_LogInterceptor|: (LogInterceptor.java:38) Time:334 ms
04-11 10:22:04.469 16508 16732 D |MDM3.3-Log_LogInterceptor|: (LogInterceptor.java:38) ----------Request End----------
04-11 10:22:04.479 16508 16732 D |MDM3.3-Log|: (TaskWork.java:356) TaskWork response success,send live data message--
04-11 10:22:04.480 16508 16508 D |MDM3.3-Log|: (EcmService.java:254) get ACTION_DATA TaskResponse---------
04-11 10:22:04.480 16508 16508 D |MDM3.3-Log|: (CommandAdapter.java:68) executeAction ==> TaskResponse{result=1000, taskId=43157, md5='', data=[TaskData{name='labelPolicy', value=1, version=1681179723567, extend='[{"isLock":1,"overdueDate":1681119998000,"amount":100,"afterDay":0,"beforeDay":0}]'}], deviceData=null}
04-11 10:22:04.486 16508 16568 D |MDM3.3-Log|: (CommandAdapter.java:90) filter task true ->TaskData{name='labelPolicy', value=1, version=1681179723567, extend='[{"isLock":1,"overdueDate":1681119998000,"amount":100,"afterDay":0,"beforeDay":0}]'}
04-11 10:22:04.506 16508 16568 D |MDM3.3-Log|: (CommandAdapter.java:111) saveTasks==================43157
04-11 10:22:04.507 16508 16568 I |MDM3.3-Log|: (LespagoLockUtils.java:80) overdue unlock
04-11 10:22:04.508 16508 16568 D |MDM3.3-Log|: (KioskUtils.java:123) 执行unLock，alertId=0  alertType=101
04-11 10:22:04.509 16508 16568 D |MDM3.3-Log|: (KioskUtils.java:130) push 触发的解锁，直接执行
04-11 10:22:04.513 16508 16508 D |MDM3.3-Log|: (EcmService.java:241) getReportTasks onChanged-----
04-11 10:22:04.515 16508 16508 D |MDM3.3-Log|: (KioskUtils.java:161) execute unlock
04-11 10:22:04.516 16508 16508 D |MDM3.3-Log|: (LockFragment.java:71) LOCK_MESSAGE_CHANGE--->clear_kiosk
04-11 10:22:04.516 16508 16508 D |MDM3.3-Log_GatewayImpl|: (DevicePolicyManagerGatewayImpl.java:1239) clearKiosk(com.easycontrol.emm)
04-11 10:22:04.535 16508 16508 D |MDM3.3-Log|: (EcmService.java:241) getReportTasks onChanged-----
04-11 10:22:04.535 16508 16508 E |MDM3.3-Log|: (KioskUtils.java:286) checkAppKiosk===>null22
04-11 10:22:04.536 16508 16508 D |MDM3.3-Log_GatewayImpl|: (DevicePolicyManagerGatewayImpl.java:1239) clearKiosk(com.easycontrol.emm)
04-11 10:22:04.562 16508 16508 E |MDM3.3-Log|: (ActivityThread.java:4726) DeviceAdminReceiver#receive action:android.app.action.LOCK_TASK_EXITING
04-11 10:22:04.562 16508 16508 I |MDM3.3-Log|: (EcmService.java:238) empty report list-----
04-11 10:22:04.563 16508 16508 I |MDM3.3-Log|: (EcmService.java:238) empty report list-----
04-11 10:22:04.603 16508 16885 D |MDM3.3-Log|: (ReportWork.java:57) report worker  doWork--------0
04-11 10:22:04.823 16508 16885 D |MDM3.3-Log_LogInterceptor|: (LogInterceptor.java:38) ----------Request Start----------
04-11 10:22:04.823 16508 16885 D |MDM3.3-Log_LogInterceptor|: (LogInterceptor.java:38) POST https://gsapi.lespay.mx/mdm-api/client/exeReport
04-11 10:22:04.824 16508 16885 D |MDM3.3-Log_LogInterceptor|: (LogInterceptor.java:38) mdmHeader: {"projectCode":"lisheng@123_6jW0GM","appCode":231,"deviceId":"869937054018794","model":"CMA-LX3","brand":"HONOR"}
04-11 10:22:04.824 16508 16885 D |MDM3.3-Log_LogInterceptor|: (LogInterceptor.java:38) Content-Type: application/json; charset=utf-8
04-11 10:22:04.825 16508 16885 D |MDM3.3-Log_LogInterceptor|: (LogInterceptor.java:38) Content-Length: 212
04-11 10:22:04.825 16508 16885 D |MDM3.3-Log_LogInterceptor|: (LogInterceptor.java:38) User-Agent: okhttp/4.9.0
04-11 10:22:04.826 16508 16885 D |MDM3.3-Log_LogInterceptor|: (LogInterceptor.java:38) Params:{"data":[{"extend":"[{\"isLock\":1,\"overdueDate\":1681119998000,\"amount\":100,\"afterDay\":0,\"beforeDay\":0}]","name":"labelPolicy","result":"1","value":1,"version":"1681179723567"}],"status":1,"taskId":43157}
04-11 10:22:04.827 16508 16885 D |MDM3.3-Log_LogInterceptor|: (LogInterceptor.java:38) Response Body:{"result":1000}
04-11 10:22:04.827 16508 16885 D |MDM3.3-Log_LogInterceptor|: (LogInterceptor.java:38) Time:218 ms
04-11 10:22:04.827 16508 16885 D |MDM3.3-Log_LogInterceptor|: (LogInterceptor.java:38) ----------Request End----------
04-11 10:22:35.177 16508 16587 D |MDM3.3-Log_HPushLog|: (EmqPushListener.java:29) pushNumber = 206
04-11 10:22:35.177 16508 16587 D |MDM3.3-Log_HPushLog|: (EmqPushListener.java:30) Emq onMessageReceived==> {"message":1,"taskId":"43158"}
04-11 10:22:35.178 16508 16587 D |MDM3.3-Log|: (EmqPushListener.java:45) type = 1; taskId = 43158
04-11 10:22:35.178 16508 16587 D |MDM3.3-Log|: (TaskWork.java:135) 请求任务接口--->43158
04-11 10:22:35.230 16508 17125 D |MDM3.3-Log|: (Worker.java:85) TaskWork trigger by push doWork------------------pool-21-thread-4
04-11 10:22:35.481 16508 17125 D |MDM3.3-Log_LogInterceptor|: (LogInterceptor.java:38) ----------Request Start----------
04-11 10:22:35.482 16508 17125 D |MDM3.3-Log_LogInterceptor|: (LogInterceptor.java:38) POST https://gsapi.lespay.mx/mdm-api/client/control
04-11 10:22:35.482 16508 17125 D |MDM3.3-Log_LogInterceptor|: (LogInterceptor.java:38) mdmHeader: {"projectCode":"lisheng@123_6jW0GM","appCode":231,"deviceId":"869937054018794","model":"CMA-LX3","brand":"HONOR"}
04-11 10:22:35.483 16508 17125 D |MDM3.3-Log_LogInterceptor|: (LogInterceptor.java:38) Content-Type: application/json; charset=utf-8
04-11 10:22:35.483 16508 17125 D |MDM3.3-Log_LogInterceptor|: (LogInterceptor.java:38) Content-Length: 31
04-11 10:22:35.484 16508 17125 D |MDM3.3-Log_LogInterceptor|: (LogInterceptor.java:38) User-Agent: okhttp/4.9.0
04-11 10:22:35.484 16508 17125 D |MDM3.3-Log_LogInterceptor|: (LogInterceptor.java:38) Params:{"taskId":43158,"intfType":"1"}
04-11 10:22:35.486 16508 17125 D |MDM3.3-Log_LogInterceptor|: (LogInterceptor.java:38) Response Body:{"result":1000,"data":[{"extend":[{"isLock":2,"overdueDate":1681119998000,"amount":100.0,"afterDay":0,"beforeDay":0}],"name":"labelPolicy","value":"1","version":1681179754711}],"version":43158,"taskId":43158}
04-11 10:22:35.486 16508 17125 D |MDM3.3-Log_LogInterceptor|: (LogInterceptor.java:38) Time:247 ms
04-11 10:22:35.488 16508 17125 D |MDM3.3-Log_LogInterceptor|: (LogInterceptor.java:38) ----------Request End----------
04-11 10:22:35.495 16508 17125 D |MDM3.3-Log|: (TaskWork.java:356) TaskWork response success,send live data message--
04-11 10:22:35.498 16508 16508 D |MDM3.3-Log|: (EcmService.java:254) get ACTION_DATA TaskResponse---------
04-11 10:22:35.499 16508 16508 D |MDM3.3-Log|: (CommandAdapter.java:68) executeAction ==> TaskResponse{result=1000, taskId=43158, md5='', data=[TaskData{name='labelPolicy', value=1, version=1681179754711, extend='[{"isLock":2,"overdueDate":1681119998000,"amount":100,"afterDay":0,"beforeDay":0}]'}], deviceData=null}
04-11 10:22:35.502 16508 16740 D |MDM3.3-Log|: (CommandAdapter.java:90) filter task true ->TaskData{name='labelPolicy', value=1, version=1681179754711, extend='[{"isLock":2,"overdueDate":1681119998000,"amount":100,"afterDay":0,"beforeDay":0}]'}
04-11 10:22:35.511 16508 16740 D |MDM3.3-Log|: (CommandAdapter.java:111) saveTasks==================43158
04-11 10:22:35.514 16508 16740 I |MDM3.3-Log|: (LespagoLockUtils.java:86) overdue lock
04-11 10:22:35.516 16508 16740 D |MDM3.3-Log|: (KioskUtils.java:59) execute lock(alertId->0,alertType->101)
04-11 10:22:35.529 16508 16740 D |MDM3.3-Log|: (KioskUtils.java:78) update==>LockRecord{id=1, alertId=0, alertType=101, lock=1, lockTime=1681179755518}
04-11 10:22:35.537 16508 16508 D |MDM3.3-Log|: (KioskUtils.java:91) lock execute----
04-11 10:22:35.537 16508 16508 D |MDM3.3-Log_GatewayImpl|: (DevicePolicyManagerGatewayImpl.java:1177) setKiosk(com.easycontrol.emm)
04-11 10:22:35.598 16508 16508 D |MDM3.3-Log_GatewayImpl|: (DevicePolicyManagerGatewayImpl.java:1202) setKiosk complete-----
04-11 10:22:35.599 16508 16508 D |MDM3.3-Log|: (EcmService.java:241) getReportTasks onChanged-----
04-11 10:22:35.607 16508 16508 D |MDM3.3-Log|: (EcmService.java:241) getReportTasks onChanged-----
04-11 10:22:35.628 16508 30884 D |MDM3.3-Log|: (KioskActivity.java:100) LockRecord has data ,execute lock
04-11 10:22:35.628 16508 16508 D |MDM3.3-Log_GatewayImpl|: (DevicePolicyManagerGatewayImpl.java:853) setLockTaskFeatures(GLOBAL_ACTIONS|SYSTEM_INFO)
04-11 10:22:35.650 16508 16508 I |MDM3.3-Log|: (EcmService.java:238) empty report list-----
04-11 10:22:35.655 16508 16508 D |MDM3.3-Log|: (KioskActivity.java:136) switchByCommand====>kiosk_mode_lock
04-11 10:22:35.655 16508 16508 D |MDM3.3-Log|: (KioskActivity.java:197) 切换fragment---com.easycontrol.dpc.kiosk.LockFragment
04-11 10:22:35.656 16508 16508 I |MDM3.3-Log|: (EcmService.java:238) empty report list-----
04-11 10:22:35.683 16508 16508 E |MDM3.3-Log|: (ActivityThread.java:4726) DeviceAdminReceiver#receive action:android.app.action.LOCK_TASK_ENTERING
04-11 10:22:35.687 16508 16746 D |MDM3.3-Log|: (ReportWork.java:57) report worker  doWork--------0
04-11 10:22:35.692 16508 16508 D |MDM3.3-Log_GatewayImpl|: (DevicePolicyManagerGatewayImpl.java:807) setLockTaskPackages([com.easycontrol.emm, com.android.settings, com.android.phone, android, com.emoji.keyboard.touchpal.customization, com.android.incallui, com.android.server.telecom, com.android.dialer, com.android.htcdialer, com.google.android.dialer, com.asus.asusincallui, com.device.lespago])
04-11 10:22:35.907 16508 16746 D |MDM3.3-Log_LogInterceptor|: (LogInterceptor.java:38) ----------Request Start----------
04-11 10:22:35.907 16508 16746 D |MDM3.3-Log_LogInterceptor|: (LogInterceptor.java:38) POST https://gsapi.lespay.mx/mdm-api/client/exeReport
04-11 10:22:35.908 16508 16746 D |MDM3.3-Log_LogInterceptor|: (LogInterceptor.java:38) mdmHeader: {"projectCode":"lisheng@123_6jW0GM","appCode":231,"deviceId":"869937054018794","model":"CMA-LX3","brand":"HONOR"}
04-11 10:22:35.908 16508 16746 D |MDM3.3-Log_LogInterceptor|: (LogInterceptor.java:38) Content-Type: application/json; charset=utf-8
04-11 10:22:35.908 16508 16746 D |MDM3.3-Log_LogInterceptor|: (LogInterceptor.java:38) Content-Length: 212
04-11 10:22:35.908 16508 16746 D |MDM3.3-Log_LogInterceptor|: (LogInterceptor.java:38) User-Agent: okhttp/4.9.0
04-11 10:22:35.908 16508 16746 D |MDM3.3-Log_LogInterceptor|: (LogInterceptor.java:38) Params:{"data":[{"extend":"[{\"isLock\":2,\"overdueDate\":1681119998000,\"amount\":100,\"afterDay\":0,\"beforeDay\":0}]","name":"labelPolicy","result":"1","value":1,"version":"1681179754711"}],"status":1,"taskId":43158}
04-11 10:22:35.908 16508 16746 D |MDM3.3-Log_LogInterceptor|: (LogInterceptor.java:38) Response Body:{"result":1000}
04-11 10:22:35.908 16508 16746 D |MDM3.3-Log_LogInterceptor|: (LogInterceptor.java:38) Time:219 ms
04-11 10:22:35.908 16508 16746 D |MDM3.3-Log_LogInterceptor|: (LogInterceptor.java:38) ----------Request End----------
04-11 10:23:06.137 16508 16587 D |MDM3.3-Log_HPushLog|: (EmqPushListener.java:29) pushNumber = 207
04-11 10:23:06.137 16508 16587 D |MDM3.3-Log_HPushLog|: (EmqPushListener.java:30) Emq onMessageReceived==> {"message":1,"taskId":"43159"}
04-11 10:23:06.138 16508 16587 D |MDM3.3-Log|: (EmqPushListener.java:45) type = 1; taskId = 43159
04-11 10:23:06.138 16508 16587 D |MDM3.3-Log|: (TaskWork.java:135) 请求任务接口--->43159
04-11 10:23:06.191 16508 16732 D |MDM3.3-Log|: (Worker.java:85) TaskWork trigger by push doWork------------------pool-21-thread-1
04-11 10:23:07.688 16508 16732 D |MDM3.3-Log_LogInterceptor|: (LogInterceptor.java:38) ----------Request Start----------
04-11 10:23:07.689 16508 16732 D |MDM3.3-Log_LogInterceptor|: (LogInterceptor.java:38) POST https://gsapi.lespay.mx/mdm-api/client/control
04-11 10:23:07.690 16508 16732 D |MDM3.3-Log_LogInterceptor|: (LogInterceptor.java:38) mdmHeader: {"projectCode":"lisheng@123_6jW0GM","appCode":231,"deviceId":"869937054018794","model":"CMA-LX3","brand":"HONOR"}
04-11 10:23:07.691 16508 16732 D |MDM3.3-Log_LogInterceptor|: (LogInterceptor.java:38) Content-Type: application/json; charset=utf-8
04-11 10:23:07.692 16508 16732 D |MDM3.3-Log_LogInterceptor|: (LogInterceptor.java:38) Content-Length: 31
04-11 10:23:07.693 16508 16732 D |MDM3.3-Log_LogInterceptor|: (LogInterceptor.java:38) User-Agent: okhttp/4.9.0
04-11 10:23:07.693 16508 16732 D |MDM3.3-Log_LogInterceptor|: (LogInterceptor.java:38) Params:{"taskId":43159,"intfType":"1"}
04-11 10:23:07.695 16508 16732 D |MDM3.3-Log_LogInterceptor|: (LogInterceptor.java:38) Response Body:{"result":1000,"data":[{"extend":[{"isLock":1,"overdueDate":1681119998000,"amount":100.0,"afterDay":0,"beforeDay":0}],"name":"labelPolicy","value":"1","version":1681179785767}],"version":43159,"taskId":43159}
04-11 10:23:07.696 16508 16732 D |MDM3.3-Log_LogInterceptor|: (LogInterceptor.java:38) Time:341 ms
04-11 10:23:07.696 16508 16732 D |MDM3.3-Log_LogInterceptor|: (LogInterceptor.java:38) ----------Request End----------
04-11 10:23:07.704 16508 16732 D |MDM3.3-Log|: (TaskWork.java:356) TaskWork response success,send live data message--
04-11 10:23:07.706 16508 16508 D |MDM3.3-Log|: (EcmService.java:254) get ACTION_DATA TaskResponse---------
04-11 10:23:07.706 16508 16508 D |MDM3.3-Log|: (CommandAdapter.java:68) executeAction ==> TaskResponse{result=1000, taskId=43159, md5='', data=[TaskData{name='labelPolicy', value=1, version=1681179785767, extend='[{"isLock":1,"overdueDate":1681119998000,"amount":100,"afterDay":0,"beforeDay":0}]'}], deviceData=null}
04-11 10:23:07.708 16508 16568 D |MDM3.3-Log|: (CommandAdapter.java:90) filter task true ->TaskData{name='labelPolicy', value=1, version=1681179785767, extend='[{"isLock":1,"overdueDate":1681119998000,"amount":100,"afterDay":0,"beforeDay":0}]'}
04-11 10:23:07.726 16508 16568 D |MDM3.3-Log|: (CommandAdapter.java:111) saveTasks==================43159
04-11 10:23:07.726 16508 16568 I |MDM3.3-Log|: (LespagoLockUtils.java:80) overdue unlock
04-11 10:23:07.727 16508 16568 D |MDM3.3-Log|: (KioskUtils.java:123) 执行unLock，alertId=0  alertType=101
04-11 10:23:07.728 16508 16568 D |MDM3.3-Log|: (KioskUtils.java:130) push 触发的解锁，直接执行
04-11 10:23:07.733 16508 16508 I |MDM3.3-Log|: (EcmService.java:238) empty report list-----
04-11 10:23:07.733 16508 16508 D |MDM3.3-Log|: (KioskUtils.java:161) execute unlock
04-11 10:23:07.734 16508 16508 D |MDM3.3-Log|: (LockFragment.java:71) LOCK_MESSAGE_CHANGE--->clear_kiosk
04-11 10:23:07.734 16508 16508 D |MDM3.3-Log_GatewayImpl|: (DevicePolicyManagerGatewayImpl.java:1239) clearKiosk(com.easycontrol.emm)
04-11 10:23:07.753 16508 16508 E |MDM3.3-Log|: (KioskUtils.java:286) checkAppKiosk===>null22
04-11 10:23:07.753 16508 16508 D |MDM3.3-Log_GatewayImpl|: (DevicePolicyManagerGatewayImpl.java:1239) clearKiosk(com.easycontrol.emm)
04-11 10:23:07.768 16508 16508 D |MDM3.3-Log|: (EcmService.java:241) getReportTasks onChanged-----
04-11 10:23:07.780 16508 16508 E |MDM3.3-Log|: (ActivityThread.java:4726) DeviceAdminReceiver#receive action:android.app.action.LOCK_TASK_EXITING
04-11 10:23:07.794 16508 16508 I |MDM3.3-Log|: (EcmService.java:238) empty report list-----
04-11 10:23:07.802 16508 16885 D |MDM3.3-Log|: (ReportWork.java:57) report worker  doWork--------0
04-11 10:23:08.005 16508 16885 D |MDM3.3-Log_LogInterceptor|: (LogInterceptor.java:38) ----------Request Start----------
04-11 10:23:08.006 16508 16885 D |MDM3.3-Log_LogInterceptor|: (LogInterceptor.java:38) POST https://gsapi.lespay.mx/mdm-api/client/exeReport
04-11 10:23:08.006 16508 16885 D |MDM3.3-Log_LogInterceptor|: (LogInterceptor.java:38) mdmHeader: {"projectCode":"lisheng@123_6jW0GM","appCode":231,"deviceId":"869937054018794","model":"CMA-LX3","brand":"HONOR"}
04-11 10:23:08.006 16508 16885 D |MDM3.3-Log_LogInterceptor|: (LogInterceptor.java:38) Content-Type: application/json; charset=utf-8
04-11 10:23:08.007 16508 16885 D |MDM3.3-Log_LogInterceptor|: (LogInterceptor.java:38) Content-Length: 212
04-11 10:23:08.007 16508 16885 D |MDM3.3-Log_LogInterceptor|: (LogInterceptor.java:38) User-Agent: okhttp/4.9.0
04-11 10:23:08.008 16508 16885 D |MDM3.3-Log_LogInterceptor|: (LogInterceptor.java:38) Params:{"data":[{"extend":"[{\"isLock\":1,\"overdueDate\":1681119998000,\"amount\":100,\"afterDay\":0,\"beforeDay\":0}]","name":"labelPolicy","result":"1","value":1,"version":"1681179785767"}],"status":1,"taskId":43159}
04-11 10:23:08.009 16508 16885 D |MDM3.3-Log_LogInterceptor|: (LogInterceptor.java:38) Response Body:{"result":1000}
04-11 10:23:08.009 16508 16885 D |MDM3.3-Log_LogInterceptor|: (LogInterceptor.java:38) Time:199 ms
04-11 10:23:08.010 16508 16885 D |MDM3.3-Log_LogInterceptor|: (LogInterceptor.java:38) ----------Request End----------
04-11 10:23:37.229 16508 16587 D |MDM3.3-Log_HPushLog|: (EmqPushListener.java:29) pushNumber = 208
04-11 10:23:37.229 16508 16587 D |MDM3.3-Log_HPushLog|: (EmqPushListener.java:30) Emq onMessageReceived==> {"message":1,"taskId":"43161"}
04-11 10:23:37.230 16508 16587 D |MDM3.3-Log|: (EmqPushListener.java:45) type = 1; taskId = 43161
04-11 10:23:37.230 16508 16587 D |MDM3.3-Log|: (TaskWork.java:135) 请求任务接口--->43161
04-11 10:23:37.288 16508 17125 D |MDM3.3-Log|: (Worker.java:85) TaskWork trigger by push doWork------------------pool-21-thread-4
04-11 10:23:37.536 16508 17125 D |MDM3.3-Log_LogInterceptor|: (LogInterceptor.java:38) ----------Request Start----------
04-11 10:23:37.536 16508 17125 D |MDM3.3-Log_LogInterceptor|: (LogInterceptor.java:38) POST https://gsapi.lespay.mx/mdm-api/client/control
04-11 10:23:37.537 16508 17125 D |MDM3.3-Log_LogInterceptor|: (LogInterceptor.java:38) mdmHeader: {"projectCode":"lisheng@123_6jW0GM","appCode":231,"deviceId":"869937054018794","model":"CMA-LX3","brand":"HONOR"}
04-11 10:23:37.537 16508 17125 D |MDM3.3-Log_LogInterceptor|: (LogInterceptor.java:38) Content-Type: application/json; charset=utf-8
04-11 10:23:37.538 16508 17125 D |MDM3.3-Log_LogInterceptor|: (LogInterceptor.java:38) Content-Length: 31
04-11 10:23:37.539 16508 17125 D |MDM3.3-Log_LogInterceptor|: (LogInterceptor.java:38) User-Agent: okhttp/4.9.0
04-11 10:23:37.539 16508 17125 D |MDM3.3-Log_LogInterceptor|: (LogInterceptor.java:38) Params:{"taskId":43161,"intfType":"1"}
04-11 10:23:37.542 16508 17125 D |MDM3.3-Log_LogInterceptor|: (LogInterceptor.java:38) Response Body:{"result":1000,"data":[{"extend":[{"isLock":2,"overdueDate":1681119998000,"amount":100.0,"afterDay":0,"beforeDay":0}],"name":"labelPolicy","value":"1","version":1681179816767}],"version":43161,"taskId":43161}
04-11 10:23:37.544 16508 17125 D |MDM3.3-Log_LogInterceptor|: (LogInterceptor.java:38) Time:244 ms
04-11 10:23:37.545 16508 17125 D |MDM3.3-Log_LogInterceptor|: (LogInterceptor.java:38) ----------Request End----------
04-11 10:23:37.551 16508 17125 D |MDM3.3-Log|: (TaskWork.java:356) TaskWork response success,send live data message--
04-11 10:23:37.552 16508 16508 D |MDM3.3-Log|: (EcmService.java:254) get ACTION_DATA TaskResponse---------
04-11 10:23:37.553 16508 16508 D |MDM3.3-Log|: (CommandAdapter.java:68) executeAction ==> TaskResponse{result=1000, taskId=43161, md5='', data=[TaskData{name='labelPolicy', value=1, version=1681179816767, extend='[{"isLock":2,"overdueDate":1681119998000,"amount":100,"afterDay":0,"beforeDay":0}]'}], deviceData=null}
04-11 10:23:37.558 16508 16740 D |MDM3.3-Log|: (CommandAdapter.java:90) filter task true ->TaskData{name='labelPolicy', value=1, version=1681179816767, extend='[{"isLock":2,"overdueDate":1681119998000,"amount":100,"afterDay":0,"beforeDay":0}]'}
04-11 10:23:37.571 16508 16740 D |MDM3.3-Log|: (CommandAdapter.java:111) saveTasks==================43161
04-11 10:23:37.572 16508 16740 I |MDM3.3-Log|: (LespagoLockUtils.java:86) overdue lock
04-11 10:23:37.576 16508 16740 D |MDM3.3-Log|: (KioskUtils.java:59) execute lock(alertId->0,alertType->101)
04-11 10:23:37.586 16508 16508 I |MDM3.3-Log|: (EcmService.java:238) empty report list-----
04-11 10:23:37.592 16508 16568 D |MDM3.3-Log|: (KioskUtils.java:78) update==>LockRecord{id=1, alertId=0, alertType=101, lock=1, lockTime=1681179817577}
04-11 10:23:37.599 16508 16508 D |MDM3.3-Log|: (KioskUtils.java:91) lock execute----
04-11 10:23:37.600 16508 16508 D |MDM3.3-Log_GatewayImpl|: (DevicePolicyManagerGatewayImpl.java:1177) setKiosk(com.easycontrol.emm)
04-11 10:23:37.658 16508 16508 D |MDM3.3-Log_GatewayImpl|: (DevicePolicyManagerGatewayImpl.java:1202) setKiosk complete-----
04-11 10:23:37.660 16508 16508 D |MDM3.3-Log|: (EcmService.java:241) getReportTasks onChanged-----
04-11 10:23:37.670 16508 16508 I |MDM3.3-Log|: (EcmService.java:238) empty report list-----
04-11 10:23:37.693 16508 30884 D |MDM3.3-Log|: (KioskActivity.java:100) LockRecord has data ,execute lock
04-11 10:23:37.694 16508 16508 D |MDM3.3-Log_GatewayImpl|: (DevicePolicyManagerGatewayImpl.java:853) setLockTaskFeatures(GLOBAL_ACTIONS|SYSTEM_INFO)
04-11 10:23:37.717 16508 16508 D |MDM3.3-Log|: (KioskActivity.java:136) switchByCommand====>kiosk_mode_lock
04-11 10:23:37.717 16508 16508 D |MDM3.3-Log|: (KioskActivity.java:197) 切换fragment---com.easycontrol.dpc.kiosk.LockFragment
04-11 10:23:37.740 16508 16508 E |MDM3.3-Log|: (ActivityThread.java:4726) DeviceAdminReceiver#receive action:android.app.action.LOCK_TASK_ENTERING
04-11 10:23:37.782 16508 16746 D |MDM3.3-Log|: (ReportWork.java:57) report worker  doWork--------0
04-11 10:23:38.073 16508 16746 D |MDM3.3-Log_LogInterceptor|: (LogInterceptor.java:38) ----------Request Start----------
04-11 10:23:38.073 16508 16746 D |MDM3.3-Log_LogInterceptor|: (LogInterceptor.java:38) POST https://gsapi.lespay.mx/mdm-api/client/exeReport
04-11 10:23:38.073 16508 16746 D |MDM3.3-Log_LogInterceptor|: (LogInterceptor.java:38) mdmHeader: {"projectCode":"lisheng@123_6jW0GM","appCode":231,"deviceId":"869937054018794","model":"CMA-LX3","brand":"HONOR"}
04-11 10:23:38.074 16508 16746 D |MDM3.3-Log_LogInterceptor|: (LogInterceptor.java:38) Content-Type: application/json; charset=utf-8
04-11 10:23:38.074 16508 16746 D |MDM3.3-Log_LogInterceptor|: (LogInterceptor.java:38) Content-Length: 212
04-11 10:23:38.074 16508 16746 D |MDM3.3-Log_LogInterceptor|: (LogInterceptor.java:38) User-Agent: okhttp/4.9.0
04-11 10:23:38.074 16508 16746 D |MDM3.3-Log_LogInterceptor|: (LogInterceptor.java:38) Params:{"data":[{"extend":"[{\"isLock\":2,\"overdueDate\":1681119998000,\"amount\":100,\"afterDay\":0,\"beforeDay\":0}]","name":"labelPolicy","result":"1","value":1,"version":"1681179816767"}],"status":1,"taskId":43161}
04-11 10:23:38.074 16508 16746 D |MDM3.3-Log_LogInterceptor|: (LogInterceptor.java:38) Response Body:{"result":1000}
04-11 10:23:38.074 16508 16746 D |MDM3.3-Log_LogInterceptor|: (LogInterceptor.java:38) Time:290 ms
04-11 10:23:38.074 16508 16746 D |MDM3.3-Log_LogInterceptor|: (LogInterceptor.java:38) ----------Request End----------
04-11 10:24:08.258 16508 16587 D |MDM3.3-Log_HPushLog|: (EmqPushListener.java:29) pushNumber = 209
04-11 10:24:08.258 16508 16587 D |MDM3.3-Log_HPushLog|: (EmqPushListener.java:30) Emq onMessageReceived==> {"message":1,"taskId":"43162"}
04-11 10:24:08.259 16508 16587 D |MDM3.3-Log|: (EmqPushListener.java:45) type = 1; taskId = 43162
04-11 10:24:08.259 16508 16587 D |MDM3.3-Log|: (TaskWork.java:135) 请求任务接口--->43162
04-11 10:24:08.310 16508 16732 D |MDM3.3-Log|: (Worker.java:85) TaskWork trigger by push doWork------------------pool-21-thread-1
04-11 10:24:08.592 16508 16732 D |MDM3.3-Log_LogInterceptor|: (LogInterceptor.java:38) ----------Request Start----------
04-11 10:24:08.593 16508 16732 D |MDM3.3-Log_LogInterceptor|: (LogInterceptor.java:38) POST https://gsapi.lespay.mx/mdm-api/client/control
04-11 10:24:08.594 16508 16732 D |MDM3.3-Log_LogInterceptor|: (LogInterceptor.java:38) mdmHeader: {"projectCode":"lisheng@123_6jW0GM","appCode":231,"deviceId":"869937054018794","model":"CMA-LX3","brand":"HONOR"}
04-11 10:24:08.594 16508 16732 D |MDM3.3-Log_LogInterceptor|: (LogInterceptor.java:38) Content-Type: application/json; charset=utf-8
04-11 10:24:08.595 16508 16732 D |MDM3.3-Log_LogInterceptor|: (LogInterceptor.java:38) Content-Length: 31
04-11 10:24:08.595 16508 16732 D |MDM3.3-Log_LogInterceptor|: (LogInterceptor.java:38) User-Agent: okhttp/4.9.0
04-11 10:24:08.596 16508 16732 D |MDM3.3-Log_LogInterceptor|: (LogInterceptor.java:38) Params:{"taskId":43162,"intfType":"1"}
04-11 10:24:08.597 16508 16732 D |MDM3.3-Log_LogInterceptor|: (LogInterceptor.java:38) Response Body:{"result":1000,"data":[{"extend":[{"isLock":1,"overdueDate":1681119998000,"amount":100.0,"afterDay":0,"beforeDay":0}],"name":"labelPolicy","value":"1","version":1681179847832}],"version":43162,"taskId":43162}
04-11 10:24:08.598 16508 16732 D |MDM3.3-Log_LogInterceptor|: (LogInterceptor.java:38) Time:278 ms
04-11 10:24:08.598 16508 16732 D |MDM3.3-Log_LogInterceptor|: (LogInterceptor.java:38) ----------Request End----------
04-11 10:24:08.610 16508 16732 D |MDM3.3-Log|: (TaskWork.java:356) TaskWork response success,send live data message--
04-11 10:24:08.612 16508 16508 D |MDM3.3-Log|: (EcmService.java:254) get ACTION_DATA TaskResponse---------
04-11 10:24:08.613 16508 16508 D |MDM3.3-Log|: (CommandAdapter.java:68) executeAction ==> TaskResponse{result=1000, taskId=43162, md5='', data=[TaskData{name='labelPolicy', value=1, version=1681179847832, extend='[{"isLock":1,"overdueDate":1681119998000,"amount":100,"afterDay":0,"beforeDay":0}]'}], deviceData=null}
04-11 10:24:08.615 16508 16568 D |MDM3.3-Log|: (CommandAdapter.java:90) filter task true ->TaskData{name='labelPolicy', value=1, version=1681179847832, extend='[{"isLock":1,"overdueDate":1681119998000,"amount":100,"afterDay":0,"beforeDay":0}]'}
04-11 10:24:08.627 16508 16568 D |MDM3.3-Log|: (CommandAdapter.java:111) saveTasks==================43162
04-11 10:24:08.628 16508 16568 I |MDM3.3-Log|: (LespagoLockUtils.java:80) overdue unlock
04-11 10:24:08.629 16508 16568 D |MDM3.3-Log|: (KioskUtils.java:123) 执行unLock，alertId=0  alertType=101
04-11 10:24:08.629 16508 16740 D |MDM3.3-Log|: (KioskUtils.java:130) push 触发的解锁，直接执行
04-11 10:24:08.630 16508 16508 I |MDM3.3-Log|: (EcmService.java:238) empty report list-----
04-11 10:24:08.634 16508 16508 D |MDM3.3-Log|: (KioskUtils.java:161) execute unlock
04-11 10:24:08.635 16508 16508 D |MDM3.3-Log|: (LockFragment.java:71) LOCK_MESSAGE_CHANGE--->clear_kiosk
04-11 10:24:08.635 16508 16508 D |MDM3.3-Log_GatewayImpl|: (DevicePolicyManagerGatewayImpl.java:1239) clearKiosk(com.easycontrol.emm)
04-11 10:24:08.652 16508 16508 E |MDM3.3-Log|: (KioskUtils.java:286) checkAppKiosk===>null22
04-11 10:24:08.653 16508 16508 D |MDM3.3-Log_GatewayImpl|: (DevicePolicyManagerGatewayImpl.java:1239) clearKiosk(com.easycontrol.emm)
04-11 10:24:08.662 16508 16508 D |MDM3.3-Log|: (EcmService.java:241) getReportTasks onChanged-----
04-11 10:24:08.676 16508 16508 E |MDM3.3-Log|: (ActivityThread.java:4726) DeviceAdminReceiver#receive action:android.app.action.LOCK_TASK_EXITING
04-11 10:24:08.685 16508 16885 D |MDM3.3-Log|: (ReportWork.java:57) report worker  doWork--------0
04-11 10:24:08.691 16508 16508 I |MDM3.3-Log|: (EcmService.java:238) empty report list-----
04-11 10:24:08.891 16508 16885 D |MDM3.3-Log_LogInterceptor|: (LogInterceptor.java:38) ----------Request Start----------
04-11 10:24:08.891 16508 16885 D |MDM3.3-Log_LogInterceptor|: (LogInterceptor.java:38) POST https://gsapi.lespay.mx/mdm-api/client/exeReport
04-11 10:24:08.892 16508 16885 D |MDM3.3-Log_LogInterceptor|: (LogInterceptor.java:38) mdmHeader: {"projectCode":"lisheng@123_6jW0GM","appCode":231,"deviceId":"869937054018794","model":"CMA-LX3","brand":"HONOR"}
04-11 10:24:08.893 16508 16885 D |MDM3.3-Log_LogInterceptor|: (LogInterceptor.java:38) Content-Type: application/json; charset=utf-8
04-11 10:24:08.893 16508 16885 D |MDM3.3-Log_LogInterceptor|: (LogInterceptor.java:38) Content-Length: 212
04-11 10:24:08.894 16508 16885 D |MDM3.3-Log_LogInterceptor|: (LogInterceptor.java:38) User-Agent: okhttp/4.9.0
04-11 10:24:08.894 16508 16885 D |MDM3.3-Log_LogInterceptor|: (LogInterceptor.java:38) Params:{"data":[{"extend":"[{\"isLock\":1,\"overdueDate\":1681119998000,\"amount\":100,\"afterDay\":0,\"beforeDay\":0}]","name":"labelPolicy","result":"1","value":1,"version":"1681179847832"}],"status":1,"taskId":43162}
04-11 10:24:08.896 16508 16885 D |MDM3.3-Log_LogInterceptor|: (LogInterceptor.java:38) Response Body:{"result":1000}
04-11 10:24:08.897 16508 16885 D |MDM3.3-Log_LogInterceptor|: (LogInterceptor.java:38) Time:204 ms
04-11 10:24:08.898 16508 16885 D |MDM3.3-Log_LogInterceptor|: (LogInterceptor.java:38) ----------Request End----------
04-11 10:24:39.083 16508 16587 D |MDM3.3-Log_HPushLog|: (EmqPushListener.java:29) pushNumber = 210
04-11 10:24:39.083 16508 16587 D |MDM3.3-Log_HPushLog|: (EmqPushListener.java:30) Emq onMessageReceived==> {"message":1,"taskId":"43163"}
04-11 10:24:39.084 16508 16587 D |MDM3.3-Log|: (EmqPushListener.java:45) type = 1; taskId = 43163
04-11 10:24:39.084 16508 16587 D |MDM3.3-Log|: (TaskWork.java:135) 请求任务接口--->43163
04-11 10:24:39.137 16508 17125 D |MDM3.3-Log|: (Worker.java:85) TaskWork trigger by push doWork------------------pool-21-thread-4
04-11 10:24:39.347 16508 17125 D |MDM3.3-Log_LogInterceptor|: (LogInterceptor.java:38) ----------Request Start----------
04-11 10:24:39.348 16508 17125 D |MDM3.3-Log_LogInterceptor|: (LogInterceptor.java:38) POST https://gsapi.lespay.mx/mdm-api/client/control
04-11 10:24:39.349 16508 17125 D |MDM3.3-Log_LogInterceptor|: (LogInterceptor.java:38) mdmHeader: {"projectCode":"lisheng@123_6jW0GM","appCode":231,"deviceId":"869937054018794","model":"CMA-LX3","brand":"HONOR"}
04-11 10:24:39.349 16508 17125 D |MDM3.3-Log_LogInterceptor|: (LogInterceptor.java:38) Content-Type: application/json; charset=utf-8
04-11 10:24:39.350 16508 17125 D |MDM3.3-Log_LogInterceptor|: (LogInterceptor.java:38) Content-Length: 31
04-11 10:24:39.351 16508 17125 D |MDM3.3-Log_LogInterceptor|: (LogInterceptor.java:38) User-Agent: okhttp/4.9.0
04-11 10:24:39.352 16508 17125 D |MDM3.3-Log_LogInterceptor|: (LogInterceptor.java:38) Params:{"taskId":43163,"intfType":"1"}
04-11 10:24:39.355 16508 17125 D |MDM3.3-Log_LogInterceptor|: (LogInterceptor.java:38) Response Body:{"result":1000,"data":[{"extend":[{"isLock":2,"overdueDate":1681119998000,"amount":100.0,"afterDay":0,"beforeDay":0}],"name":"labelPolicy","value":"1","version":1681179878791}],"version":43163,"taskId":43163}
04-11 10:24:39.356 16508 17125 D |MDM3.3-Log_LogInterceptor|: (LogInterceptor.java:38) Time:207 ms
04-11 10:24:39.357 16508 17125 D |MDM3.3-Log_LogInterceptor|: (LogInterceptor.java:38) ----------Request End----------
04-11 10:24:39.363 16508 17125 D |MDM3.3-Log|: (TaskWork.java:356) TaskWork response success,send live data message--
04-11 10:24:39.364 16508 16508 D |MDM3.3-Log|: (EcmService.java:254) get ACTION_DATA TaskResponse---------
04-11 10:24:39.365 16508 16508 D |MDM3.3-Log|: (CommandAdapter.java:68) executeAction ==> TaskResponse{result=1000, taskId=43163, md5='', data=[TaskData{name='labelPolicy', value=1, version=1681179878791, extend='[{"isLock":2,"overdueDate":1681119998000,"amount":100,"afterDay":0,"beforeDay":0}]'}], deviceData=null}
04-11 10:24:39.370 16508 16740 D |MDM3.3-Log|: (CommandAdapter.java:90) filter task true ->TaskData{name='labelPolicy', value=1, version=1681179878791, extend='[{"isLock":2,"overdueDate":1681119998000,"amount":100,"afterDay":0,"beforeDay":0}]'}
04-11 10:24:39.380 16508 16740 D |MDM3.3-Log|: (CommandAdapter.java:111) saveTasks==================43163
04-11 10:24:39.381 16508 16740 I |MDM3.3-Log|: (LespagoLockUtils.java:86) overdue lock
04-11 10:24:39.382 16508 16740 D |MDM3.3-Log|: (KioskUtils.java:59) execute lock(alertId->0,alertType->101)
04-11 10:24:39.391 16508 16508 I |MDM3.3-Log|: (EcmService.java:238) empty report list-----
04-11 10:24:39.397 16508 16508 D |MDM3.3-Log|: (EcmService.java:241) getReportTasks onChanged-----
04-11 10:24:39.399 16508 16568 D |MDM3.3-Log|: (KioskUtils.java:78) update==>LockRecord{id=1, alertId=0, alertType=101, lock=1, lockTime=1681179879389}
04-11 10:24:39.407 16508 16508 D |MDM3.3-Log|: (KioskUtils.java:91) lock execute----
04-11 10:24:39.407 16508 16508 D |MDM3.3-Log_GatewayImpl|: (DevicePolicyManagerGatewayImpl.java:1177) setKiosk(com.easycontrol.emm)
04-11 10:24:39.455 16508 16508 D |MDM3.3-Log_GatewayImpl|: (DevicePolicyManagerGatewayImpl.java:1202) setKiosk complete-----
04-11 10:24:39.459 16508 16508 I |MDM3.3-Log|: (EcmService.java:238) empty report list-----
04-11 10:24:39.498 16508 16508 D |MDM3.3-Log_GatewayImpl|: (DevicePolicyManagerGatewayImpl.java:853) setLockTaskFeatures(GLOBAL_ACTIONS|SYSTEM_INFO)
04-11 10:24:39.499 16508 30884 D |MDM3.3-Log|: (KioskActivity.java:100) LockRecord has data ,execute lock
04-11 10:24:39.516 16508 16508 D |MDM3.3-Log|: (KioskActivity.java:136) switchByCommand====>kiosk_mode_lock
04-11 10:24:39.517 16508 16508 D |MDM3.3-Log|: (KioskActivity.java:197) 切换fragment---com.easycontrol.dpc.kiosk.LockFragment
04-11 10:24:39.551 16508 16508 D |MDM3.3-Log_GatewayImpl|: (DevicePolicyManagerGatewayImpl.java:807) setLockTaskPackages([com.easycontrol.emm, com.android.settings, com.android.phone, android, com.emoji.keyboard.touchpal.customization, com.android.incallui, com.android.server.telecom, com.android.dialer, com.android.htcdialer, com.google.android.dialer, com.asus.asusincallui, com.device.lespago])
04-11 10:24:39.574 16508 16508 E |MDM3.3-Log|: (ActivityThread.java:4726) DeviceAdminReceiver#receive action:android.app.action.LOCK_TASK_ENTERING
04-11 10:24:39.576 16508 16746 D |MDM3.3-Log|: (ReportWork.java:57) report worker  doWork--------0
04-11 10:24:40.407 16508 16746 D |MDM3.3-Log_LogInterceptor|: (LogInterceptor.java:38) ----------Request Start----------
04-11 10:24:40.407 16508 16746 D |MDM3.3-Log_LogInterceptor|: (LogInterceptor.java:38) POST https://gsapi.lespay.mx/mdm-api/client/exeReport
04-11 10:24:40.408 16508 16746 D |MDM3.3-Log_LogInterceptor|: (LogInterceptor.java:38) mdmHeader: {"projectCode":"lisheng@123_6jW0GM","appCode":231,"deviceId":"869937054018794","model":"CMA-LX3","brand":"HONOR"}
04-11 10:24:40.408 16508 16746 D |MDM3.3-Log_LogInterceptor|: (LogInterceptor.java:38) Content-Type: application/json; charset=utf-8
04-11 10:24:40.408 16508 16746 D |MDM3.3-Log_LogInterceptor|: (LogInterceptor.java:38) Content-Length: 212
04-11 10:24:40.408 16508 16746 D |MDM3.3-Log_LogInterceptor|: (LogInterceptor.java:38) User-Agent: okhttp/4.9.0
04-11 10:24:40.408 16508 16746 D |MDM3.3-Log_LogInterceptor|: (LogInterceptor.java:38) Params:{"data":[{"extend":"[{\"isLock\":2,\"overdueDate\":1681119998000,\"amount\":100,\"afterDay\":0,\"beforeDay\":0}]","name":"labelPolicy","result":"1","value":1,"version":"1681179878791"}],"status":1,"taskId":43163}
04-11 10:24:40.408 16508 16746 D |MDM3.3-Log_LogInterceptor|: (LogInterceptor.java:38) Response Body:{"result":1000}
04-11 10:24:40.408 16508 16746 D |MDM3.3-Log_LogInterceptor|: (LogInterceptor.java:38) Time:830 ms
04-11 10:24:40.408 16508 16746 D |MDM3.3-Log_LogInterceptor|: (LogInterceptor.java:38) ----------Request End----------
04-11 10:25:10.211 16508 16587 D |MDM3.3-Log_HPushLog|: (EmqPushListener.java:29) pushNumber = 211
04-11 10:25:10.211 16508 16587 D |MDM3.3-Log_HPushLog|: (EmqPushListener.java:30) Emq onMessageReceived==> {"message":1,"taskId":"43164"}
04-11 10:25:10.212 16508 16587 D |MDM3.3-Log|: (EmqPushListener.java:45) type = 1; taskId = 43164
04-11 10:25:10.212 16508 16587 D |MDM3.3-Log|: (TaskWork.java:135) 请求任务接口--->43164
04-11 10:25:10.269 16508 16732 D |MDM3.3-Log|: (Worker.java:85) TaskWork trigger by push doWork------------------pool-21-thread-1
04-11 10:25:10.516 16508 16732 D |MDM3.3-Log_LogInterceptor|: (LogInterceptor.java:38) ----------Request Start----------
04-11 10:25:10.517 16508 16732 D |MDM3.3-Log_LogInterceptor|: (LogInterceptor.java:38) POST https://gsapi.lespay.mx/mdm-api/client/control
04-11 10:25:10.518 16508 16732 D |MDM3.3-Log_LogInterceptor|: (LogInterceptor.java:38) mdmHeader: {"projectCode":"lisheng@123_6jW0GM","appCode":231,"deviceId":"869937054018794","model":"CMA-LX3","brand":"HONOR"}
04-11 10:25:10.519 16508 16732 D |MDM3.3-Log_LogInterceptor|: (LogInterceptor.java:38) Content-Type: application/json; charset=utf-8
04-11 10:25:10.519 16508 16732 D |MDM3.3-Log_LogInterceptor|: (LogInterceptor.java:38) Content-Length: 31
04-11 10:25:10.522 16508 16732 D |MDM3.3-Log_LogInterceptor|: (LogInterceptor.java:38) User-Agent: okhttp/4.9.0
04-11 10:25:10.526 16508 16732 D |MDM3.3-Log_LogInterceptor|: (LogInterceptor.java:38) Params:{"taskId":43164,"intfType":"1"}
04-11 10:25:10.527 16508 16732 D |MDM3.3-Log_LogInterceptor|: (LogInterceptor.java:38) Response Body:{"result":1000,"data":[{"extend":[{"isLock":1,"overdueDate":1681119998000,"amount":100.0,"afterDay":0,"beforeDay":0}],"name":"labelPolicy","value":"1","version":1681179909905}],"version":43164,"taskId":43164}
04-11 10:25:10.528 16508 16732 D |MDM3.3-Log_LogInterceptor|: (LogInterceptor.java:38) Time:244 ms
04-11 10:25:10.528 16508 16732 D |MDM3.3-Log_LogInterceptor|: (LogInterceptor.java:38) ----------Request End----------
04-11 10:25:10.539 16508 16732 D |MDM3.3-Log|: (TaskWork.java:356) TaskWork response success,send live data message--
04-11 10:25:10.541 16508 16508 D |MDM3.3-Log|: (EcmService.java:254) get ACTION_DATA TaskResponse---------
04-11 10:25:10.541 16508 16508 D |MDM3.3-Log|: (CommandAdapter.java:68) executeAction ==> TaskResponse{result=1000, taskId=43164, md5='', data=[TaskData{name='labelPolicy', value=1, version=1681179909905, extend='[{"isLock":1,"overdueDate":1681119998000,"amount":100,"afterDay":0,"beforeDay":0}]'}], deviceData=null}
04-11 10:25:10.545 16508 16568 D |MDM3.3-Log|: (CommandAdapter.java:90) filter task true ->TaskData{name='labelPolicy', value=1, version=1681179909905, extend='[{"isLock":1,"overdueDate":1681119998000,"amount":100,"afterDay":0,"beforeDay":0}]'}
04-11 10:25:10.561 16508 16568 D |MDM3.3-Log|: (CommandAdapter.java:111) saveTasks==================43164
04-11 10:25:10.562 16508 16568 I |MDM3.3-Log|: (LespagoLockUtils.java:80) overdue unlock
04-11 10:25:10.562 16508 16568 D |MDM3.3-Log|: (KioskUtils.java:123) 执行unLock，alertId=0  alertType=101
04-11 10:25:10.563 16508 16508 I |MDM3.3-Log|: (EcmService.java:238) empty report list-----
04-11 10:25:10.563 16508 16568 D |MDM3.3-Log|: (KioskUtils.java:130) push 触发的解锁，直接执行
04-11 10:25:10.568 16508 16508 D |MDM3.3-Log|: (KioskUtils.java:161) execute unlock
04-11 10:25:10.569 16508 16508 D |MDM3.3-Log|: (LockFragment.java:71) LOCK_MESSAGE_CHANGE--->clear_kiosk
04-11 10:25:10.569 16508 16508 D |MDM3.3-Log_GatewayImpl|: (DevicePolicyManagerGatewayImpl.java:1239) clearKiosk(com.easycontrol.emm)
04-11 10:25:10.590 16508 16508 E |MDM3.3-Log|: (KioskUtils.java:286) checkAppKiosk===>null22
04-11 10:25:10.590 16508 16508 D |MDM3.3-Log_GatewayImpl|: (DevicePolicyManagerGatewayImpl.java:1239) clearKiosk(com.easycontrol.emm)
04-11 10:25:10.605 16508 16508 D |MDM3.3-Log|: (EcmService.java:241) getReportTasks onChanged-----
04-11 10:25:10.623 16508 16508 E |MDM3.3-Log|: (ActivityThread.java:4726) DeviceAdminReceiver#receive action:android.app.action.LOCK_TASK_EXITING
04-11 10:25:10.625 16508 16885 D |MDM3.3-Log|: (ReportWork.java:57) report worker  doWork--------0
04-11 10:25:10.626 16508 16508 I |MDM3.3-Log|: (EcmService.java:238) empty report list-----
04-11 10:25:10.866 16508 16885 D |MDM3.3-Log_LogInterceptor|: (LogInterceptor.java:38) ----------Request Start----------
04-11 10:25:10.867 16508 16885 D |MDM3.3-Log_LogInterceptor|: (LogInterceptor.java:38) POST https://gsapi.lespay.mx/mdm-api/client/exeReport
04-11 10:25:10.867 16508 16885 D |MDM3.3-Log_LogInterceptor|: (LogInterceptor.java:38) mdmHeader: {"projectCode":"lisheng@123_6jW0GM","appCode":231,"deviceId":"869937054018794","model":"CMA-LX3","brand":"HONOR"}
04-11 10:25:10.868 16508 16885 D |MDM3.3-Log_LogInterceptor|: (LogInterceptor.java:38) Content-Type: application/json; charset=utf-8
04-11 10:25:10.868 16508 16885 D |MDM3.3-Log_LogInterceptor|: (LogInterceptor.java:38) Content-Length: 212
04-11 10:25:10.870 16508 16885 D |MDM3.3-Log_LogInterceptor|: (LogInterceptor.java:38) User-Agent: okhttp/4.9.0
04-11 10:25:10.871 16508 16885 D |MDM3.3-Log_LogInterceptor|: (LogInterceptor.java:38) Params:{"data":[{"extend":"[{\"isLock\":1,\"overdueDate\":1681119998000,\"amount\":100,\"afterDay\":0,\"beforeDay\":0}]","name":"labelPolicy","result":"1","value":1,"version":"1681179909905"}],"status":1,"taskId":43164}
04-11 10:25:10.873 16508 16885 D |MDM3.3-Log_LogInterceptor|: (LogInterceptor.java:38) Response Body:{"result":1000}
04-11 10:25:10.874 16508 16885 D |MDM3.3-Log_LogInterceptor|: (LogInterceptor.java:38) Time:239 ms
04-11 10:25:10.875 16508 16885 D |MDM3.3-Log_LogInterceptor|: (LogInterceptor.java:38) ----------Request End----------
04-11 10:25:41.442 16508 16587 D |MDM3.3-Log_HPushLog|: (EmqPushListener.java:29) pushNumber = 212
04-11 10:25:41.442 16508 16587 D |MDM3.3-Log_HPushLog|: (EmqPushListener.java:30) Emq onMessageReceived==> {"message":1,"taskId":"43165"}
04-11 10:25:41.442 16508 16587 D |MDM3.3-Log|: (EmqPushListener.java:45) type = 1; taskId = 43165
04-11 10:25:41.443 16508 16587 D |MDM3.3-Log|: (TaskWork.java:135) 请求任务接口--->43165
04-11 10:25:41.493 16508 17125 D |MDM3.3-Log|: (Worker.java:85) TaskWork trigger by push doWork------------------pool-21-thread-4
04-11 10:25:41.749 16508 17125 D |MDM3.3-Log_LogInterceptor|: (LogInterceptor.java:38) ----------Request Start----------
04-11 10:25:41.750 16508 17125 D |MDM3.3-Log_LogInterceptor|: (LogInterceptor.java:38) POST https://gsapi.lespay.mx/mdm-api/client/control
04-11 10:25:41.751 16508 17125 D |MDM3.3-Log_LogInterceptor|: (LogInterceptor.java:38) mdmHeader: {"projectCode":"lisheng@123_6jW0GM","appCode":231,"deviceId":"869937054018794","model":"CMA-LX3","brand":"HONOR"}
04-11 10:25:41.752 16508 17125 D |MDM3.3-Log_LogInterceptor|: (LogInterceptor.java:38) Content-Type: application/json; charset=utf-8
04-11 10:25:41.753 16508 17125 D |MDM3.3-Log_LogInterceptor|: (LogInterceptor.java:38) Content-Length: 31
04-11 10:25:41.755 16508 17125 D |MDM3.3-Log_LogInterceptor|: (LogInterceptor.java:38) User-Agent: okhttp/4.9.0
04-11 10:25:41.755 16508 17125 D |MDM3.3-Log_LogInterceptor|: (LogInterceptor.java:38) Params:{"taskId":43165,"intfType":"1"}
04-11 10:25:41.757 16508 17125 D |MDM3.3-Log_LogInterceptor|: (LogInterceptor.java:38) Response Body:{"result":1000,"data":[{"extend":[{"isLock":2,"overdueDate":1681119998000,"amount":100.0,"afterDay":0,"beforeDay":0}],"name":"labelPolicy","value":"1","version":1681179940958}],"version":43165,"taskId":43165}
04-11 10:25:41.758 16508 17125 D |MDM3.3-Log_LogInterceptor|: (LogInterceptor.java:38) Time:253 ms
04-11 10:25:41.758 16508 17125 D |MDM3.3-Log_LogInterceptor|: (LogInterceptor.java:38) ----------Request End----------
04-11 10:25:41.763 16508 17125 D |MDM3.3-Log|: (TaskWork.java:356) TaskWork response success,send live data message--
04-11 10:25:41.764 16508 16508 D |MDM3.3-Log|: (EcmService.java:254) get ACTION_DATA TaskResponse---------
04-11 10:25:41.765 16508 16508 D |MDM3.3-Log|: (CommandAdapter.java:68) executeAction ==> TaskResponse{result=1000, taskId=43165, md5='', data=[TaskData{name='labelPolicy', value=1, version=1681179940958, extend='[{"isLock":2,"overdueDate":1681119998000,"amount":100,"afterDay":0,"beforeDay":0}]'}], deviceData=null}
04-11 10:25:41.771 16508 16740 D |MDM3.3-Log|: (CommandAdapter.java:90) filter task true ->TaskData{name='labelPolicy', value=1, version=1681179940958, extend='[{"isLock":2,"overdueDate":1681119998000,"amount":100,"afterDay":0,"beforeDay":0}]'}
04-11 10:25:41.785 16508 16740 D |MDM3.3-Log|: (CommandAdapter.java:111) saveTasks==================43165
04-11 10:25:41.786 16508 16740 I |MDM3.3-Log|: (LespagoLockUtils.java:86) overdue lock
04-11 10:25:41.788 16508 16740 D |MDM3.3-Log|: (KioskUtils.java:59) execute lock(alertId->0,alertType->101)
04-11 10:25:41.796 16508 16568 D |MDM3.3-Log|: (KioskUtils.java:78) update==>LockRecord{id=1, alertId=0, alertType=101, lock=1, lockTime=1681179941791}
04-11 10:25:41.798 16508 16508 D |MDM3.3-Log|: (EcmService.java:241) getReportTasks onChanged-----
04-11 10:25:41.798 16508 16508 D |MDM3.3-Log|: (KioskUtils.java:91) lock execute----
04-11 10:25:41.799 16508 16508 D |MDM3.3-Log_GatewayImpl|: (DevicePolicyManagerGatewayImpl.java:1177) setKiosk(com.easycontrol.emm)
04-11 10:25:41.850 16508 16508 D |MDM3.3-Log_GatewayImpl|: (DevicePolicyManagerGatewayImpl.java:1202) setKiosk complete-----
04-11 10:25:41.860 16508 16508 D |MDM3.3-Log|: (EcmService.java:241) getReportTasks onChanged-----
04-11 10:25:41.865 16508 16508 I |MDM3.3-Log|: (EcmService.java:238) empty report list-----
04-11 10:25:41.879 16508 16508 D |MDM3.3-Log_GatewayImpl|: (DevicePolicyManagerGatewayImpl.java:853) setLockTaskFeatures(GLOBAL_ACTIONS|SYSTEM_INFO)
04-11 10:25:41.881 16508 30884 D |MDM3.3-Log|: (KioskActivity.java:100) LockRecord has data ,execute lock
04-11 10:25:41.910 16508 16508 D |MDM3.3-Log|: (KioskActivity.java:136) switchByCommand====>kiosk_mode_lock
04-11 10:25:41.910 16508 16508 D |MDM3.3-Log|: (KioskActivity.java:197) 切换fragment---com.easycontrol.dpc.kiosk.LockFragment
04-11 10:25:41.910 16508 16746 D |MDM3.3-Log|: (ReportWork.java:57) report worker  doWork--------0
04-11 10:25:41.911 16508 16508 I |MDM3.3-Log|: (EcmService.java:238) empty report list-----
04-11 10:25:41.934 16508 16508 E |MDM3.3-Log|: (ActivityThread.java:4726) DeviceAdminReceiver#receive action:android.app.action.LOCK_TASK_ENTERING
