04-11 10:03:26.788 16508 16587 D |MDM3.3-Log_HPushLog|: (EmqPushListener.java:29) pushNumber = 188
04-11 10:03:26.788 16508 16587 D |MDM3.3-Log_HPushLog|: (EmqPushListener.java:30) Emq onMessageReceived==> {"message":1,"taskId":"43140"}
04-11 10:03:26.788 16508 16587 D |MDM3.3-Log|: (EmqPushListener.java:45) type = 1; taskId = 43140
04-11 10:03:26.788 16508 16587 D |MDM3.3-Log|: (TaskWork.java:135) 请求任务接口--->43140
04-11 10:03:26.834 16508 17125 D |MDM3.3-Log|: (Worker.java:85) TaskWork trigger by push doWork------------------pool-21-thread-4
04-11 10:03:27.165 16508 17125 D |MDM3.3-Log_LogInterceptor|: (LogInterceptor.java:38) ----------Request Start----------
04-11 10:03:27.165 16508 17125 D |MDM3.3-Log_LogInterceptor|: (LogInterceptor.java:38) POST https://gsapi.lespay.mx/mdm-api/client/control
04-11 10:03:27.166 16508 17125 D |MDM3.3-Log_LogInterceptor|: (LogInterceptor.java:38) mdmHeader: {"projectCode":"lisheng@123_6jW0GM","appCode":231,"deviceId":"869937054018794","model":"CMA-LX3","brand":"HONOR"}
04-11 10:03:27.167 16508 17125 D |MDM3.3-Log_LogInterceptor|: (LogInterceptor.java:38) Content-Type: application/json; charset=utf-8
04-11 10:03:27.167 16508 17125 D |MDM3.3-Log_LogInterceptor|: (LogInterceptor.java:38) Content-Length: 31
04-11 10:03:27.168 16508 17125 D |MDM3.3-Log_LogInterceptor|: (LogInterceptor.java:38) User-Agent: okhttp/4.9.0
04-11 10:03:27.168 16508 17125 D |MDM3.3-Log_LogInterceptor|: (LogInterceptor.java:38) Params:{"taskId":43140,"intfType":"1"}
04-11 10:03:27.169 16508 17125 D |MDM3.3-Log_LogInterceptor|: (LogInterceptor.java:38) Response Body:{"result":1000,"data":[{"extend":[{"isLock":1,"overdueDate":1642563889000,"amount":299.02,"afterDay":1,"beforeDay":1}],"name":"labelPolicy","value":"1","version":1681178606188}],"version":43140,"taskId":43140}
04-11 10:03:27.170 16508 17125 D |MDM3.3-Log_LogInterceptor|: (LogInterceptor.java:38) Time:327 ms
04-11 10:03:27.171 16508 17125 D |MDM3.3-Log_LogInterceptor|: (LogInterceptor.java:38) ----------Request End----------
04-11 10:03:27.175 16508 17125 D |MDM3.3-Log|: (TaskWork.java:356) TaskWork response success,send live data message--
04-11 10:03:27.177 16508 16508 D |MDM3.3-Log|: (EcmService.java:254) get ACTION_DATA TaskResponse---------
04-11 10:03:27.178 16508 16508 D |MDM3.3-Log|: (CommandAdapter.java:68) executeAction ==> TaskResponse{result=1000, taskId=43140, md5='', data=[TaskData{name='labelPolicy', value=1, version=1681178606188, extend='[{"isLock":1,"overdueDate":1642563889000,"amount":299.02,"afterDay":1,"beforeDay":1}]'}], deviceData=null}
04-11 10:03:27.183 16508 16740 D |MDM3.3-Log|: (CommandAdapter.java:90) filter task true ->TaskData{name='labelPolicy', value=1, version=1681178606188, extend='[{"isLock":1,"overdueDate":1642563889000,"amount":299.02,"afterDay":1,"beforeDay":1}]'}
04-11 10:03:27.199 16508 16740 D |MDM3.3-Log|: (CommandAdapter.java:111) saveTasks==================43140
04-11 10:03:27.199 16508 16740 I |MDM3.3-Log|: (LespagoLockUtils.java:80) overdue unlock
04-11 10:03:27.202 16508 16740 D |MDM3.3-Log|: (KioskUtils.java:123) 执行unLock，alertId=0  alertType=101
04-11 10:03:27.204 16508 16740 D |MDM3.3-Log|: (KioskUtils.java:130) push 触发的解锁，直接执行
04-11 10:03:27.205 16508 16508 D |MDM3.3-Log|: (EcmService.java:241) getReportTasks onChanged-----
04-11 10:03:27.207 16508 16508 D |MDM3.3-Log|: (EcmService.java:241) getReportTasks onChanged-----
04-11 10:03:27.208 16508 16508 D |MDM3.3-Log|: (KioskUtils.java:161) execute unlock
04-11 10:03:27.208 16508 16508 D |MDM3.3-Log|: (LockFragment.java:71) LOCK_MESSAGE_CHANGE--->clear_kiosk
04-11 10:03:27.208 16508 16508 D |MDM3.3-Log_GatewayImpl|: (DevicePolicyManagerGatewayImpl.java:1239) clearKiosk(com.easycontrol.emm)
04-11 10:03:27.231 16508 16508 E |MDM3.3-Log|: (KioskUtils.java:286) checkAppKiosk===>null22
04-11 10:03:27.231 16508 16508 D |MDM3.3-Log_GatewayImpl|: (DevicePolicyManagerGatewayImpl.java:1239) clearKiosk(com.easycontrol.emm)
04-11 10:03:27.264 16508 16508 I |MDM3.3-Log|: (EcmService.java:238) empty report list-----
04-11 10:03:27.274 16508 16508 E |MDM3.3-Log|: (ActivityThread.java:4726) DeviceAdminReceiver#receive action:android.app.action.LOCK_TASK_EXITING
04-11 10:03:27.275 16508 16746 D |MDM3.3-Log|: (ReportWork.java:57) report worker  doWork--------0
04-11 10:03:27.540 16508 16746 D |MDM3.3-Log_LogInterceptor|: (LogInterceptor.java:38) ----------Request Start----------
04-11 10:03:27.540 16508 16746 D |MDM3.3-Log_LogInterceptor|: (LogInterceptor.java:38) POST https://gsapi.lespay.mx/mdm-api/client/exeReport
04-11 10:03:27.540 16508 16746 D |MDM3.3-Log_LogInterceptor|: (LogInterceptor.java:38) mdmHeader: {"projectCode":"lisheng@123_6jW0GM","appCode":231,"deviceId":"869937054018794","model":"CMA-LX3","brand":"HONOR"}
04-11 10:03:27.541 16508 16746 D |MDM3.3-Log_LogInterceptor|: (LogInterceptor.java:38) Content-Type: application/json; charset=utf-8
04-11 10:03:27.541 16508 16746 D |MDM3.3-Log_LogInterceptor|: (LogInterceptor.java:38) Content-Length: 215
04-11 10:03:27.541 16508 16746 D |MDM3.3-Log_LogInterceptor|: (LogInterceptor.java:38) User-Agent: okhttp/4.9.0
04-11 10:03:27.542 16508 16746 D |MDM3.3-Log_LogInterceptor|: (LogInterceptor.java:38) Params:{"data":[{"extend":"[{\"isLock\":1,\"overdueDate\":1642563889000,\"amount\":299.02,\"afterDay\":1,\"beforeDay\":1}]","name":"labelPolicy","result":"1","value":1,"version":"1681178606188"}],"status":1,"taskId":43140}
04-11 10:03:27.543 16508 16746 D |MDM3.3-Log_LogInterceptor|: (LogInterceptor.java:38) Response Body:{"result":1000}
04-11 10:03:27.544 16508 16746 D |MDM3.3-Log_LogInterceptor|: (LogInterceptor.java:38) Time:263 ms
04-11 10:03:27.544 16508 16746 D |MDM3.3-Log_LogInterceptor|: (LogInterceptor.java:38) ----------Request End----------
04-11 10:07:07.529 16508 16587 D |MDM3.3-Log_HPushLog|: (EmqPushListener.java:29) pushNumber = 189
04-11 10:07:07.530 16508 16587 D |MDM3.3-Log_HPushLog|: (EmqPushListener.java:30) Emq onMessageReceived==> {"message":1,"taskId":"43141"}
04-11 10:07:07.530 16508 16587 D |MDM3.3-Log|: (EmqPushListener.java:45) type = 1; taskId = 43141
04-11 10:07:07.530 16508 16587 D |MDM3.3-Log|: (TaskWork.java:135) 请求任务接口--->43141
04-11 10:07:07.580 16508 16732 D |MDM3.3-Log|: (Worker.java:85) TaskWork trigger by push doWork------------------pool-21-thread-1
04-11 10:07:07.837 16508 16732 D |MDM3.3-Log_LogInterceptor|: (LogInterceptor.java:38) ----------Request Start----------
04-11 10:07:07.838 16508 16732 D |MDM3.3-Log_LogInterceptor|: (LogInterceptor.java:38) POST https://gsapi.lespay.mx/mdm-api/client/control
04-11 10:07:07.839 16508 16732 D |MDM3.3-Log_LogInterceptor|: (LogInterceptor.java:38) mdmHeader: {"projectCode":"lisheng@123_6jW0GM","appCode":231,"deviceId":"869937054018794","model":"CMA-LX3","brand":"HONOR"}
04-11 10:07:07.839 16508 16732 D |MDM3.3-Log_LogInterceptor|: (LogInterceptor.java:38) Content-Type: application/json; charset=utf-8
04-11 10:07:07.840 16508 16732 D |MDM3.3-Log_LogInterceptor|: (LogInterceptor.java:38) Content-Length: 31
04-11 10:07:07.840 16508 16732 D |MDM3.3-Log_LogInterceptor|: (LogInterceptor.java:38) User-Agent: okhttp/4.9.0
04-11 10:07:07.841 16508 16732 D |MDM3.3-Log_LogInterceptor|: (LogInterceptor.java:38) Params:{"taskId":43141,"intfType":"1"}
04-11 10:07:07.842 16508 16732 D |MDM3.3-Log_LogInterceptor|: (LogInterceptor.java:38) Response Body:{"result":1000,"data":[{"extend":[{"isLock":2,"overdueDate":1681119998000,"amount":100.0,"afterDay":0,"beforeDay":0}],"name":"labelPolicy","value":"1","version":1681178826317}],"version":43141,"taskId":43141}
04-11 10:07:07.843 16508 16732 D |MDM3.3-Log_LogInterceptor|: (LogInterceptor.java:38) Time:253 ms
04-11 10:07:07.844 16508 16732 D |MDM3.3-Log_LogInterceptor|: (LogInterceptor.java:38) ----------Request End----------
04-11 10:07:07.850 16508 16732 D |MDM3.3-Log|: (TaskWork.java:356) TaskWork response success,send live data message--
04-11 10:07:07.854 16508 16508 D |MDM3.3-Log|: (EcmService.java:254) get ACTION_DATA TaskResponse---------
04-11 10:07:07.855 16508 16508 D |MDM3.3-Log|: (CommandAdapter.java:68) executeAction ==> TaskResponse{result=1000, taskId=43141, md5='', data=[TaskData{name='labelPolicy', value=1, version=1681178826317, extend='[{"isLock":2,"overdueDate":1681119998000,"amount":100,"afterDay":0,"beforeDay":0}]'}], deviceData=null}
04-11 10:07:07.858 16508 16740 D |MDM3.3-Log|: (CommandAdapter.java:90) filter task true ->TaskData{name='labelPolicy', value=1, version=1681178826317, extend='[{"isLock":2,"overdueDate":1681119998000,"amount":100,"afterDay":0,"beforeDay":0}]'}
04-11 10:07:07.876 16508 16740 D |MDM3.3-Log|: (CommandAdapter.java:111) saveTasks==================43141
04-11 10:07:07.878 16508 16740 I |MDM3.3-Log|: (LespagoLockUtils.java:86) overdue lock
04-11 10:07:07.880 16508 16740 D |MDM3.3-Log|: (KioskUtils.java:59) execute lock(alertId->0,alertType->101)
04-11 10:07:07.893 16508 16740 D |MDM3.3-Log|: (KioskUtils.java:78) update==>LockRecord{id=1, alertId=0, alertType=101, lock=1, lockTime=1681178827887}
04-11 10:07:07.901 16508 16508 D |MDM3.3-Log|: (EcmService.java:241) getReportTasks onChanged-----
04-11 10:07:07.902 16508 16508 D |MDM3.3-Log|: (KioskUtils.java:91) lock execute----
04-11 10:07:07.903 16508 16508 D |MDM3.3-Log_GatewayImpl|: (DevicePolicyManagerGatewayImpl.java:1177) setKiosk(com.easycontrol.emm)
04-11 10:07:07.964 16508 16508 D |MDM3.3-Log_GatewayImpl|: (DevicePolicyManagerGatewayImpl.java:1202) setKiosk complete-----
04-11 10:07:07.995 16508 16885 D |MDM3.3-Log|: (ReportWork.java:57) report worker  doWork--------0
04-11 10:07:07.996 16508 16508 I |MDM3.3-Log|: (EcmService.java:238) empty report list-----
04-11 10:07:08.015 16508 16508 D |MDM3.3-Log_GatewayImpl|: (DevicePolicyManagerGatewayImpl.java:853) setLockTaskFeatures(GLOBAL_ACTIONS|SYSTEM_INFO)
04-11 10:07:08.025 16508 29665 D |MDM3.3-Log|: (KioskActivity.java:100) LockRecord has data ,execute lock
04-11 10:07:08.036 16508 16508 D |MDM3.3-Log|: (KioskActivity.java:136) switchByCommand====>kiosk_mode_lock
04-11 10:07:08.036 16508 16508 D |MDM3.3-Log|: (KioskActivity.java:197) 切换fragment---com.easycontrol.dpc.kiosk.LockFragment
04-11 10:07:08.087 16508 16508 D |MDM3.3-Log_GatewayImpl|: (DevicePolicyManagerGatewayImpl.java:807) setLockTaskPackages([com.easycontrol.emm, com.android.settings, com.android.phone, android, com.emoji.keyboard.touchpal.customization, com.android.incallui, com.android.server.telecom, com.android.dialer, com.android.htcdialer, com.google.android.dialer, com.asus.asusincallui, com.device.lespago])
04-11 10:07:08.120 16508 16508 E |MDM3.3-Log|: (ActivityThread.java:4726) DeviceAdminReceiver#receive action:android.app.action.LOCK_TASK_ENTERING
04-11 10:07:08.245 16508 16885 D |MDM3.3-Log_LogInterceptor|: (LogInterceptor.java:38) ----------Request Start----------
04-11 10:07:08.246 16508 16885 D |MDM3.3-Log_LogInterceptor|: (LogInterceptor.java:38) POST https://gsapi.lespay.mx/mdm-api/client/exeReport
04-11 10:07:08.246 16508 16885 D |MDM3.3-Log_LogInterceptor|: (LogInterceptor.java:38) mdmHeader: {"projectCode":"lisheng@123_6jW0GM","appCode":231,"deviceId":"869937054018794","model":"CMA-LX3","brand":"HONOR"}
04-11 10:07:08.246 16508 16885 D |MDM3.3-Log_LogInterceptor|: (LogInterceptor.java:38) Content-Type: application/json; charset=utf-8
04-11 10:07:08.246 16508 16885 D |MDM3.3-Log_LogInterceptor|: (LogInterceptor.java:38) Content-Length: 212
04-11 10:07:08.246 16508 16885 D |MDM3.3-Log_LogInterceptor|: (LogInterceptor.java:38) User-Agent: okhttp/4.9.0
04-11 10:07:08.247 16508 16885 D |MDM3.3-Log_LogInterceptor|: (LogInterceptor.java:38) Params:{"data":[{"extend":"[{\"isLock\":2,\"overdueDate\":1681119998000,\"amount\":100,\"afterDay\":0,\"beforeDay\":0}]","name":"labelPolicy","result":"1","value":1,"version":"1681178826317"}],"status":1,"taskId":43141}
04-11 10:07:08.248 16508 16885 D |MDM3.3-Log_LogInterceptor|: (LogInterceptor.java:38) Response Body:{"result":1000}
04-11 10:07:08.248 16508 16885 D |MDM3.3-Log_LogInterceptor|: (LogInterceptor.java:38) Time:249 ms
04-11 10:07:08.248 16508 16885 D |MDM3.3-Log_LogInterceptor|: (LogInterceptor.java:38) ----------Request End----------
04-11 10:08:08.150 16508 16587 D |MDM3.3-Log_HPushLog|: (EmqPushListener.java:29) pushNumber = 190
04-11 10:08:08.150 16508 16587 D |MDM3.3-Log_HPushLog|: (EmqPushListener.java:30) Emq onMessageReceived==> {"message":1,"taskId":"43142"}
04-11 10:08:08.151 16508 16587 D |MDM3.3-Log|: (EmqPushListener.java:45) type = 1; taskId = 43142
04-11 10:08:08.151 16508 16587 D |MDM3.3-Log|: (TaskWork.java:135) 请求任务接口--->43142
04-11 10:08:08.206 16508 17125 D |MDM3.3-Log|: (Worker.java:85) TaskWork trigger by push doWork------------------pool-21-thread-4
04-11 10:08:08.459 16508 17125 D |MDM3.3-Log_LogInterceptor|: (LogInterceptor.java:38) ----------Request Start----------
04-11 10:08:08.460 16508 17125 D |MDM3.3-Log_LogInterceptor|: (LogInterceptor.java:38) POST https://gsapi.lespay.mx/mdm-api/client/control
04-11 10:08:08.460 16508 17125 D |MDM3.3-Log_LogInterceptor|: (LogInterceptor.java:38) mdmHeader: {"projectCode":"lisheng@123_6jW0GM","appCode":231,"deviceId":"869937054018794","model":"CMA-LX3","brand":"HONOR"}
04-11 10:08:08.461 16508 17125 D |MDM3.3-Log_LogInterceptor|: (LogInterceptor.java:38) Content-Type: application/json; charset=utf-8
04-11 10:08:08.462 16508 17125 D |MDM3.3-Log_LogInterceptor|: (LogInterceptor.java:38) Content-Length: 31
04-11 10:08:08.462 16508 17125 D |MDM3.3-Log_LogInterceptor|: (LogInterceptor.java:38) User-Agent: okhttp/4.9.0
04-11 10:08:08.463 16508 17125 D |MDM3.3-Log_LogInterceptor|: (LogInterceptor.java:38) Params:{"taskId":43142,"intfType":"1"}
04-11 10:08:08.464 16508 17125 D |MDM3.3-Log_LogInterceptor|: (LogInterceptor.java:38) Response Body:{"result":1000,"data":[{"extend":[{"isLock":1,"overdueDate":1681119998000,"amount":100.0,"afterDay":0,"beforeDay":0}],"name":"labelPolicy","value":"1","version":1681178887600}],"version":43142,"taskId":43142}
04-11 10:08:08.464 16508 17125 D |MDM3.3-Log_LogInterceptor|: (LogInterceptor.java:38) Time:250 ms
04-11 10:08:08.466 16508 17125 D |MDM3.3-Log_LogInterceptor|: (LogInterceptor.java:38) ----------Request End----------
04-11 10:08:08.474 16508 17125 D |MDM3.3-Log|: (TaskWork.java:356) TaskWork response success,send live data message--
04-11 10:08:08.474 16508 16508 D |MDM3.3-Log|: (EcmService.java:254) get ACTION_DATA TaskResponse---------
04-11 10:08:08.475 16508 16508 D |MDM3.3-Log|: (CommandAdapter.java:68) executeAction ==> TaskResponse{result=1000, taskId=43142, md5='', data=[TaskData{name='labelPolicy', value=1, version=1681178887600, extend='[{"isLock":1,"overdueDate":1681119998000,"amount":100,"afterDay":0,"beforeDay":0}]'}], deviceData=null}
04-11 10:08:08.481 16508 16740 D |MDM3.3-Log|: (CommandAdapter.java:90) filter task true ->TaskData{name='labelPolicy', value=1, version=1681178887600, extend='[{"isLock":1,"overdueDate":1681119998000,"amount":100,"afterDay":0,"beforeDay":0}]'}
04-11 10:08:08.491 16508 16740 D |MDM3.3-Log|: (CommandAdapter.java:111) saveTasks==================43142
04-11 10:08:08.492 16508 16740 I |MDM3.3-Log|: (LespagoLockUtils.java:80) overdue unlock
04-11 10:08:08.493 16508 16740 D |MDM3.3-Log|: (KioskUtils.java:123) 执行unLock，alertId=0  alertType=101
04-11 10:08:08.493 16508 16508 I |MDM3.3-Log|: (EcmService.java:238) empty report list-----
04-11 10:08:08.494 16508 16740 D |MDM3.3-Log|: (KioskUtils.java:130) push 触发的解锁，直接执行
04-11 10:08:08.499 16508 16508 D |MDM3.3-Log|: (KioskUtils.java:161) execute unlock
04-11 10:08:08.500 16508 16508 D |MDM3.3-Log|: (LockFragment.java:71) LOCK_MESSAGE_CHANGE--->clear_kiosk
04-11 10:08:08.500 16508 16508 D |MDM3.3-Log_GatewayImpl|: (DevicePolicyManagerGatewayImpl.java:1239) clearKiosk(com.easycontrol.emm)
04-11 10:08:08.523 16508 16508 E |MDM3.3-Log|: (KioskUtils.java:286) checkAppKiosk===>null22
04-11 10:08:08.523 16508 16508 D |MDM3.3-Log_GatewayImpl|: (DevicePolicyManagerGatewayImpl.java:1239) clearKiosk(com.easycontrol.emm)
04-11 10:08:08.552 16508 16508 E |MDM3.3-Log|: (ActivityThread.java:4726) DeviceAdminReceiver#receive action:android.app.action.LOCK_TASK_EXITING
04-11 10:08:08.569 16508 16508 D |MDM3.3-Log|: (EcmService.java:241) getReportTasks onChanged-----
04-11 10:08:08.570 16508 16746 D |MDM3.3-Log|: (ReportWork.java:57) report worker  doWork--------0
04-11 10:08:08.579 16508 16508 I |MDM3.3-Log|: (EcmService.java:238) empty report list-----
04-11 10:08:08.838 16508 16746 D |MDM3.3-Log_LogInterceptor|: (LogInterceptor.java:38) ----------Request Start----------
04-11 10:08:08.838 16508 16746 D |MDM3.3-Log_LogInterceptor|: (LogInterceptor.java:38) POST https://gsapi.lespay.mx/mdm-api/client/exeReport
04-11 10:08:08.839 16508 16746 D |MDM3.3-Log_LogInterceptor|: (LogInterceptor.java:38) mdmHeader: {"projectCode":"lisheng@123_6jW0GM","appCode":231,"deviceId":"869937054018794","model":"CMA-LX3","brand":"HONOR"}
04-11 10:08:08.839 16508 16746 D |MDM3.3-Log_LogInterceptor|: (LogInterceptor.java:38) Content-Type: application/json; charset=utf-8
04-11 10:08:08.840 16508 16746 D |MDM3.3-Log_LogInterceptor|: (LogInterceptor.java:38) Content-Length: 212
04-11 10:08:08.840 16508 16746 D |MDM3.3-Log_LogInterceptor|: (LogInterceptor.java:38) User-Agent: okhttp/4.9.0
04-11 10:08:08.841 16508 16746 D |MDM3.3-Log_LogInterceptor|: (LogInterceptor.java:38) Params:{"data":[{"extend":"[{\"isLock\":1,\"overdueDate\":1681119998000,\"amount\":100,\"afterDay\":0,\"beforeDay\":0}]","name":"labelPolicy","result":"1","value":1,"version":"1681178887600"}],"status":1,"taskId":43142}
04-11 10:08:08.841 16508 16746 D |MDM3.3-Log_LogInterceptor|: (LogInterceptor.java:38) Response Body:{"result":1000}
04-11 10:08:08.842 16508 16746 D |MDM3.3-Log_LogInterceptor|: (LogInterceptor.java:38) Time:266 ms
04-11 10:08:08.842 16508 16746 D |MDM3.3-Log_LogInterceptor|: (LogInterceptor.java:38) ----------Request End----------
04-11 10:09:09.079 16508 16587 D |MDM3.3-Log_HPushLog|: (EmqPushListener.java:29) pushNumber = 191
04-11 10:09:09.079 16508 16587 D |MDM3.3-Log_HPushLog|: (EmqPushListener.java:30) Emq onMessageReceived==> {"message":1,"taskId":"43143"}
04-11 10:09:09.080 16508 16587 D |MDM3.3-Log|: (EmqPushListener.java:45) type = 1; taskId = 43143
04-11 10:09:09.080 16508 16587 D |MDM3.3-Log|: (TaskWork.java:135) 请求任务接口--->43143
04-11 10:09:09.141 16508 16732 D |MDM3.3-Log|: (Worker.java:85) TaskWork trigger by push doWork------------------pool-21-thread-1
04-11 10:09:09.432 16508 16732 D |MDM3.3-Log_LogInterceptor|: (LogInterceptor.java:38) ----------Request Start----------
04-11 10:09:09.433 16508 16732 D |MDM3.3-Log_LogInterceptor|: (LogInterceptor.java:38) POST https://gsapi.lespay.mx/mdm-api/client/control
04-11 10:09:09.433 16508 16732 D |MDM3.3-Log_LogInterceptor|: (LogInterceptor.java:38) mdmHeader: {"projectCode":"lisheng@123_6jW0GM","appCode":231,"deviceId":"869937054018794","model":"CMA-LX3","brand":"HONOR"}
04-11 10:09:09.434 16508 16732 D |MDM3.3-Log_LogInterceptor|: (LogInterceptor.java:38) Content-Type: application/json; charset=utf-8
04-11 10:09:09.435 16508 16732 D |MDM3.3-Log_LogInterceptor|: (LogInterceptor.java:38) Content-Length: 31
04-11 10:09:09.436 16508 16732 D |MDM3.3-Log_LogInterceptor|: (LogInterceptor.java:38) User-Agent: okhttp/4.9.0
04-11 10:09:09.438 16508 16732 D |MDM3.3-Log_LogInterceptor|: (LogInterceptor.java:38) Params:{"taskId":43143,"intfType":"1"}
04-11 10:09:09.440 16508 16732 D |MDM3.3-Log_LogInterceptor|: (LogInterceptor.java:38) Response Body:{"result":1000,"data":[{"extend":[{"isLock":2,"overdueDate":1681119998000,"amount":100.0,"afterDay":0,"beforeDay":0}],"name":"labelPolicy","value":"1","version":1681178948699}],"version":43143,"taskId":43143}
04-11 10:09:09.441 16508 16732 D |MDM3.3-Log_LogInterceptor|: (LogInterceptor.java:38) Time:268 ms
04-11 10:09:09.442 16508 16732 D |MDM3.3-Log_LogInterceptor|: (LogInterceptor.java:38) ----------Request End----------
04-11 10:09:09.447 16508 16732 D |MDM3.3-Log|: (TaskWork.java:356) TaskWork response success,send live data message--
04-11 10:09:09.449 16508 16508 D |MDM3.3-Log|: (EcmService.java:254) get ACTION_DATA TaskResponse---------
04-11 10:09:09.450 16508 16508 D |MDM3.3-Log|: (CommandAdapter.java:68) executeAction ==> TaskResponse{result=1000, taskId=43143, md5='', data=[TaskData{name='labelPolicy', value=1, version=1681178948699, extend='[{"isLock":2,"overdueDate":1681119998000,"amount":100,"afterDay":0,"beforeDay":0}]'}], deviceData=null}
04-11 10:09:09.456 16508 16568 D |MDM3.3-Log|: (CommandAdapter.java:90) filter task true ->TaskData{name='labelPolicy', value=1, version=1681178948699, extend='[{"isLock":2,"overdueDate":1681119998000,"amount":100,"afterDay":0,"beforeDay":0}]'}
04-11 10:09:09.469 16508 16568 D |MDM3.3-Log|: (CommandAdapter.java:111) saveTasks==================43143
04-11 10:09:09.471 16508 16568 I |MDM3.3-Log|: (LespagoLockUtils.java:86) overdue lock
04-11 10:09:09.475 16508 16568 D |MDM3.3-Log|: (KioskUtils.java:59) execute lock(alertId->0,alertType->101)
04-11 10:09:09.478 16508 16508 I |MDM3.3-Log|: (EcmService.java:238) empty report list-----
04-11 10:09:09.483 16508 16740 D |MDM3.3-Log|: (KioskUtils.java:78) update==>LockRecord{id=1, alertId=0, alertType=101, lock=1, lockTime=1681178949477}
04-11 10:09:09.489 16508 16508 D |MDM3.3-Log|: (KioskUtils.java:91) lock execute----
04-11 10:09:09.489 16508 16508 D |MDM3.3-Log_GatewayImpl|: (DevicePolicyManagerGatewayImpl.java:1177) setKiosk(com.easycontrol.emm)
04-11 10:09:09.541 16508 16508 D |MDM3.3-Log_GatewayImpl|: (DevicePolicyManagerGatewayImpl.java:1202) setKiosk complete-----
04-11 10:09:09.544 16508 16508 D |MDM3.3-Log|: (EcmService.java:241) getReportTasks onChanged-----
04-11 10:09:09.549 16508 16508 I |MDM3.3-Log|: (EcmService.java:238) empty report list-----
04-11 10:09:09.579 16508 16508 D |MDM3.3-Log_GatewayImpl|: (DevicePolicyManagerGatewayImpl.java:853) setLockTaskFeatures(GLOBAL_ACTIONS|SYSTEM_INFO)
04-11 10:09:09.583 16508 29976 D |MDM3.3-Log|: (KioskActivity.java:100) LockRecord has data ,execute lock
04-11 10:09:09.606 16508 16508 D |MDM3.3-Log|: (KioskActivity.java:136) switchByCommand====>kiosk_mode_lock
04-11 10:09:09.606 16508 16508 D |MDM3.3-Log|: (KioskActivity.java:197) 切换fragment---com.easycontrol.dpc.kiosk.LockFragment
04-11 10:09:09.608 16508 16885 D |MDM3.3-Log|: (ReportWork.java:57) report worker  doWork--------0
04-11 10:09:09.632 16508 16508 E |MDM3.3-Log|: (ActivityThread.java:4726) DeviceAdminReceiver#receive action:android.app.action.LOCK_TASK_ENTERING
04-11 10:09:09.646 16508 16508 D |MDM3.3-Log_GatewayImpl|: (DevicePolicyManagerGatewayImpl.java:807) setLockTaskPackages([com.easycontrol.emm, com.android.settings, com.android.phone, android, com.emoji.keyboard.touchpal.customization, com.android.incallui, com.android.server.telecom, com.android.dialer, com.android.htcdialer, com.google.android.dialer, com.asus.asusincallui, com.device.lespago])
04-11 10:09:09.823 16508 16885 D |MDM3.3-Log_LogInterceptor|: (LogInterceptor.java:38) ----------Request Start----------
04-11 10:09:09.823 16508 16885 D |MDM3.3-Log_LogInterceptor|: (LogInterceptor.java:38) POST https://gsapi.lespay.mx/mdm-api/client/exeReport
04-11 10:09:09.823 16508 16885 D |MDM3.3-Log_LogInterceptor|: (LogInterceptor.java:38) mdmHeader: {"projectCode":"lisheng@123_6jW0GM","appCode":231,"deviceId":"869937054018794","model":"CMA-LX3","brand":"HONOR"}
04-11 10:09:09.823 16508 16885 D |MDM3.3-Log_LogInterceptor|: (LogInterceptor.java:38) Content-Type: application/json; charset=utf-8
04-11 10:09:09.823 16508 16885 D |MDM3.3-Log_LogInterceptor|: (LogInterceptor.java:38) Content-Length: 212
04-11 10:09:09.823 16508 16885 D |MDM3.3-Log_LogInterceptor|: (LogInterceptor.java:38) User-Agent: okhttp/4.9.0
04-11 10:09:09.824 16508 16885 D |MDM3.3-Log_LogInterceptor|: (LogInterceptor.java:38) Params:{"data":[{"extend":"[{\"isLock\":2,\"overdueDate\":1681119998000,\"amount\":100,\"afterDay\":0,\"beforeDay\":0}]","name":"labelPolicy","result":"1","value":1,"version":"1681178948699"}],"status":1,"taskId":43143}
04-11 10:09:09.824 16508 16885 D |MDM3.3-Log_LogInterceptor|: (LogInterceptor.java:38) Response Body:{"result":1000}
04-11 10:09:09.824 16508 16885 D |MDM3.3-Log_LogInterceptor|: (LogInterceptor.java:38) Time:214 ms
04-11 10:09:09.824 16508 16885 D |MDM3.3-Log_LogInterceptor|: (LogInterceptor.java:38) ----------Request End----------
04-11 10:10:10.118 16508 16587 D |MDM3.3-Log_HPushLog|: (EmqPushListener.java:29) pushNumber = 192
04-11 10:10:10.118 16508 16587 D |MDM3.3-Log_HPushLog|: (EmqPushListener.java:30) Emq onMessageReceived==> {"message":1,"taskId":"43144"}
04-11 10:10:10.118 16508 16587 D |MDM3.3-Log|: (EmqPushListener.java:45) type = 1; taskId = 43144
04-11 10:10:10.119 16508 16587 D |MDM3.3-Log|: (TaskWork.java:135) 请求任务接口--->43144
04-11 10:10:10.171 16508 17125 D |MDM3.3-Log|: (Worker.java:85) TaskWork trigger by push doWork------------------pool-21-thread-4
04-11 10:10:10.417 16508 17125 D |MDM3.3-Log_LogInterceptor|: (LogInterceptor.java:38) ----------Request Start----------
04-11 10:10:10.418 16508 17125 D |MDM3.3-Log_LogInterceptor|: (LogInterceptor.java:38) POST https://gsapi.lespay.mx/mdm-api/client/control
04-11 10:10:10.419 16508 17125 D |MDM3.3-Log_LogInterceptor|: (LogInterceptor.java:38) mdmHeader: {"projectCode":"lisheng@123_6jW0GM","appCode":231,"deviceId":"869937054018794","model":"CMA-LX3","brand":"HONOR"}
04-11 10:10:10.419 16508 17125 D |MDM3.3-Log_LogInterceptor|: (LogInterceptor.java:38) Content-Type: application/json; charset=utf-8
04-11 10:10:10.420 16508 17125 D |MDM3.3-Log_LogInterceptor|: (LogInterceptor.java:38) Content-Length: 31
04-11 10:10:10.420 16508 17125 D |MDM3.3-Log_LogInterceptor|: (LogInterceptor.java:38) User-Agent: okhttp/4.9.0
04-11 10:10:10.422 16508 17125 D |MDM3.3-Log_LogInterceptor|: (LogInterceptor.java:38) Params:{"taskId":43144,"intfType":"1"}
04-11 10:10:10.426 16508 17125 D |MDM3.3-Log_LogInterceptor|: (LogInterceptor.java:38) Response Body:{"result":1000,"data":[{"extend":[{"isLock":1,"overdueDate":1681119998000,"amount":100.0,"afterDay":0,"beforeDay":0}],"name":"labelPolicy","value":"1","version":1681179009687}],"version":43144,"taskId":43144}
04-11 10:10:10.427 16508 17125 D |MDM3.3-Log_LogInterceptor|: (LogInterceptor.java:38) Time:243 ms
04-11 10:10:10.430 16508 17125 D |MDM3.3-Log_LogInterceptor|: (LogInterceptor.java:38) ----------Request End----------
04-11 10:10:10.439 16508 17125 D |MDM3.3-Log|: (TaskWork.java:356) TaskWork response success,send live data message--
04-11 10:10:10.440 16508 16508 D |MDM3.3-Log|: (EcmService.java:254) get ACTION_DATA TaskResponse---------
04-11 10:10:10.441 16508 16508 D |MDM3.3-Log|: (CommandAdapter.java:68) executeAction ==> TaskResponse{result=1000, taskId=43144, md5='', data=[TaskData{name='labelPolicy', value=1, version=1681179009687, extend='[{"isLock":1,"overdueDate":1681119998000,"amount":100,"afterDay":0,"beforeDay":0}]'}], deviceData=null}
04-11 10:10:10.443 16508 16568 D |MDM3.3-Log|: (CommandAdapter.java:90) filter task true ->TaskData{name='labelPolicy', value=1, version=1681179009687, extend='[{"isLock":1,"overdueDate":1681119998000,"amount":100,"afterDay":0,"beforeDay":0}]'}
04-11 10:10:10.465 16508 16568 D |MDM3.3-Log|: (CommandAdapter.java:111) saveTasks==================43144
04-11 10:10:10.465 16508 16568 I |MDM3.3-Log|: (LespagoLockUtils.java:80) overdue unlock
04-11 10:10:10.467 16508 16568 D |MDM3.3-Log|: (KioskUtils.java:123) 执行unLock，alertId=0  alertType=101
04-11 10:10:10.470 16508 16568 D |MDM3.3-Log|: (KioskUtils.java:130) push 触发的解锁，直接执行
04-11 10:10:10.474 16508 16508 D |MDM3.3-Log|: (EcmService.java:241) getReportTasks onChanged-----
04-11 10:10:10.475 16508 16508 D |MDM3.3-Log|: (KioskUtils.java:161) execute unlock
04-11 10:10:10.479 16508 16508 D |MDM3.3-Log|: (LockFragment.java:71) LOCK_MESSAGE_CHANGE--->clear_kiosk
04-11 10:10:10.479 16508 16508 D |MDM3.3-Log_GatewayImpl|: (DevicePolicyManagerGatewayImpl.java:1239) clearKiosk(com.easycontrol.emm)
04-11 10:10:10.497 16508 16508 E |MDM3.3-Log|: (KioskUtils.java:286) checkAppKiosk===>null22
04-11 10:10:10.498 16508 16508 D |MDM3.3-Log_GatewayImpl|: (DevicePolicyManagerGatewayImpl.java:1239) clearKiosk(com.easycontrol.emm)
04-11 10:10:10.535 16508 16508 E |MDM3.3-Log|: (ActivityThread.java:4726) DeviceAdminReceiver#receive action:android.app.action.LOCK_TASK_EXITING
04-11 10:10:10.536 16508 16508 I |MDM3.3-Log|: (EcmService.java:238) empty report list-----
04-11 10:10:10.537 16508 16746 D |MDM3.3-Log|: (ReportWork.java:57) report worker  doWork--------0
04-11 10:10:10.758 16508 16746 D |MDM3.3-Log_LogInterceptor|: (LogInterceptor.java:38) ----------Request Start----------
04-11 10:10:10.759 16508 16746 D |MDM3.3-Log_LogInterceptor|: (LogInterceptor.java:38) POST https://gsapi.lespay.mx/mdm-api/client/exeReport
04-11 10:10:10.759 16508 16746 D |MDM3.3-Log_LogInterceptor|: (LogInterceptor.java:38) mdmHeader: {"projectCode":"lisheng@123_6jW0GM","appCode":231,"deviceId":"869937054018794","model":"CMA-LX3","brand":"HONOR"}
04-11 10:10:10.759 16508 16746 D |MDM3.3-Log_LogInterceptor|: (LogInterceptor.java:38) Content-Type: application/json; charset=utf-8
04-11 10:10:10.760 16508 16746 D |MDM3.3-Log_LogInterceptor|: (LogInterceptor.java:38) Content-Length: 212
04-11 10:10:10.761 16508 16746 D |MDM3.3-Log_LogInterceptor|: (LogInterceptor.java:38) User-Agent: okhttp/4.9.0
04-11 10:10:10.762 16508 16746 D |MDM3.3-Log_LogInterceptor|: (LogInterceptor.java:38) Params:{"data":[{"extend":"[{\"isLock\":1,\"overdueDate\":1681119998000,\"amount\":100,\"afterDay\":0,\"beforeDay\":0}]","name":"labelPolicy","result":"1","value":1,"version":"1681179009687"}],"status":1,"taskId":43144}
04-11 10:10:10.764 16508 16746 D |MDM3.3-Log_LogInterceptor|: (LogInterceptor.java:38) Response Body:{"result":1000}
04-11 10:10:10.766 16508 16746 D |MDM3.3-Log_LogInterceptor|: (LogInterceptor.java:38) Time:220 ms
04-11 10:10:10.766 16508 16746 D |MDM3.3-Log_LogInterceptor|: (LogInterceptor.java:38) ----------Request End----------
04-11 10:11:11.141 16508 16587 D |MDM3.3-Log_HPushLog|: (EmqPushListener.java:29) pushNumber = 193
04-11 10:11:11.142 16508 16587 D |MDM3.3-Log_HPushLog|: (EmqPushListener.java:30) Emq onMessageReceived==> {"message":1,"taskId":"43145"}
04-11 10:11:11.142 16508 16587 D |MDM3.3-Log|: (EmqPushListener.java:45) type = 1; taskId = 43145
04-11 10:11:11.142 16508 16587 D |MDM3.3-Log|: (TaskWork.java:135) 请求任务接口--->43145
04-11 10:11:11.201 16508 16732 D |MDM3.3-Log|: (Worker.java:85) TaskWork trigger by push doWork------------------pool-21-thread-1
04-11 10:11:11.448 16508 16732 D |MDM3.3-Log_LogInterceptor|: (LogInterceptor.java:38) ----------Request Start----------
04-11 10:11:11.449 16508 16732 D |MDM3.3-Log_LogInterceptor|: (LogInterceptor.java:38) POST https://gsapi.lespay.mx/mdm-api/client/control
04-11 10:11:11.449 16508 16732 D |MDM3.3-Log_LogInterceptor|: (LogInterceptor.java:38) mdmHeader: {"projectCode":"lisheng@123_6jW0GM","appCode":231,"deviceId":"869937054018794","model":"CMA-LX3","brand":"HONOR"}
04-11 10:11:11.450 16508 16732 D |MDM3.3-Log_LogInterceptor|: (LogInterceptor.java:38) Content-Type: application/json; charset=utf-8
04-11 10:11:11.451 16508 16732 D |MDM3.3-Log_LogInterceptor|: (LogInterceptor.java:38) Content-Length: 31
04-11 10:11:11.452 16508 16732 D |MDM3.3-Log_LogInterceptor|: (LogInterceptor.java:38) User-Agent: okhttp/4.9.0
04-11 10:11:11.453 16508 16732 D |MDM3.3-Log_LogInterceptor|: (LogInterceptor.java:38) Params:{"taskId":43145,"intfType":"1"}
04-11 10:11:11.454 16508 16732 D |MDM3.3-Log_LogInterceptor|: (LogInterceptor.java:38) Response Body:{"result":1000,"data":[{"extend":[{"isLock":2,"overdueDate":1681119998000,"amount":100.0,"afterDay":0,"beforeDay":0}],"name":"labelPolicy","value":"1","version":1681179070690}],"version":43145,"taskId":43145}
04-11 10:11:11.455 16508 16732 D |MDM3.3-Log_LogInterceptor|: (LogInterceptor.java:38) Time:238 ms
04-11 10:11:11.456 16508 16732 D |MDM3.3-Log_LogInterceptor|: (LogInterceptor.java:38) ----------Request End----------
04-11 10:11:11.460 16508 16732 D |MDM3.3-Log|: (TaskWork.java:356) TaskWork response success,send live data message--
04-11 10:11:11.462 16508 16508 D |MDM3.3-Log|: (EcmService.java:254) get ACTION_DATA TaskResponse---------
04-11 10:11:11.462 16508 16508 D |MDM3.3-Log|: (CommandAdapter.java:68) executeAction ==> TaskResponse{result=1000, taskId=43145, md5='', data=[TaskData{name='labelPolicy', value=1, version=1681179070690, extend='[{"isLock":2,"overdueDate":1681119998000,"amount":100,"afterDay":0,"beforeDay":0}]'}], deviceData=null}
04-11 10:11:11.466 16508 16740 D |MDM3.3-Log|: (CommandAdapter.java:90) filter task true ->TaskData{name='labelPolicy', value=1, version=1681179070690, extend='[{"isLock":2,"overdueDate":1681119998000,"amount":100,"afterDay":0,"beforeDay":0}]'}
04-11 10:11:11.480 16508 16740 D |MDM3.3-Log|: (CommandAdapter.java:111) saveTasks==================43145
04-11 10:11:11.481 16508 16740 I |MDM3.3-Log|: (LespagoLockUtils.java:86) overdue lock
04-11 10:11:11.482 16508 16740 D |MDM3.3-Log|: (KioskUtils.java:59) execute lock(alertId->0,alertType->101)
04-11 10:11:11.490 16508 16740 D |MDM3.3-Log|: (KioskUtils.java:78) update==>LockRecord{id=1, alertId=0, alertType=101, lock=1, lockTime=1681179071483}
04-11 10:11:11.496 16508 16508 D |MDM3.3-Log|: (KioskUtils.java:91) lock execute----
04-11 10:11:11.496 16508 16508 D |MDM3.3-Log_GatewayImpl|: (DevicePolicyManagerGatewayImpl.java:1177) setKiosk(com.easycontrol.emm)
04-11 10:11:11.553 16508 16508 D |MDM3.3-Log_GatewayImpl|: (DevicePolicyManagerGatewayImpl.java:1202) setKiosk complete-----
04-11 10:11:11.555 16508 16508 D |MDM3.3-Log|: (EcmService.java:241) getReportTasks onChanged-----
04-11 10:11:11.600 16508 16508 D |MDM3.3-Log_GatewayImpl|: (DevicePolicyManagerGatewayImpl.java:853) setLockTaskFeatures(GLOBAL_ACTIONS|SYSTEM_INFO)
04-11 10:11:11.602 16508 30127 D |MDM3.3-Log|: (KioskActivity.java:100) LockRecord has data ,execute lock
04-11 10:11:11.623 16508 16508 I |MDM3.3-Log|: (EcmService.java:238) empty report list-----
04-11 10:11:11.623 16508 16508 D |MDM3.3-Log|: (KioskActivity.java:136) switchByCommand====>kiosk_mode_lock
04-11 10:11:11.623 16508 16508 D |MDM3.3-Log|: (KioskActivity.java:197) 切换fragment---com.easycontrol.dpc.kiosk.LockFragment
04-11 10:11:11.687 16508 16508 D |MDM3.3-Log_GatewayImpl|: (DevicePolicyManagerGatewayImpl.java:807) setLockTaskPackages([com.easycontrol.emm, com.android.settings, com.android.phone, android, com.emoji.keyboard.touchpal.customization, com.android.incallui, com.android.server.telecom, com.android.dialer, com.android.htcdialer, com.google.android.dialer, com.asus.asusincallui, com.device.lespago])
04-11 10:11:11.702 16508 16508 E |MDM3.3-Log|: (ActivityThread.java:4726) DeviceAdminReceiver#receive action:android.app.action.LOCK_TASK_ENTERING
04-11 10:11:11.703 16508 16885 D |MDM3.3-Log|: (ReportWork.java:57) report worker  doWork--------0
04-11 10:11:12.069 16508 16885 D |MDM3.3-Log_LogInterceptor|: (LogInterceptor.java:38) ----------Request Start----------
04-11 10:11:12.069 16508 16885 D |MDM3.3-Log_LogInterceptor|: (LogInterceptor.java:38) POST https://gsapi.lespay.mx/mdm-api/client/exeReport
04-11 10:11:12.069 16508 16885 D |MDM3.3-Log_LogInterceptor|: (LogInterceptor.java:38) mdmHeader: {"projectCode":"lisheng@123_6jW0GM","appCode":231,"deviceId":"869937054018794","model":"CMA-LX3","brand":"HONOR"}
04-11 10:11:12.069 16508 16885 D |MDM3.3-Log_LogInterceptor|: (LogInterceptor.java:38) Content-Type: application/json; charset=utf-8
04-11 10:11:12.069 16508 16885 D |MDM3.3-Log_LogInterceptor|: (LogInterceptor.java:38) Content-Length: 212
04-11 10:11:12.069 16508 16885 D |MDM3.3-Log_LogInterceptor|: (LogInterceptor.java:38) User-Agent: okhttp/4.9.0
04-11 10:11:12.069 16508 16885 D |MDM3.3-Log_LogInterceptor|: (LogInterceptor.java:38) Params:{"data":[{"extend":"[{\"isLock\":2,\"overdueDate\":1681119998000,\"amount\":100,\"afterDay\":0,\"beforeDay\":0}]","name":"labelPolicy","result":"1","value":1,"version":"1681179070690"}],"status":1,"taskId":43145}
04-11 10:11:12.070 16508 16885 D |MDM3.3-Log_LogInterceptor|: (LogInterceptor.java:38) Response Body:{"result":1000}
04-11 10:11:12.070 16508 16885 D |MDM3.3-Log_LogInterceptor|: (LogInterceptor.java:38) Time:363 ms
04-11 10:11:12.070 16508 16885 D |MDM3.3-Log_LogInterceptor|: (LogInterceptor.java:38) ----------Request End----------
04-11 10:12:12.271 16508 16587 D |MDM3.3-Log_HPushLog|: (EmqPushListener.java:29) pushNumber = 194
04-11 10:12:12.271 16508 16587 D |MDM3.3-Log_HPushLog|: (EmqPushListener.java:30) Emq onMessageReceived==> {"message":1,"taskId":"43146"}
04-11 10:12:12.271 16508 16587 D |MDM3.3-Log|: (EmqPushListener.java:45) type = 1; taskId = 43146
04-11 10:12:12.272 16508 16587 D |MDM3.3-Log|: (TaskWork.java:135) 请求任务接口--->43146
04-11 10:12:12.327 16508 17125 D |MDM3.3-Log|: (Worker.java:85) TaskWork trigger by push doWork------------------pool-21-thread-4
04-11 10:12:12.779 16508 17125 D |MDM3.3-Log_LogInterceptor|: (LogInterceptor.java:38) ----------Request Start----------
04-11 10:12:12.780 16508 17125 D |MDM3.3-Log_LogInterceptor|: (LogInterceptor.java:38) POST https://gsapi.lespay.mx/mdm-api/client/control
04-11 10:12:12.781 16508 17125 D |MDM3.3-Log_LogInterceptor|: (LogInterceptor.java:38) mdmHeader: {"projectCode":"lisheng@123_6jW0GM","appCode":231,"deviceId":"869937054018794","model":"CMA-LX3","brand":"HONOR"}
04-11 10:12:12.783 16508 17125 D |MDM3.3-Log_LogInterceptor|: (LogInterceptor.java:38) Content-Type: application/json; charset=utf-8
04-11 10:12:12.785 16508 17125 D |MDM3.3-Log_LogInterceptor|: (LogInterceptor.java:38) Content-Length: 31
04-11 10:12:12.785 16508 17125 D |MDM3.3-Log_LogInterceptor|: (LogInterceptor.java:38) User-Agent: okhttp/4.9.0
04-11 10:12:12.786 16508 17125 D |MDM3.3-Log_LogInterceptor|: (LogInterceptor.java:38) Params:{"taskId":43146,"intfType":"1"}
04-11 10:12:12.787 16508 17125 D |MDM3.3-Log_LogInterceptor|: (LogInterceptor.java:38) Response Body:{"result":1000,"data":[{"extend":[{"isLock":1,"overdueDate":1681119998000,"amount":100.0,"afterDay":0,"beforeDay":0}],"name":"labelPolicy","value":"1","version":1681179131703}],"version":43146,"taskId":43146}
04-11 10:12:12.788 16508 17125 D |MDM3.3-Log_LogInterceptor|: (LogInterceptor.java:38) Time:448 ms
04-11 10:12:12.789 16508 17125 D |MDM3.3-Log_LogInterceptor|: (LogInterceptor.java:38) ----------Request End----------
04-11 10:12:12.796 16508 17125 D |MDM3.3-Log|: (TaskWork.java:356) TaskWork response success,send live data message--
04-11 10:12:12.798 16508 16508 D |MDM3.3-Log|: (EcmService.java:254) get ACTION_DATA TaskResponse---------
04-11 10:12:12.799 16508 16508 D |MDM3.3-Log|: (CommandAdapter.java:68) executeAction ==> TaskResponse{result=1000, taskId=43146, md5='', data=[TaskData{name='labelPolicy', value=1, version=1681179131703, extend='[{"isLock":1,"overdueDate":1681119998000,"amount":100,"afterDay":0,"beforeDay":0}]'}], deviceData=null}
04-11 10:12:12.801 16508 16740 D |MDM3.3-Log|: (CommandAdapter.java:90) filter task true ->TaskData{name='labelPolicy', value=1, version=1681179131703, extend='[{"isLock":1,"overdueDate":1681119998000,"amount":100,"afterDay":0,"beforeDay":0}]'}
04-11 10:12:12.817 16508 16740 D |MDM3.3-Log|: (CommandAdapter.java:111) saveTasks==================43146
04-11 10:12:12.817 16508 16740 I |MDM3.3-Log|: (LespagoLockUtils.java:80) overdue unlock
04-11 10:12:12.818 16508 16740 D |MDM3.3-Log|: (KioskUtils.java:123) 执行unLock，alertId=0  alertType=101
04-11 10:12:12.818 16508 16568 D |MDM3.3-Log|: (KioskUtils.java:130) push 触发的解锁，直接执行
04-11 10:12:12.818 16508 16508 I |MDM3.3-Log|: (EcmService.java:238) empty report list-----
04-11 10:12:12.820 16508 16508 D |MDM3.3-Log|: (KioskUtils.java:161) execute unlock
04-11 10:12:12.820 16508 16508 D |MDM3.3-Log|: (LockFragment.java:71) LOCK_MESSAGE_CHANGE--->clear_kiosk
04-11 10:12:12.820 16508 16508 D |MDM3.3-Log_GatewayImpl|: (DevicePolicyManagerGatewayImpl.java:1239) clearKiosk(com.easycontrol.emm)
04-11 10:12:12.836 16508 16508 E |MDM3.3-Log|: (KioskUtils.java:286) checkAppKiosk===>null22
04-11 10:12:12.836 16508 16508 D |MDM3.3-Log_GatewayImpl|: (DevicePolicyManagerGatewayImpl.java:1239) clearKiosk(com.easycontrol.emm)
04-11 10:12:12.864 16508 16508 D |MDM3.3-Log|: (EcmService.java:241) getReportTasks onChanged-----
04-11 10:12:12.864 16508 16508 E |MDM3.3-Log|: (ActivityThread.java:4726) DeviceAdminReceiver#receive action:android.app.action.LOCK_TASK_EXITING
04-11 10:12:12.869 16508 16508 I |MDM3.3-Log|: (EcmService.java:238) empty report list-----
04-11 10:12:12.926 16508 16746 D |MDM3.3-Log|: (ReportWork.java:57) report worker  doWork--------0
04-11 10:12:13.158 16508 16746 D |MDM3.3-Log_LogInterceptor|: (LogInterceptor.java:38) ----------Request Start----------
04-11 10:12:13.158 16508 16746 D |MDM3.3-Log_LogInterceptor|: (LogInterceptor.java:38) POST https://gsapi.lespay.mx/mdm-api/client/exeReport
04-11 10:12:13.159 16508 16746 D |MDM3.3-Log_LogInterceptor|: (LogInterceptor.java:38) mdmHeader: {"projectCode":"lisheng@123_6jW0GM","appCode":231,"deviceId":"869937054018794","model":"CMA-LX3","brand":"HONOR"}
04-11 10:12:13.159 16508 16746 D |MDM3.3-Log_LogInterceptor|: (LogInterceptor.java:38) Content-Type: application/json; charset=utf-8
04-11 10:12:13.159 16508 16746 D |MDM3.3-Log_LogInterceptor|: (LogInterceptor.java:38) Content-Length: 212
04-11 10:12:13.160 16508 16746 D |MDM3.3-Log_LogInterceptor|: (LogInterceptor.java:38) User-Agent: okhttp/4.9.0
04-11 10:12:13.160 16508 16746 D |MDM3.3-Log_LogInterceptor|: (LogInterceptor.java:38) Params:{"data":[{"extend":"[{\"isLock\":1,\"overdueDate\":1681119998000,\"amount\":100,\"afterDay\":0,\"beforeDay\":0}]","name":"labelPolicy","result":"1","value":1,"version":"1681179131703"}],"status":1,"taskId":43146}
04-11 10:12:13.161 16508 16746 D |MDM3.3-Log_LogInterceptor|: (LogInterceptor.java:38) Response Body:{"result":1000}
04-11 10:12:13.162 16508 16746 D |MDM3.3-Log_LogInterceptor|: (LogInterceptor.java:38) Time:221 ms
04-11 10:12:13.162 16508 16746 D |MDM3.3-Log_LogInterceptor|: (LogInterceptor.java:38) ----------Request End----------
04-11 10:13:13.407 16508 16587 D |MDM3.3-Log_HPushLog|: (EmqPushListener.java:29) pushNumber = 195
04-11 10:13:13.408 16508 16587 D |MDM3.3-Log_HPushLog|: (EmqPushListener.java:30) Emq onMessageReceived==> {"message":1,"taskId":"43147"}
04-11 10:13:13.408 16508 16587 D |MDM3.3-Log|: (EmqPushListener.java:45) type = 1; taskId = 43147
04-11 10:13:13.408 16508 16587 D |MDM3.3-Log|: (TaskWork.java:135) 请求任务接口--->43147
04-11 10:13:13.456 16508 16732 D |MDM3.3-Log|: (Worker.java:85) TaskWork trigger by push doWork------------------pool-21-thread-1
04-11 10:13:13.728 16508 16732 D |MDM3.3-Log_LogInterceptor|: (LogInterceptor.java:38) ----------Request Start----------
04-11 10:13:13.729 16508 16732 D |MDM3.3-Log_LogInterceptor|: (LogInterceptor.java:38) POST https://gsapi.lespay.mx/mdm-api/client/control
04-11 10:13:13.729 16508 16732 D |MDM3.3-Log_LogInterceptor|: (LogInterceptor.java:38) mdmHeader: {"projectCode":"lisheng@123_6jW0GM","appCode":231,"deviceId":"869937054018794","model":"CMA-LX3","brand":"HONOR"}
04-11 10:13:13.730 16508 16732 D |MDM3.3-Log_LogInterceptor|: (LogInterceptor.java:38) Content-Type: application/json; charset=utf-8
04-11 10:13:13.731 16508 16732 D |MDM3.3-Log_LogInterceptor|: (LogInterceptor.java:38) Content-Length: 31
04-11 10:13:13.733 16508 16732 D |MDM3.3-Log_LogInterceptor|: (LogInterceptor.java:38) User-Agent: okhttp/4.9.0
04-11 10:13:13.734 16508 16732 D |MDM3.3-Log_LogInterceptor|: (LogInterceptor.java:38) Params:{"taskId":43147,"intfType":"1"}
04-11 10:13:13.736 16508 16732 D |MDM3.3-Log_LogInterceptor|: (LogInterceptor.java:38) Response Body:{"result":1000,"data":[{"extend":[{"isLock":2,"overdueDate":1681119998000,"amount":100.0,"afterDay":0,"beforeDay":0}],"name":"labelPolicy","value":"1","version":1681179192849}],"version":43147,"taskId":43147}
04-11 10:13:13.737 16508 16732 D |MDM3.3-Log_LogInterceptor|: (LogInterceptor.java:38) Time:227 ms
04-11 10:13:13.738 16508 16732 D |MDM3.3-Log_LogInterceptor|: (LogInterceptor.java:38) ----------Request End----------
04-11 10:13:13.744 16508 16732 D |MDM3.3-Log|: (TaskWork.java:356) TaskWork response success,send live data message--
04-11 10:13:13.747 16508 16508 D |MDM3.3-Log|: (EcmService.java:254) get ACTION_DATA TaskResponse---------
04-11 10:13:13.748 16508 16508 D |MDM3.3-Log|: (CommandAdapter.java:68) executeAction ==> TaskResponse{result=1000, taskId=43147, md5='', data=[TaskData{name='labelPolicy', value=1, version=1681179192849, extend='[{"isLock":2,"overdueDate":1681119998000,"amount":100,"afterDay":0,"beforeDay":0}]'}], deviceData=null}
04-11 10:13:13.755 16508 16740 D |MDM3.3-Log|: (CommandAdapter.java:90) filter task true ->TaskData{name='labelPolicy', value=1, version=1681179192849, extend='[{"isLock":2,"overdueDate":1681119998000,"amount":100,"afterDay":0,"beforeDay":0}]'}
04-11 10:13:13.774 16508 16740 D |MDM3.3-Log|: (CommandAdapter.java:111) saveTasks==================43147
04-11 10:13:13.774 16508 16740 I |MDM3.3-Log|: (LespagoLockUtils.java:86) overdue lock
04-11 10:13:13.776 16508 16740 D |MDM3.3-Log|: (KioskUtils.java:59) execute lock(alertId->0,alertType->101)
04-11 10:13:13.782 16508 16568 D |MDM3.3-Log|: (KioskUtils.java:78) update==>LockRecord{id=1, alertId=0, alertType=101, lock=1, lockTime=1681179193779}
04-11 10:13:13.786 16508 16508 I |MDM3.3-Log|: (EcmService.java:238) empty report list-----
04-11 10:13:13.786 16508 16508 D |MDM3.3-Log|: (KioskUtils.java:91) lock execute----
04-11 10:13:13.786 16508 16508 D |MDM3.3-Log_GatewayImpl|: (DevicePolicyManagerGatewayImpl.java:1177) setKiosk(com.easycontrol.emm)
04-11 10:13:13.844 16508 16508 D |MDM3.3-Log_GatewayImpl|: (DevicePolicyManagerGatewayImpl.java:1202) setKiosk complete-----
04-11 10:13:13.848 16508 16508 D |MDM3.3-Log|: (EcmService.java:241) getReportTasks onChanged-----
04-11 10:13:13.854 16508 16508 I |MDM3.3-Log|: (EcmService.java:238) empty report list-----
04-11 10:13:13.887 16508 16508 D |MDM3.3-Log_GatewayImpl|: (DevicePolicyManagerGatewayImpl.java:853) setLockTaskFeatures(GLOBAL_ACTIONS|SYSTEM_INFO)
04-11 10:13:13.889 16508 30275 D |MDM3.3-Log|: (KioskActivity.java:100) LockRecord has data ,execute lock
04-11 10:13:13.904 16508 16508 D |MDM3.3-Log|: (KioskActivity.java:136) switchByCommand====>kiosk_mode_lock
04-11 10:13:13.905 16508 16508 D |MDM3.3-Log|: (KioskActivity.java:197) 切换fragment---com.easycontrol.dpc.kiosk.LockFragment
04-11 10:13:13.905 16508 16508 E |MDM3.3-Log|: (ActivityThread.java:4726) DeviceAdminReceiver#receive action:android.app.action.LOCK_TASK_ENTERING
04-11 10:13:13.942 16508 16508 D |MDM3.3-Log_GatewayImpl|: (DevicePolicyManagerGatewayImpl.java:807) setLockTaskPackages([com.easycontrol.emm, com.android.settings, com.android.phone, android, com.emoji.keyboard.touchpal.customization, com.android.incallui, com.android.server.telecom, com.android.dialer, com.android.htcdialer, com.google.android.dialer, com.asus.asusincallui, com.device.lespago])
04-11 10:13:14.028 16508 16885 D |MDM3.3-Log|: (ReportWork.java:57) report worker  doWork--------0
04-11 10:13:14.661 16508 16885 D |MDM3.3-Log_LogInterceptor|: (LogInterceptor.java:38) ----------Request Start----------
04-11 10:13:14.661 16508 16885 D |MDM3.3-Log_LogInterceptor|: (LogInterceptor.java:38) POST https://gsapi.lespay.mx/mdm-api/client/exeReport
04-11 10:13:14.661 16508 16885 D |MDM3.3-Log_LogInterceptor|: (LogInterceptor.java:38) mdmHeader: {"projectCode":"lisheng@123_6jW0GM","appCode":231,"deviceId":"869937054018794","model":"CMA-LX3","brand":"HONOR"}
04-11 10:13:14.662 16508 16885 D |MDM3.3-Log_LogInterceptor|: (LogInterceptor.java:38) Content-Type: application/json; charset=utf-8
04-11 10:13:14.662 16508 16885 D |MDM3.3-Log_LogInterceptor|: (LogInterceptor.java:38) Content-Length: 212
04-11 10:13:14.662 16508 16885 D |MDM3.3-Log_LogInterceptor|: (LogInterceptor.java:38) User-Agent: okhttp/4.9.0
04-11 10:13:14.662 16508 16885 D |MDM3.3-Log_LogInterceptor|: (LogInterceptor.java:38) Params:{"data":[{"extend":"[{\"isLock\":2,\"overdueDate\":1681119998000,\"amount\":100,\"afterDay\":0,\"beforeDay\":0}]","name":"labelPolicy","result":"1","value":1,"version":"1681179192849"}],"status":1,"taskId":43147}
04-11 10:13:14.662 16508 16885 D |MDM3.3-Log_LogInterceptor|: (LogInterceptor.java:38) Response Body:{"result":1000}
04-11 10:13:14.662 16508 16885 D |MDM3.3-Log_LogInterceptor|: (LogInterceptor.java:38) Time:632 ms
04-11 10:13:14.662 16508 16885 D |MDM3.3-Log_LogInterceptor|: (LogInterceptor.java:38) ----------Request End----------
04-11 10:14:14.233 16508 16587 D |MDM3.3-Log_HPushLog|: (EmqPushListener.java:29) pushNumber = 196
04-11 10:14:14.234 16508 16587 D |MDM3.3-Log_HPushLog|: (EmqPushListener.java:30) Emq onMessageReceived==> {"message":1,"taskId":"43148"}
04-11 10:14:14.234 16508 16587 D |MDM3.3-Log|: (EmqPushListener.java:45) type = 1; taskId = 43148
04-11 10:14:14.234 16508 16587 D |MDM3.3-Log|: (TaskWork.java:135) 请求任务接口--->43148
04-11 10:14:14.275 16508 17125 D |MDM3.3-Log|: (Worker.java:85) TaskWork trigger by push doWork------------------pool-21-thread-4
04-11 10:14:14.539 16508 17125 D |MDM3.3-Log_LogInterceptor|: (LogInterceptor.java:38) ----------Request Start----------
04-11 10:14:14.540 16508 17125 D |MDM3.3-Log_LogInterceptor|: (LogInterceptor.java:38) POST https://gsapi.lespay.mx/mdm-api/client/control
04-11 10:14:14.541 16508 17125 D |MDM3.3-Log_LogInterceptor|: (LogInterceptor.java:38) mdmHeader: {"projectCode":"lisheng@123_6jW0GM","appCode":231,"deviceId":"869937054018794","model":"CMA-LX3","brand":"HONOR"}
04-11 10:14:14.542 16508 17125 D |MDM3.3-Log_LogInterceptor|: (LogInterceptor.java:38) Content-Type: application/json; charset=utf-8
04-11 10:14:14.544 16508 17125 D |MDM3.3-Log_LogInterceptor|: (LogInterceptor.java:38) Content-Length: 31
